Component: Arm Compiler for Embedded 6.19 Tool: armlink [5e73cb00]

==============================================================================

Section Cross References

    stm32f4xx_nucleo_144.o(.ARM.exidx.text.BSP_GetVersion) refers to stm32f4xx_nucleo_144.o(.text.BSP_GetVersion) for [Anonymous Symbol]
    stm32f4xx_nucleo_144.o(.text.BSP_LED_Init) refers to stm32f4xx_hal_gpio.o(.text.HAL_GPIO_Init) for HAL_GPIO_Init
    stm32f4xx_nucleo_144.o(.text.BSP_LED_Init) refers to stm32f4xx_hal_gpio.o(.text.HAL_GPIO_WritePin) for HAL_GPIO_WritePin
    stm32f4xx_nucleo_144.o(.text.BSP_LED_Init) refers to stm32f4xx_nucleo_144.o(.rodata.GPIO_PIN) for GPIO_PIN
    stm32f4xx_nucleo_144.o(.text.BSP_LED_Init) refers to stm32f4xx_nucleo_144.o(.data.GPIO_PORT) for GPIO_PORT
    stm32f4xx_nucleo_144.o(.ARM.exidx.text.BSP_LED_Init) refers to stm32f4xx_nucleo_144.o(.text.BSP_LED_Init) for [Anonymous Symbol]
    stm32f4xx_nucleo_144.o(.text.BSP_LED_DeInit) refers to stm32f4xx_hal_gpio.o(.text.HAL_GPIO_WritePin) for HAL_GPIO_WritePin
    stm32f4xx_nucleo_144.o(.text.BSP_LED_DeInit) refers to stm32f4xx_hal_gpio.o(.text.HAL_GPIO_DeInit) for HAL_GPIO_DeInit
    stm32f4xx_nucleo_144.o(.text.BSP_LED_DeInit) refers to stm32f4xx_nucleo_144.o(.data.GPIO_PORT) for GPIO_PORT
    stm32f4xx_nucleo_144.o(.text.BSP_LED_DeInit) refers to stm32f4xx_nucleo_144.o(.rodata.GPIO_PIN) for GPIO_PIN
    stm32f4xx_nucleo_144.o(.ARM.exidx.text.BSP_LED_DeInit) refers to stm32f4xx_nucleo_144.o(.text.BSP_LED_DeInit) for [Anonymous Symbol]
    stm32f4xx_nucleo_144.o(.text.BSP_LED_On) refers to stm32f4xx_hal_gpio.o(.text.HAL_GPIO_WritePin) for HAL_GPIO_WritePin
    stm32f4xx_nucleo_144.o(.text.BSP_LED_On) refers to stm32f4xx_nucleo_144.o(.data.GPIO_PORT) for GPIO_PORT
    stm32f4xx_nucleo_144.o(.text.BSP_LED_On) refers to stm32f4xx_nucleo_144.o(.rodata.GPIO_PIN) for GPIO_PIN
    stm32f4xx_nucleo_144.o(.ARM.exidx.text.BSP_LED_On) refers to stm32f4xx_nucleo_144.o(.text.BSP_LED_On) for [Anonymous Symbol]
    stm32f4xx_nucleo_144.o(.text.BSP_LED_Off) refers to stm32f4xx_hal_gpio.o(.text.HAL_GPIO_WritePin) for HAL_GPIO_WritePin
    stm32f4xx_nucleo_144.o(.text.BSP_LED_Off) refers to stm32f4xx_nucleo_144.o(.data.GPIO_PORT) for GPIO_PORT
    stm32f4xx_nucleo_144.o(.text.BSP_LED_Off) refers to stm32f4xx_nucleo_144.o(.rodata.GPIO_PIN) for GPIO_PIN
    stm32f4xx_nucleo_144.o(.ARM.exidx.text.BSP_LED_Off) refers to stm32f4xx_nucleo_144.o(.text.BSP_LED_Off) for [Anonymous Symbol]
    stm32f4xx_nucleo_144.o(.text.BSP_LED_Toggle) refers to stm32f4xx_hal_gpio.o(.text.HAL_GPIO_TogglePin) for HAL_GPIO_TogglePin
    stm32f4xx_nucleo_144.o(.text.BSP_LED_Toggle) refers to stm32f4xx_nucleo_144.o(.data.GPIO_PORT) for GPIO_PORT
    stm32f4xx_nucleo_144.o(.text.BSP_LED_Toggle) refers to stm32f4xx_nucleo_144.o(.rodata.GPIO_PIN) for GPIO_PIN
    stm32f4xx_nucleo_144.o(.ARM.exidx.text.BSP_LED_Toggle) refers to stm32f4xx_nucleo_144.o(.text.BSP_LED_Toggle) for [Anonymous Symbol]
    stm32f4xx_nucleo_144.o(.text.BSP_PB_Init) refers to stm32f4xx_hal_gpio.o(.text.HAL_GPIO_Init) for HAL_GPIO_Init
    stm32f4xx_nucleo_144.o(.text.BSP_PB_Init) refers to stm32f4xx_hal_cortex.o(.text.HAL_NVIC_SetPriority) for HAL_NVIC_SetPriority
    stm32f4xx_nucleo_144.o(.text.BSP_PB_Init) refers to stm32f4xx_hal_cortex.o(.text.HAL_NVIC_EnableIRQ) for HAL_NVIC_EnableIRQ
    stm32f4xx_nucleo_144.o(.text.BSP_PB_Init) refers to stm32f4xx_nucleo_144.o(.data.BUTTON_PORT) for BUTTON_PORT
    stm32f4xx_nucleo_144.o(.ARM.exidx.text.BSP_PB_Init) refers to stm32f4xx_nucleo_144.o(.text.BSP_PB_Init) for [Anonymous Symbol]
    stm32f4xx_nucleo_144.o(.text.BSP_PB_DeInit) refers to stm32f4xx_hal_cortex.o(.text.HAL_NVIC_DisableIRQ) for HAL_NVIC_DisableIRQ
    stm32f4xx_nucleo_144.o(.text.BSP_PB_DeInit) refers to stm32f4xx_hal_gpio.o(.text.HAL_GPIO_DeInit) for HAL_GPIO_DeInit
    stm32f4xx_nucleo_144.o(.text.BSP_PB_DeInit) refers to stm32f4xx_nucleo_144.o(.data.BUTTON_PORT) for BUTTON_PORT
    stm32f4xx_nucleo_144.o(.ARM.exidx.text.BSP_PB_DeInit) refers to stm32f4xx_nucleo_144.o(.text.BSP_PB_DeInit) for [Anonymous Symbol]
    stm32f4xx_nucleo_144.o(.text.BSP_PB_GetState) refers to stm32f4xx_hal_gpio.o(.text.HAL_GPIO_ReadPin) for HAL_GPIO_ReadPin
    stm32f4xx_nucleo_144.o(.text.BSP_PB_GetState) refers to stm32f4xx_nucleo_144.o(.data.BUTTON_PORT) for BUTTON_PORT
    stm32f4xx_nucleo_144.o(.ARM.exidx.text.BSP_PB_GetState) refers to stm32f4xx_nucleo_144.o(.text.BSP_PB_GetState) for [Anonymous Symbol]
    stm32f4xx_nucleo_144.o(.text.SD_IO_Init) refers to stm32f4xx_hal_gpio.o(.text.HAL_GPIO_Init) for HAL_GPIO_Init
    stm32f4xx_nucleo_144.o(.text.SD_IO_Init) refers to stm32f4xx_nucleo_144.o(.text.OUTLINED_FUNCTION_0) for OUTLINED_FUNCTION_0
    stm32f4xx_nucleo_144.o(.text.SD_IO_Init) refers to stm32f4xx_nucleo_144.o(.text.SPIx_Init) for SPIx_Init
    stm32f4xx_nucleo_144.o(.text.SD_IO_Init) refers to stm32f4xx_nucleo_144.o(.text.SD_IO_WriteByte) for SD_IO_WriteByte
[...]
    [Anonymous Symbol]                       0x08001ce6   Section        0  stm32f4xx_it.o(.text.NMI_Handler)
    OUTLINED_FUNCTION_0                      0x08001ce9   Thumb Code     8  stm32f4xx_hal_pwr_ex.o(.text.OUTLINED_FUNCTION_0)
    [Anonymous Symbol]                       0x08001ce8   Section        0  stm32f4xx_hal_pwr_ex.o(.text.OUTLINED_FUNCTION_0)
    OUTLINED_FUNCTION_0                      0x08001cf1   Thumb Code    12  stm32f4xx_hal_rcc.o(.text.OUTLINED_FUNCTION_0)
    [Anonymous Symbol]                       0x08001cf0   Section        0  stm32f4xx_hal_rcc.o(.text.OUTLINED_FUNCTION_0)
    OUTLINED_FUNCTION_0                      0x08001cfd   Thumb Code    12  lcd_touch.o(.text.OUTLINED_FUNCTION_0)
    [Anonymous Symbol]                       0x08001cfc   Section        0  lcd_touch.o(.text.OUTLINED_FUNCTION_0)
    OUTLINED_FUNCTION_0                      0x08001d09   Thumb Code    10  lcd_gpio.o(.text.OUTLINED_FUNCTION_0)
    [Anonymous Symbol]                       0x08001d08   Section        0  lcd_gpio.o(.text.OUTLINED_FUNCTION_0)
    OUTLINED_FUNCTION_0                      0x08001d13   Thumb Code    14  lcd_debug.o(.text.OUTLINED_FUNCTION_0)
    [Anonymous Symbol]                       0x08001d12   Section        0  lcd_debug.o(.text.OUTLINED_FUNCTION_0)
    OUTLINED_FUNCTION_0                      0x08001d21   Thumb Code    12  init.o(.text.OUTLINED_FUNCTION_0)
    [Anonymous Symbol]                       0x08001d20   Section        0  init.o(.text.OUTLINED_FUNCTION_0)
    OUTLINED_FUNCTION_0                      0x08001d2d   Thumb Code    18  lcd.o(.text.OUTLINED_FUNCTION_0)
    [Anonymous Symbol]                       0x08001d2c   Section        0  lcd.o(.text.OUTLINED_FUNCTION_0)
    OUTLINED_FUNCTION_0                      0x08001d3f   Thumb Code    14  usart_stm32f4xx.o(.text.OUTLINED_FUNCTION_0)
    [Anonymous Symbol]                       0x08001d3e   Section        0  usart_stm32f4xx.o(.text.OUTLINED_FUNCTION_0)
    OUTLINED_FUNCTION_1                      0x08001d4d   Thumb Code    14  stm32f4xx_hal_cortex.o(.text.OUTLINED_FUNCTION_1)
    [Anonymous Symbol]                       0x08001d4c   Section        0  stm32f4xx_hal_cortex.o(.text.OUTLINED_FUNCTION_1)
    OUTLINED_FUNCTION_1                      0x08001d5b   Thumb Code    12  lcd_touch.o(.text.OUTLINED_FUNCTION_1)
    [Anonymous Symbol]                       0x08001d5a   Section        0  lcd_touch.o(.text.OUTLINED_FUNCTION_1)
    OUTLINED_FUNCTION_1                      0x08001d67   Thumb Code    12  init.o(.text.OUTLINED_FUNCTION_1)
    [Anonymous Symbol]                       0x08001d66   Section        0  init.o(.text.OUTLINED_FUNCTION_1)
    OUTLINED_FUNCTION_1                      0x08001d73   Thumb Code    10  lcd.o(.text.OUTLINED_FUNCTION_1)
    [Anonymous Symbol]                       0x08001d72   Section        0  lcd.o(.text.OUTLINED_FUNCTION_1)
    OUTLINED_FUNCTION_10                     0x08001d7d   Thumb Code     6  stm32f4xx_hal_tim.o(.text.OUTLINED_FUNCTION_10)
    [Anonymous Symbol]                       0x08001d7c   Section        0  stm32f4xx_hal_tim.o(.text.OUTLINED_FUNCTION_10)
    OUTLINED_FUNCTION_11                     0x08001d83   Thumb Code     8  stm32f4xx_hal_tim.o(.text.OUTLINED_FUNCTION_11)
    [Anonymous Symbol]                       0x08001d82   Section        0  stm32f4xx_hal_tim.o(.text.OUTLINED_FUNCTION_11)
    OUTLINED_FUNCTION_14                     0x08001d8b   Thumb Code    10  stm32f4xx_hal_tim.o(.text.OUTLINED_FUNCTION_14)
    [Anonymous Symbol]                       0x08001d8a   Section        0  stm32f4xx_hal_tim.o(.text.OUTLINED_FUNCTION_14)
    OUTLINED_FUNCTION_2                      0x08001d95   Thumb Code    10  stm32f4xx_hal_rcc.o(.text.OUTLINED_FUNCTION_2)
    [Anonymous Symbol]                       0x08001d94   Section        0  stm32f4xx_hal_rcc.o(.text.OUTLINED_FUNCTION_2)
    OUTLINED_FUNCTION_2                      0x08001d9f   Thumb Code     8  lcd_touch.o(.text.OUTLINED_FUNCTION_2)
    [Anonymous Symbol]                       0x08001d9e   Section        0  lcd_touch.o(.text.OUTLINED_FUNCTION_2)
    OUTLINED_FUNCTION_21                     0x08001da7   Thumb Code    10  stm32f4xx_hal_tim.o(.text.OUTLINED_FUNCTION_21)
    [Anonymous Symbol]                       0x08001da6   Section        0  stm32f4xx_hal_tim.o(.text.OUTLINED_FUNCTION_21)
    OUTLINED_FUNCTION_29                     0x08001db1   Thumb Code    14  stm32f4xx_hal_tim.o(.text.OUTLINED_FUNCTION_29)
    [Anonymous Symbol]                       0x08001db0   Section        0  stm32f4xx_hal_tim.o(.text.OUTLINED_FUNCTION_29)
    OUTLINED_FUNCTION_3                      0x08001dbf   Thumb Code    10  lcd_touch.o(.text.OUTLINED_FUNCTION_3)
    [Anonymous Symbol]                       0x08001dbe   Section        0  lcd_touch.o(.text.OUTLINED_FUNCTION_3)
    OUTLINED_FUNCTION_3                      0x08001dc9   Thumb Code     6  lcd_demos.o(.text.OUTLINED_FUNCTION_3)
    [Anonymous Symbol]                       0x08001dc8   Section        0  lcd_demos.o(.text.OUTLINED_FUNCTION_3)
    OUTLINED_FUNCTION_34                     0x08001dcf   Thumb Code    20  stm32f4xx_hal_tim.o(.text.OUTLINED_FUNCTION_34)
    [Anonymous Symbol]                       0x08001dce   Section        0  stm32f4xx_hal_tim.o(.text.OUTLINED_FUNCTION_34)
    OUTLINED_FUNCTION_4                      0x08001de3   Thumb Code    10  lcd_touch.o(.text.OUTLINED_FUNCTION_4)
    [Anonymous Symbol]                       0x08001de2   Section        0  lcd_touch.o(.text.OUTLINED_FUNCTION_4)
    OUTLINED_FUNCTION_42                     0x08001ded   Thumb Code    10  stm32f4xx_hal_tim.o(.text.OUTLINED_FUNCTION_42)
    [Anonymous Symbol]                       0x08001dec   Section        0  stm32f4xx_hal_tim.o(.text.OUTLINED_FUNCTION_42)
    OUTLINED_FUNCTION_5                      0x08001df7   Thumb Code     8  stm32f4xx_hal_tim.o(.text.OUTLINED_FUNCTION_5)
    [Anonymous Symbol]                       0x08001df6   Section        0  stm32f4xx_hal_tim.o(.text.OUTLINED_FUNCTION_5)
    OUTLINED_FUNCTION_5                      0x08001dff   Thumb Code    10  lcd_demos.o(.text.OUTLINED_FUNCTION_5)
    [Anonymous Symbol]                       0x08001dfe   Section        0  lcd_demos.o(.text.OUTLINED_FUNCTION_5)
    OUTLINED_FUNCTION_7                      0x08001e09   Thumb Code    14  stm32f4xx_hal_tim.o(.text.OUTLINED_FUNCTION_7)
    [Anonymous Symbol]                       0x08001e08   Section        0  stm32f4xx_hal_tim.o(.text.OUTLINED_FUNCTION_7)
    OUTLINED_FUNCTION_8                      0x08001e17   Thumb Code    10  stm32f4xx_hal_tim.o(.text.OUTLINED_FUNCTION_8)
    [Anonymous Symbol]                       0x08001e16   Section        0  stm32f4xx_hal_tim.o(.text.OUTLINED_FUNCTION_8)
    OUTLINED_FUNCTION_9                      0x08001e21   Thumb Code    10  stm32f4xx_hal_tim.o(.text.OUTLINED_FUNCTION_9)
    [Anonymous Symbol]                       0x08001e20   Section        0  stm32f4xx_hal_tim.o(.text.OUTLINED_FUNCTION_9)
    [Anonymous Symbol]                       0x08001e2c   Section        0  lcd_tim.o(.text.PWM_SetValue)
    [Anonymous Symbol]                       0x08001e54   Section        0  stm32f4xx_it.o(.text.PendSV_Handler)
    [Anonymous Symbol]                       0x08001e56   Section        0  lcd_spi.o(.text.SPI4W_Read_Byte)
    [Anonymous Symbol]                       0x08001e5c   Section        0  lcd_spi.o(.text.SPI4W_Write_Byte)
    SPIInitDevWithoutHAL                     0x08001e85   Thumb Code    44  lcd_spi.o(.text.SPIInitDevWithoutHAL)
    [Anonymous Symbol]                       0x08001e84   Section        0  lcd_spi.o(.text.SPIInitDevWithoutHAL)
    __arm_cp.1_0                             0x08001eb0   Number         4  lcd_spi.o(.text.SPIInitDevWithoutHAL)
    [Anonymous Symbol]                       0x08001eb4   Section        0  lcd_spi.o(.text.SPIinit)
    __arm_cp.0_0                             0x08001f4c   Number         4  lcd_spi.o(.text.SPIinit)
    __arm_cp.0_1                             0x08001f50   Number         4  lcd_spi.o(.text.SPIinit)
    [Anonymous Symbol]                       0x08001f54   Section        0  lcd_spi.o(.text.SPIsetLCDSpeed)
    [Anonymous Symbol]                       0x08001f5c   Section        0  lcd_spi.o(.text.SPIsetTPSpeed)
    __arm_cp.2_0                             0x08001f80   Number         4  lcd_spi.o(.text.SPIsetTPSpeed)
    __arm_cp.2_1                             0x08001f84   Number         4  lcd_spi.o(.text.SPIsetTPSpeed)
    [Anonymous Symbol]                       0x08001f88   Section        0  stm32f4xx_it.o(.text.SVC_Handler)
    [Anonymous Symbol]                       0x08001f8a   Section        0  stm32f4xx_it.o(.text.SysTick_Handler)
    [Anonymous Symbol]                       0x08001f90   Section        0  system_stm32f4xx.o(.text.SystemInit)
    __arm_cp.0_0                             0x08001fcc   Number         4  system_stm32f4xx.o(.text.SystemInit)
    __arm_cp.0_1                             0x08001fd0   Number         4  system_stm32f4xx.o(.text.SystemInit)
    __arm_cp.0_2                             0x08001fd4   Number         4  system_stm32f4xx.o(.text.SystemInit)
    __arm_cp.0_3                             0x08001fd8   Number         4  system_stm32f4xx.o(.text.SystemInit)
    [Anonymous Symbol]                       0x08001fdc   Section        0  lcd_tim.o(.text.TIM4_Init)
    __arm_cp.0_0                             0x08002068   Number         4  lcd_tim.o(.text.TIM4_Init)
    __arm_cp.0_2                             0x0800206c   Number         4  lcd_tim.o(.text.TIM4_Init)
    [Anonymous Symbol]                       0x08002070   Section        0  stm32f4xx_hal_tim.o(.text.TIM_Base_SetConfig)
    __arm_cp.2_0                             0x0800211c   Number         4  stm32f4xx_hal_tim.o(.text.TIM_Base_SetConfig)
    __arm_cp.2_1                             0x08002120   Number         4  stm32f4xx_hal_tim.o(.text.TIM_Base_SetConfig)
    __arm_cp.2_2                             0x08002124   Number         4  stm32f4xx_hal_tim.o(.text.TIM_Base_SetConfig)
    __arm_cp.2_4                             0x08002128   Number         4  stm32f4xx_hal_tim.o(.text.TIM_Base_SetConfig)
    __arm_cp.2_5                             0x0800212c   Number         4  stm32f4xx_hal_tim.o(.text.TIM_Base_SetConfig)
    __arm_cp.2_6                             0x08002130   Number         4  stm32f4xx_hal_tim.o(.text.TIM_Base_SetConfig)
    __arm_cp.2_7                             0x08002134   Number         4  stm32f4xx_hal_tim.o(.text.TIM_Base_SetConfig)
    __arm_cp.2_8                             0x08002138   Number         4  stm32f4xx_hal_tim.o(.text.TIM_Base_SetConfig)
    __arm_cp.2_9                             0x0800213c   Number         4  stm32f4xx_hal_tim.o(.text.TIM_Base_SetConfig)
    __arm_cp.2_10                            0x08002140   Number         4  stm32f4xx_hal_tim.o(.text.TIM_Base_SetConfig)
    [Anonymous Symbol]                       0x08002144   Section        0  stm32f4xx_hal_tim.o(.text.TIM_CCxChannelCmd)
    TIM_OC1_SetConfig                        0x08002165   Thumb Code    96  stm32f4xx_hal_tim.o(.text.TIM_OC1_SetConfig)
    [Anonymous Symbol]                       0x08002164   Section        0  stm32f4xx_hal_tim.o(.text.TIM_OC1_SetConfig)
    [Anonymous Symbol]                       0x080021c4   Section        0  stm32f4xx_hal_tim.o(.text.TIM_OC2_SetConfig)
    TIM_OC3_SetConfig                        0x08002221   Thumb Code    92  stm32f4xx_hal_tim.o(.text.TIM_OC3_SetConfig)
    [Anonymous Symbol]                       0x08002220   Section        0  stm32f4xx_hal_tim.o(.text.TIM_OC3_SetConfig)
    TIM_OC4_SetConfig                        0x0800227d   Thumb Code    72  stm32f4xx_hal_tim.o(.text.TIM_OC4_SetConfig)
    [Anonymous Symbol]                       0x0800227c   Section        0  stm32f4xx_hal_tim.o(.text.TIM_OC4_SetConfig)
    __arm_cp.77_0                            0x080022c4   Number         4  stm32f4xx_hal_tim.o(.text.TIM_OC4_SetConfig)
    [Anonymous Symbol]                       0x080022c8   Section        0  lcd_touch.o(.text.TP_Adjust)
    __arm_cp.1_36                            0x08002640   Number         4  lcd_touch.o(.text.TP_Adjust)
    __arm_cp.1_37                            0x08002644   Number         4  lcd_touch.o(.text.TP_Adjust)
    __arm_cp.1_38                            0x08002648   Number         4  lcd_touch.o(.text.TP_Adjust)
    __arm_cp.1_2                             0x08002678   Number         4  lcd_touch.o(.text.TP_Adjust)
    __arm_cp.1_3                             0x0800267c   Number         4  lcd_touch.o(.text.TP_Adjust)
    __arm_cp.1_4                             0x08002680   Number         4  lcd_touch.o(.text.TP_Adjust)
    __arm_cp.1_8                             0x080026d0   Number         4  lcd_touch.o(.text.TP_Adjust)
    __arm_cp.1_16                            0x080026f4   Number         4  lcd_touch.o(.text.TP_Adjust)
    __arm_cp.1_17                            0x080026f8   Number         4  lcd_touch.o(.text.TP_Adjust)
    __arm_cp.1_18                            0x080026fc   Number         4  lcd_touch.o(.text.TP_Adjust)
    __arm_cp.1_19                            0x08002700   Number         4  lcd_touch.o(.text.TP_Adjust)
    __arm_cp.1_21                            0x08002708   Number         4  lcd_touch.o(.text.TP_Adjust)
    __arm_cp.1_23                            0x08002710   Number         4  lcd_touch.o(.text.TP_Adjust)
    __arm_cp.1_25                            0x08002718   Number         4  lcd_touch.o(.text.TP_Adjust)
    __arm_cp.1_27                            0x08002720   Number         4  lcd_touch.o(.text.TP_Adjust)
    __arm_cp.1_29                            0x08002728   Number         4  lcd_touch.o(.text.TP_Adjust)
    __arm_cp.1_31                            0x08002730   Number         4  lcd_touch.o(.text.TP_Adjust)
    __arm_cp.1_33                            0x08002738   Number         4  lcd_touch.o(.text.TP_Adjust)
    __arm_cp.1_35                            0x08002740   Number         4  lcd_touch.o(.text.TP_Adjust)
    [Anonymous Symbol]                       0x08002744   Section        0  lcd_demos.o(.text.TP_Dialog)
    __arm_cp.1_0                             0x080027b8   Number         4  lcd_demos.o(.text.TP_Dialog)
    __arm_cp.1_2                             0x080027c4   Number         4  lcd_demos.o(.text.TP_Dialog)
    __arm_cp.1_4                             0x080027cc   Number         4  lcd_demos.o(.text.TP_Dialog)
    __arm_cp.1_5                             0x080027d0   Number         4  lcd_demos.o(.text.TP_Dialog)
    __arm_cp.1_6                             0x080027d4   Number         4  lcd_demos.o(.text.TP_Dialog)
    __arm_cp.1_7                             0x080027d8   Number         4  lcd_demos.o(.text.TP_Dialog)
    __arm_cp.1_8                             0x080027dc   Number         4  lcd_demos.o(.text.TP_Dialog)
    __arm_cp.1_9                             0x080027e0   Number         4  lcd_demos.o(.text.TP_Dialog)
    __arm_cp.1_10                            0x080027e4   Number         4  lcd_demos.o(.text.TP_Dialog)
    __arm_cp.1_11                            0x080027e8   Number         4  lcd_demos.o(.text.TP_Dialog)
    __arm_cp.1_12                            0x080027ec   Number         4  lcd_demos.o(.text.TP_Dialog)
    __arm_cp.1_13                            0x080027f0   Number         4  lcd_demos.o(.text.TP_Dialog)
    __arm_cp.1_14                            0x080027f4   Number         4  lcd_demos.o(.text.TP_Dialog)
    __arm_cp.1_15                            0x080027f8   Number         4  lcd_demos.o(.text.TP_Dialog)
    [Anonymous Symbol]                       0x080027fc   Section        0  lcd_demos.o(.text.TP_DrawBoard)
    __arm_cp.2_0                             0x080028f0   Number         4  lcd_demos.o(.text.TP_DrawBoard)
    __arm_cp.2_1                             0x080028f4   Number         4  lcd_demos.o(.text.TP_DrawBoard)
    __arm_cp.2_2                             0x080028f8   Number         4  lcd_demos.o(.text.TP_DrawBoard)
    TP_DrawCross                             0x080028fd   Thumb Code    36  lcd_touch.o(.text.TP_DrawCross)
    [Anonymous Symbol]                       0x080028fc   Section        0  lcd_touch.o(.text.TP_DrawCross)
    __arm_cp.2_0                             0x08002920   Number         4  lcd_touch.o(.text.TP_DrawCross)
    [Anonymous Symbol]                       0x08002924   Section        0  lcd_touch.o(.text.TP_InitBasic)
    __arm_cp.4_2                             0x0800294c   Number         4  lcd_touch.o(.text.TP_InitBasic)
    __arm_cp.4_3                             0x08002950   Number         4  lcd_touch.o(.text.TP_InitBasic)
    __arm_cp.4_4                             0x08002954   Number         4  lcd_touch.o(.text.TP_InitBasic)
    TP_Read_ADC_Average                      0x08002959   Thumb Code   160  lcd_touch.o(.text.TP_Read_ADC_Average)
    [Anonymous Symbol]                       0x08002958   Section        0  lcd_touch.o(.text.TP_Read_ADC_Average)
    __arm_cp.7_0                             0x080029f8   Number         4  lcd_touch.o(.text.TP_Read_ADC_Average)
    TP_Read_ADC_XY                           0x080029fd   Thumb Code    24  lcd_touch.o(.text.TP_Read_ADC_XY)
    [Anonymous Symbol]                       0x080029fc   Section        0  lcd_touch.o(.text.TP_Read_ADC_XY)
    [Anonymous Symbol]                       0x08002a14   Section        0  lcd_touch.o(.text.TP_get)
    [Anonymous Symbol]                       0x08002a1c   Section        0  lcd_touch.o(.text.TP_pressed)
    __arm_cp.3_0                             0x08002b20   Number         4  lcd_touch.o(.text.TP_pressed)
    __arm_cp.3_1                             0x08002b24   Number         4  lcd_touch.o(.text.TP_pressed)
    USART3_Control                           0x08002b31   Thumb Code     4  usart_stm32f4xx.o(.text.USART3_Control)
    [Anonymous Symbol]                       0x08002b30   Section        0  usart_stm32f4xx.o(.text.USART3_Control)
    USART3_GetCapabilities                   0x08002b35   Thumb Code     6  usart_stm32f4xx.o(.text.USART3_GetCapabilities)
    [Anonymous Symbol]                       0x08002b34   Section        0  usart_stm32f4xx.o(.text.USART3_GetCapabilities)
    USART3_GetModemStatus                    0x08002b3b   Thumb Code     4  usart_stm32f4xx.o(.text.USART3_GetModemStatus)
    [Anonymous Symbol]                       0x08002b3a   Section        0  usart_stm32f4xx.o(.text.USART3_GetModemStatus)
    USART3_GetRxCount                        0x08002b41   Thumb Code     8  usart_stm32f4xx.o(.text.USART3_GetRxCount)
    [Anonymous Symbol]                       0x08002b40   Section        0  usart_stm32f4xx.o(.text.USART3_GetRxCount)
    USART3_GetStatus                         0x08002b49   Thumb Code    92  usart_stm32f4xx.o(.text.USART3_GetStatus)
    [Anonymous Symbol]                       0x08002b48   Section        0  usart_stm32f4xx.o(.text.USART3_GetStatus)
    __arm_cp.13_1                            0x08002ba4   Number         4  usart_stm32f4xx.o(.text.USART3_GetStatus)
    USART3_GetTxCount                        0x08002ba9   Thumb Code     8  usart_stm32f4xx.o(.text.USART3_GetTxCount)
    [Anonymous Symbol]                       0x08002ba8   Section        0  usart_stm32f4xx.o(.text.USART3_GetTxCount)
    [Anonymous Symbol]                       0x08002bb0   Section        0  usart_stm32f4xx.o(.text.USART3_IRQHandler)
    __arm_cp.1_0                             0x08002bb8   Number         4  usart_stm32f4xx.o(.text.USART3_IRQHandler)
    USART3_Initialize                        0x08002bbd   Thumb Code    56  usart_stm32f4xx.o(.text.USART3_Initialize)
    [Anonymous Symbol]                       0x08002bbc   Section        0  usart_stm32f4xx.o(.text.USART3_Initialize)
    USART3_PowerControl                      0x08002bf5   Thumb Code     4  usart_stm32f4xx.o(.text.USART3_PowerControl)
    [Anonymous Symbol]                       0x08002bf4   Section        0  usart_stm32f4xx.o(.text.USART3_PowerControl)
    USART3_Receive                           0x08002bf9   Thumb Code     4  usart_stm32f4xx.o(.text.USART3_Receive)
    [Anonymous Symbol]                       0x08002bf8   Section        0  usart_stm32f4xx.o(.text.USART3_Receive)
    USART3_Send                              0x08002bfd   Thumb Code     4  usart_stm32f4xx.o(.text.USART3_Send)
    [Anonymous Symbol]                       0x08002bfc   Section        0  usart_stm32f4xx.o(.text.USART3_Send)
    USART3_SetModemControl                   0x08002c01   Thumb Code    52  usart_stm32f4xx.o(.text.USART3_SetModemControl)
    [Anonymous Symbol]                       0x08002c00   Section        0  usart_stm32f4xx.o(.text.USART3_SetModemControl)
    USART3_Transfer                          0x08002c35   Thumb Code    64  usart_stm32f4xx.o(.text.USART3_Transfer)
    [Anonymous Symbol]                       0x08002c34   Section        0  usart_stm32f4xx.o(.text.USART3_Transfer)
    USART3_Uninitialize                      0x08002c75   Thumb Code    48  usart_stm32f4xx.o(.text.USART3_Uninitialize)
    [Anonymous Symbol]                       0x08002c74   Section        0  usart_stm32f4xx.o(.text.USART3_Uninitialize)
    __arm_cp.5_0                             0x08002ca4   Number         4  usart_stm32f4xx.o(.text.USART3_Uninitialize)
    __arm_cp.5_1                             0x08002ca8   Number         4  usart_stm32f4xx.o(.text.USART3_Uninitialize)
    USART_Control                            0x08002cad   Thumb Code  1328  usart_stm32f4xx.o(.text.USART_Control)
    [Anonymous Symbol]                       0x08002cac   Section        0  usart_stm32f4xx.o(.text.USART_Control)
    __arm_cp.20_9                            0x08003050   Number         4  usart_stm32f4xx.o(.text.USART_Control)
    __arm_cp.20_1                            0x080031dc   Number         4  usart_stm32f4xx.o(.text.USART_Control)
    __arm_cp.20_3                            0x080031e0   Number         4  usart_stm32f4xx.o(.text.USART_Control)
    __arm_cp.20_4                            0x080031e4   Number         4  usart_stm32f4xx.o(.text.USART_Control)
    [Anonymous Symbol]                       0x080031e8   Section        0  usart_stm32f4xx.o(.text.USART_IRQHandler)
    USART_PowerControl                       0x080033e9   Thumb Code   176  usart_stm32f4xx.o(.text.USART_PowerControl)
    [Anonymous Symbol]                       0x080033e8   Section        0  usart_stm32f4xx.o(.text.USART_PowerControl)
    __arm_cp.17_1                            0x08003498   Number         4  usart_stm32f4xx.o(.text.USART_PowerControl)
    __arm_cp.17_2                            0x0800349c   Number         4  usart_stm32f4xx.o(.text.USART_PowerControl)
    USART_Receive                            0x080034a1   Thumb Code   104  usart_stm32f4xx.o(.text.USART_Receive)
    [Anonymous Symbol]                       0x080034a0   Section        0  usart_stm32f4xx.o(.text.USART_Receive)
    USART_Send                               0x08003509   Thumb Code    80  usart_stm32f4xx.o(.text.USART_Send)
    [Anonymous Symbol]                       0x08003508   Section        0  usart_stm32f4xx.o(.text.USART_Send)
    __arm_cp.18_0                            0x08003558   Number         4  usart_stm32f4xx.o(.text.USART_Send)
    __arm_cp.18_1                            0x0800355c   Number         4  usart_stm32f4xx.o(.text.USART_Send)
    USARTx_GetVersion                        0x08003561   Thumb Code     4  usart_stm32f4xx.o(.text.USARTx_GetVersion)
    [Anonymous Symbol]                       0x08003560   Section        0  usart_stm32f4xx.o(.text.USARTx_GetVersion)
    __arm_cp.2_0                             0x08003564   Number         4  usart_stm32f4xx.o(.text.USARTx_GetVersion)
    [Anonymous Symbol]                       0x08003568   Section        0  stm32f4xx_it.o(.text.UsageFault_Handler)
    [Anonymous Symbol]                       0x0800356c   Section        0  fontsflash.o(.text.checkVersionFlashFonts)
    __arm_cp.0_0                             0x08003580   Number         4  fontsflash.o(.text.checkVersionFlashFonts)
    check_SPI_SR                             0x08003585   Thumb Code    32  lcd_spi.o(.text.check_SPI_SR)
    [Anonymous Symbol]                       0x08003584   Section        0  lcd_spi.o(.text.check_SPI_SR)
    __arm_cp.5_0                             0x080035a4   Number         4  lcd_spi.o(.text.check_SPI_SR)
    __arm_cp.5_1                             0x080035a8   Number         4  lcd_spi.o(.text.check_SPI_SR)
    [Anonymous Symbol]                       0x080035ac   Section        0  delay.o(.text.delay)
    [Anonymous Symbol]                       0x080035b6   Section        0  lcd_touch.o(.text.distance)
    [Anonymous Symbol]                       0x080035e4   Section        0  retarget_io.o(.text.fputc)
    __arm_cp.0_0                             0x080035f4   Number         4  retarget_io.o(.text.fputc)
    [Anonymous Symbol]                       0x080035f8   Section        0  init.o(.text.initITSboard)
    __arm_cp.0_0                             0x0800372c   Number         4  init.o(.text.initITSboard)
    __arm_cp.0_1                             0x08003730   Number         4  init.o(.text.initITSboard)
    __arm_cp.0_2                             0x08003734   Number         4  init.o(.text.initITSboard)
    [Anonymous Symbol]                       0x08003738   Section        0  lcd_tools.o(.text.itoa)
    [Anonymous Symbol]                       0x080037b4   Section        0  lcd.o(.text.lcdPrintS)
    __arm_cp.0_0                             0x0800385c   Number         4  lcd.o(.text.lcdPrintS)
    [Anonymous Symbol]                       0x08003860   Section        0  main.o(.text.main)
    [Anonymous Symbol]                       0x080038b4   Section        0  lcd_debug.o(.text.printDebugMsg)
    __arm_cp.0_1                             0x08003930   Number         4  lcd_debug.o(.text.printDebugMsg)
    __arm_cp.0_2                             0x08003934   Number         4  lcd_debug.o(.text.printDebugMsg)
    [Anonymous Symbol]                       0x08003940   Section        0  stdinout_usart.o(.text.stdinout_init)
    [Anonymous Symbol]                       0x08003980   Section        0  stdinout_usart.o(.text.stdout_putchar)
    __arm_cp.2_0                             0x080039a8   Number         4  stdinout_usart.o(.text.stdout_putchar)
    stringCopy                               0x080039ad   Thumb Code    22  lcd.o(.text.stringCopy)
    [Anonymous Symbol]                       0x080039ac   Section        0  lcd.o(.text.stringCopy)
    i.__0printf                              0x080039c4   Section        0  printfa.o(i.__0printf)
    i.__hardfp_sqrt                          0x080039e4   Section        0  sqrt.o(i.__hardfp_sqrt)
    i.__scatterload_copy                     0x08003a5e   Section       14  handlers.o(i.__scatterload_copy)
    i.__scatterload_null                     0x08003a6c   Section        2  handlers.o(i.__scatterload_null)
    i.__scatterload_zeroinit                 0x08003a6e   Section       14  handlers.o(i.__scatterload_zeroinit)
    i.__set_errno                            0x08003a7c   Section        0  errno.o(i.__set_errno)
    _fp_digits                               0x08003a89   Thumb Code   366  printfa.o(i._fp_digits)
    i._fp_digits                             0x08003a88   Section        0  printfa.o(i._fp_digits)
    _printf_core                             0x08003c0d   Thumb Code  1744  printfa.o(i._printf_core)
    i._printf_core                           0x08003c0c   Section        0  printfa.o(i._printf_core)
    _printf_post_padding                     0x080042e9   Thumb Code    36  printfa.o(i._printf_post_padding)
    i._printf_post_padding                   0x080042e8   Section        0  printfa.o(i._printf_post_padding)
    _printf_pre_padding                      0x0800430d   Thumb Code    46  printfa.o(i._printf_pre_padding)
    i._printf_pre_padding                    0x0800430c   Section        0  printfa.o(i._printf_pre_padding)
    USART3_Resources                         0x080043f0   Data          52  usart_stm32f4xx.o(.rodata.USART3_Resources)
    [Anonymous Symbol]                       0x080043f0   Section        0  usart_stm32f4xx.o(.rodata.USART3_Resources)
    USART3_rx                                0x08004424   Data          12  usart_stm32f4xx.o(.rodata.USART3_rx)
    [Anonymous Symbol]                       0x08004424   Section        0  usart_stm32f4xx.o(.rodata.USART3_rx)
    USART3_tx                                0x08004430   Data          12  usart_stm32f4xx.o(.rodata.USART3_tx)
    [Anonymous Symbol]                       0x08004430   Section        0  usart_stm32f4xx.o(.rodata.USART3_tx)
    .L.str.1                                 0x080044a3   Data          32  main.o(.rodata.str1.1)
    [Anonymous Symbol]                       0x080044a3   Section        0  main.o(.rodata.str1.1)
    .L.str                                   0x080044c3   Data          30  main.o(.rodata.str1.1)
    [Anonymous Symbol]                       0x080044e1   Section        0  lcd_gui.o(.rodata.str1.1)
    [Anonymous Symbol]                       0x08004506   Section        0  lcd_touch.o(.rodata.str1.1)
    [Anonymous Symbol]                       0x0800451e   Section        0  lcd_spi.o(.rodata.str1.1)
    [Anonymous Symbol]                       0x08004543   Section        0  lcd_tim.o(.rodata.str1.1)
    [Anonymous Symbol]                       0x08004568   Section        0  lcd_demos.o(.rodata.str1.1)
    .data                                    0x20000000   Section        4  stdout.o(.data)
    _errno                                   0x20000004   Data           4  errno.o(.data)
    .data                                    0x20000004   Section        4  errno.o(.data)
    [Anonymous Symbol]                       0x20000008   Section        0  stm32f4xx_hal.o(.data..L_MergedGlobals)
    lcdmaxx                                  0x20000010   Data           4  lcd.o(.data..L_MergedGlobals)
    [Anonymous Symbol]                       0x20000010   Section        0  lcd.o(.data..L_MergedGlobals)
    fontWidth                                0x20000014   Data           4  lcd.o(.data..L_MergedGlobals)
    crd                                      0x20000018   Data           4  lcd.o(.data..L_MergedGlobals)
    fontHeight                               0x2000001c   Data           4  lcd.o(.data..L_MergedGlobals)
    lcdFont                                  0x20000020   Data           4  lcd.o(.data..L_MergedGlobals)
    lcdmaxy                                  0x20000024   Data           4  lcd.o(.data..L_MergedGlobals)
    TP_DrawBoard.brushColor                  0x2000003c   Data           2  lcd_demos.o(.data.TP_DrawBoard.brushColor)
    [Anonymous Symbol]                       0x2000003c   Section        0  lcd_demos.o(.data.TP_DrawBoard.brushColor)
    USART3_Info                              0x20000040   Data          20  usart_stm32f4xx.o(.bss..L_MergedGlobals)
    [Anonymous Symbol]                       0x20000040   Section        0  usart_stm32f4xx.o(.bss..L_MergedGlobals)
    USART3_TransferInfo                      0x20000054   Data          36  usart_stm32f4xx.o(.bss..L_MergedGlobals)
    htim4                                    0x200000c0   Data          64  lcd_tim.o(.bss.htim4)
    [Anonymous Symbol]                       0x200000c0   Section        0  lcd_tim.o(.bss.htim4)
    sTP_DEV                                  0x20000100   Data          24  lcd_touch.o(.bss.sTP_DEV)
    [Anonymous Symbol]                       0x20000100   Section        0  lcd_touch.o(.bss.sTP_DEV)
    STACK                                    0x20000120   Section     1024  startup_stm32f429xx.o(STACK)

    Global Symbols

    Symbol Name                              Value     Ov Type        Size  Object(Section)

    BuildAttributes$$THM_ISAv4$E$P$D$K$B$S$7EM$VFPi3$EXTD16$VFPS$VFMA$PE$A:L22UL41UL21$X:L11$S22US41US21$IEEE1$IW$~IW$USESV6$~STKCKD$USESV7$~SHL$OTIME$ROPI$IEEEJ$EBA8$MICROLIB$REQ8$PRES8$EABIv2 0x00000000   Number         0  anon$$obj.o ABSOLUTE
    _printf_a                                0x00000000   Number         0  printfstubs.o ABSOLUTE
    _printf_c                                0x00000000   Number         0  printfstubs.o ABSOLUTE
    _printf_charcount                        0x00000000   Number         0  printfstubs.o ABSOLUTE
    _printf_d                                0x00000000   Number         0  printfstubs.o ABSOLUTE
    _printf_e                                0x00000000   Number         0  printfstubs.o ABSOLUTE
    _printf_f                                0x00000000   Number         0  printfstubs.o ABSOLUTE
    _printf_flags                            0x00000000   Number         0  printfstubs.o ABSOLUTE
    _printf_fp_dec                           0x00000000   Number         0  printfstubs.o ABSOLUTE
    _printf_fp_hex                           0x00000000   Number         0  printfstubs.o ABSOLUTE
    _printf_g                                0x00000000   Number         0  printfstubs.o ABSOLUTE
    _printf_i                                0x00000000   Number         0  printfstubs.o ABSOLUTE
    _printf_int_dec                          0x00000000   Number         0  printfstubs.o ABSOLUTE
    _printf_l                                0x00000000   Number         0  printfstubs.o ABSOLUTE
    _printf_lc                               0x00000000   Number         0  printfstubs.o ABSOLUTE
    _printf_ll                               0x00000000   Number         0  printfstubs.o ABSOLUTE
    _printf_lld                              0x00000000   Number         0  printfstubs.o ABSOLUTE
    _printf_lli                              0x00000000   Number         0  printfstubs.o ABSOLUTE
    _printf_llo                              0x00000000   Number         0  printfstubs.o ABSOLUTE
    _printf_llu                              0x00000000   Number         0  printfstubs.o ABSOLUTE
    _printf_llx                              0x00000000   Number         0  printfstubs.o ABSOLUTE
    _printf_longlong_dec                     0x00000000   Number         0  printfstubs.o ABSOLUTE
    _printf_longlong_hex                     0x00000000   Number         0  printfstubs.o ABSOLUTE
    _printf_longlong_oct                     0x00000000   Number         0  printfstubs.o ABSOLUTE
    _printf_ls                               0x00000000   Number         0  printfstubs.o ABSOLUTE
    _printf_mbtowc                           0x00000000   Number         0  printfstubs.o ABSOLUTE
    _printf_n                                0x00000000   Number         0  printfstubs.o ABSOLUTE
    _printf_o                                0x00000000   Number         0  printfstubs.o ABSOLUTE
    _printf_p                                0x00000000   Number         0  printfstubs.o ABSOLUTE
    _printf_percent                          0x00000000   Number         0  printfstubs.o ABSOLUTE
    _printf_pre_padding                      0x00000000   Number         0  printfstubs.o ABSOLUTE
    _printf_return_value                     0x00000000   Number         0  printfstubs.o ABSOLUTE
    _printf_s                                0x00000000   Number         0  printfstubs.o ABSOLUTE
    _printf_sizespec                         0x00000000   Number         0  printfstubs.o ABSOLUTE
    _printf_str                              0x00000000   Number         0  printfstubs.o ABSOLUTE
    _printf_truncate_signed                  0x00000000   Number         0  printfstubs.o ABSOLUTE
    _printf_truncate_unsigned                0x00000000   Number         0  printfstubs.o ABSOLUTE
    _printf_u                                0x00000000   Number         0  printfstubs.o ABSOLUTE
    _printf_wc                               0x00000000   Number         0  printfstubs.o ABSOLUTE
    _printf_wctomb                           0x00000000   Number         0  printfstubs.o ABSOLUTE
    _printf_widthprec                        0x00000000   Number         0  printfstubs.o ABSOLUTE
    _printf_x                                0x00000000   Number         0  printfstubs.o ABSOLUTE
    __cpp_initialize__aeabi_                  - Undefined Weak Reference
    __cxa_finalize                            - Undefined Weak Reference
    __decompress                              - Undefined Weak Reference
    _clock_init                               - Undefined Weak Reference
    _microlib_exit                            - Undefined Weak Reference
    __Vectors_Size                           0x000001ac   Number         0  startup_stm32f429xx.o ABSOLUTE
    __Vectors                                0x08000000   Data           4  startup_stm32f429xx.o(RESET)
    __Vectors_End                            0x080001ac   Data           0  startup_stm32f429xx.o(RESET)
    __main                                   0x080001ad   Thumb Code     0  entry.o(.ARM.Collect$$$$00000000)
    _main_stk                                0x080001ad   Thumb Code     0  entry2.o(.ARM.Collect$$$$00000001)
    _main_scatterload                        0x080001b1   Thumb Code     0  entry5.o(.ARM.Collect$$$$00000004)
    __main_after_scatterload                 0x080001b5   Thumb Code     0  entry5.o(.ARM.Collect$$$$00000004)
    _main_clock                              0x080001b5   Thumb Code     0  entry7b.o(.ARM.Collect$$$$00000008)
    _main_cpp_init                           0x080001b5   Thumb Code     0  entry8b.o(.ARM.Collect$$$$0000000A)
    _main_init                               0x080001b5   Thumb Code     0  entry9a.o(.ARM.Collect$$$$0000000B)
    __rt_final_cpp                           0x080001bd   Thumb Code     0  entry10a.o(.ARM.Collect$$$$0000000D)
    __rt_final_exit                          0x080001bd   Thumb Code     0  entry11a.o(.ARM.Collect$$$$0000000F)
    Reset_Handler                            0x080001c1   Thumb Code     8  startup_stm32f429xx.o(.text)
    ADC_IRQHandler                           0x080001db   Thumb Code     0  startup_stm32f429xx.o(.text)
    CAN1_RX0_IRQHandler                      0x080001db   Thumb Code     0  startup_stm32f429xx.o(.text)
    CAN1_RX1_IRQHandler                      0x080001db   Thumb Code     0  startup_stm32f429xx.o(.text)
    CAN1_SCE_IRQHandler                      0x080001db   Thumb Code     0  startup_stm32f429xx.o(.text)
    CAN1_TX_IRQHandler                       0x080001db   Thumb Code     0  startup_stm32f429xx.o(.text)
    CAN2_RX0_IRQHandler                      0x080001db   Thumb Code     0  startup_stm32f429xx.o(.text)
    CAN2_RX1_IRQHandler                      0x080001db   Thumb Code     0  startup_stm32f429xx.o(.text)
    CAN2_SCE_IRQHandler                      0x080001db   Thumb Code     0  startup_stm32f429xx.o(.text)
    CAN2_TX_IRQHandler                       0x080001db   Thumb Code     0  startup_stm32f429xx.o(.text)
    DCMI_IRQHandler                          0x080001db   Thumb Code     0  startup_stm32f429xx.o(.text)
    DMA1_Stream0_IRQHandler                  0x080001db   Thumb Code     0  startup_stm32f429xx.o(.text)
    DMA1_Stream1_IRQHandler                  0x080001db   Thumb Code     0  startup_stm32f429xx.o(.text)
    DMA1_Stream2_IRQHandler                  0x080001db   Thumb Code     0  startup_stm32f429xx.o(.text)
    DMA1_Stream3_IRQHandler                  0x080001db   Thumb Code     0  startup_stm32f429xx.o(.text)
    DMA1_Stream4_IRQHandler                  0x080001db   Thumb Code     0  startup_stm32f429xx.o(.text)
    DMA1_Stream5_IRQHandler                  0x080001db   Thumb Code     0  startup_stm32f429xx.o(.text)
    DMA1_Stream6_IRQHandler                  0x080001db   Thumb Code     0  startup_stm32f429xx.o(.text)
    DMA1_Stream7_IRQHandler                  0x080001db   Thumb Code     0  startup_stm32f429xx.o(.text)
    DMA2D_IRQHandler                         0x080001db   Thumb Code     0  startup_stm32f429xx.o(.text)
    DMA2_Stream0_IRQHandler                  0x080001db   Thumb Code     0  startup_stm32f429xx.o(.text)
    DMA2_Stream1_IRQHandler                  0x080001db   Thumb Code     0  startup_stm32f429xx.o(.text)
    DMA2_Stream2_IRQHandler                  0x080001db   Thumb Code     0  startup_stm32f429xx.o(.text)
    DMA2_Stream3_IRQHandler                  0x080001db   Thumb Code     0  startup_stm32f429xx.o(.text)
    DMA2_Stream4_IRQHandler                  0x080001db   Thumb Code     0  startup_stm32f429xx.o(.text)
    DMA2_Stream5_IRQHandler                  0x080001db   Thumb Code     0  startup_stm32f429xx.o(.text)
    DMA2_Stream6_IRQHandler                  0x080001db   Thumb Code     0  startup_stm32f429xx.o(.text)
    DMA2_Stream7_IRQHandler                  0x080001db   Thumb Code     0  startup_stm32f429xx.o(.text)
    ETH_WKUP_IRQHandler                      0x080001db   Thumb Code     0  startup_stm32f429xx.o(.text)
    EXTI0_IRQHandler                         0x080001db   Thumb Code     0  startup_stm32f429xx.o(.text)
    EXTI15_10_IRQHandler                     0x080001db   Thumb Code     0  startup_stm32f429xx.o(.text)
    EXTI1_IRQHandler                         0x080001db   Thumb Code     0  startup_stm32f429xx.o(.text)
    EXTI2_IRQHandler                         0x080001db   Thumb Code     0  startup_stm32f429xx.o(.text)
    EXTI3_IRQHandler                         0x080001db   Thumb Code     0  startup_stm32f429xx.o(.text)
    EXTI4_IRQHandler                         0x080001db   Thumb Code     0  startup_stm32f429xx.o(.text)
    EXTI9_5_IRQHandler                       0x080001db   Thumb Code     0  startup_stm32f429xx.o(.text)
    FLASH_IRQHandler                         0x080001db   Thumb Code     0  startup_stm32f429xx.o(.text)
    FMC_IRQHandler                           0x080001db   Thumb Code     0  startup_stm32f429xx.o(.text)
    FPU_IRQHandler                           0x080001db   Thumb Code     0  startup_stm32f429xx.o(.text)
    HASH_RNG_IRQHandler                      0x080001db   Thumb Code     0  startup_stm32f429xx.o(.text)
    I2C1_ER_IRQHandler                       0x080001db   Thumb Code     0  startup_stm32f429xx.o(.text)
    I2C1_EV_IRQHandler                       0x080001db   Thumb Code     0  startup_stm32f429xx.o(.text)
    I2C2_ER_IRQHandler                       0x080001db   Thumb Code     0  startup_stm32f429xx.o(.text)
    I2C2_EV_IRQHandler                       0x080001db   Thumb Code     0  startup_stm32f429xx.o(.text)
    I2C3_ER_IRQHandler                       0x080001db   Thumb Code     0  startup_stm32f429xx.o(.text)
    I2C3_EV_IRQHandler                       0x080001db   Thumb Code     0  startup_stm32f429xx.o(.text)
    LTDC_ER_IRQHandler                       0x080001db   Thumb Code     0  startup_stm32f429xx.o(.text)
    LTDC_IRQHandler                          0x080001db   Thumb Code     0  startup_stm32f429xx.o(.text)
    OTG_FS_IRQHandler                        0x080001db   Thumb Code     0  startup_stm32f429xx.o(.text)
    OTG_FS_WKUP_IRQHandler                   0x080001db   Thumb Code     0  startup_stm32f429xx.o(.text)
    OTG_HS_EP1_IN_IRQHandler                 0x080001db   Thumb Code     0  startup_stm32f429xx.o(.text)
    OTG_HS_EP1_OUT_IRQHandler                0x080001db   Thumb Code     0  startup_stm32f429xx.o(.text)
    OTG_HS_IRQHandler                        0x080001db   Thumb Code     0  startup_stm32f429xx.o(.text)
    OTG_HS_WKUP_IRQHandler                   0x080001db   Thumb Code     0  startup_stm32f429xx.o(.text)
    PVD_IRQHandler                           0x080001db   Thumb Code     0  startup_stm32f429xx.o(.text)
    RCC_IRQHandler                           0x080001db   Thumb Code     0  startup_stm32f429xx.o(.text)
    RTC_Alarm_IRQHandler                     0x080001db   Thumb Code     0  startup_stm32f429xx.o(.text)
    RTC_WKUP_IRQHandler                      0x080001db   Thumb Code     0  startup_stm32f429xx.o(.text)
    SAI1_IRQHandler                          0x080001db   Thumb Code     0  startup_stm32f429xx.o(.text)
    SDIO_IRQHandler                          0x080001db   Thumb Code     0  startup_stm32f429xx.o(.text)
    SPI1_IRQHandler                          0x080001db   Thumb Code     0  startup_stm32f429xx.o(.text)
    SPI2_IRQHandler                          0x080001db   Thumb Code     0  startup_stm32f429xx.o(.text)
    SPI3_IRQHandler                          0x080001db   Thumb Code     0  startup_stm32f429xx.o(.text)
    SPI4_IRQHandler                          0x080001db   Thumb Code     0  startup_stm32f429xx.o(.text)
    SPI5_IRQHandler                          0x080001db   Thumb Code     0  startup_stm32f429xx.o(.text)
    SPI6_IRQHandler                          0x080001db   Thumb Code     0  startup_stm32f429xx.o(.text)
    TAMP_STAMP_IRQHandler                    0x080001db   Thumb Code     0  startup_stm32f429xx.o(.text)
    TIM1_BRK_TIM9_IRQHandler                 0x080001db   Thumb Code     0  startup_stm32f429xx.o(.text)
    TIM1_CC_IRQHandler                       0x080001db   Thumb Code     0  startup_stm32f429xx.o(.text)
    TIM1_TRG_COM_TIM11_IRQHandler            0x080001db   Thumb Code     0  startup_stm32f429xx.o(.text)
    TIM1_UP_TIM10_IRQHandler                 0x080001db   Thumb Code     0  startup_stm32f429xx.o(.text)
    TIM2_IRQHandler                          0x080001db   Thumb Code     0  startup_stm32f429xx.o(.text)
    TIM3_IRQHandler                          0x080001db   Thumb Code     0  startup_stm32f429xx.o(.text)
    TIM4_IRQHandler                          0x080001db   Thumb Code     0  startup_stm32f429xx.o(.text)
    TIM5_IRQHandler                          0x080001db   Thumb Code     0  startup_stm32f429xx.o(.text)
    TIM6_DAC_IRQHandler                      0x080001db   Thumb Code     0  startup_stm32f429xx.o(.text)
    TIM7_IRQHandler                          0x080001db   Thumb Code     0  startup_stm32f429xx.o(.text)
    TIM8_BRK_TIM12_IRQHandler                0x080001db   Thumb Code     0  startup_stm32f429xx.o(.text)
    TIM8_CC_IRQHandler                       0x080001db   Thumb Code     0  startup_stm32f429xx.o(.text)
    TIM8_TRG_COM_TIM14_IRQHandler            0x080001db   Thumb Code     0  startup_stm32f429xx.o(.text)
    TIM8_UP_TIM13_IRQHandler                 0x080001db   Thumb Code     0  startup_stm32f429xx.o(.text)
    UART4_IRQHandler                         0x080001db   Thumb Code     0  startup_stm32f429xx.o(.text)
    UART5_IRQHandler                         0x080001db   Thumb Code     0  startup_stm32f429xx.o(.text)
    UART7_IRQHandler                         0x080001db   Thumb Code     0  startup_stm32f429xx.o(.text)
    UART8_IRQHandler                         0x080001db   Thumb Code     0  startup_stm32f429xx.o(.text)
    USART1_IRQHandler                        0x080001db   Thumb Code     0  startup_stm32f429xx.o(.text)
    USART2_IRQHandler                        0x080001db   Thumb Code     0  startup_stm32f429xx.o(.text)
    USART6_IRQHandler                        0x080001db   Thumb Code     0  startup_stm32f429xx.o(.text)
    WWDG_IRQHandler                          0x080001db   Thumb Code     0  startup_stm32f429xx.o(.text)
    __aeabi_uldivmod                         0x080001e5   Thumb Code    98  uldiv.o(.text)
    __aeabi_ldivmod                          0x08000247   Thumb Code    98  ldiv.o(.text)
    __aeabi_memset                           0x080002a9   Thumb Code    14  memseta.o(.text)
    __aeabi_memset4                          0x080002a9   Thumb Code     0  memseta.o(.text)
    __aeabi_memset8                          0x080002a9   Thumb Code     0  memseta.o(.text)
    __aeabi_memclr                           0x080002b7   Thumb Code     4  memseta.o(.text)
    __aeabi_memclr4                          0x080002b7   Thumb Code     0  memseta.o(.text)
    __aeabi_memclr8                          0x080002b7   Thumb Code     0  memseta.o(.text)
    _memset$wrapper                          0x080002bb   Thumb Code    18  memseta.o(.text)
    strlen                                   0x080002cd   Thumb Code    14  strlen.o(.text)
    __aeabi_ui2d                             0x080002db   Thumb Code    26  dfltui.o(.text)
    __aeabi_d2iz                             0x080002f5   Thumb Code    62  dfixi.o(.text)
    __aeabi_uidiv                            0x08000333   Thumb Code     0  uidiv.o(.text)
    __aeabi_uidivmod                         0x08000333   Thumb Code    44  uidiv.o(.text)
    __aeabi_llsl                             0x0800035f   Thumb Code    30  llshl.o(.text)
    _ll_shift_l                              0x0800035f   Thumb Code     0  llshl.o(.text)
    __aeabi_llsr                             0x0800037d   Thumb Code    32  llushr.o(.text)
    _ll_ushift_r                             0x0800037d   Thumb Code     0  llushr.o(.text)
    __I$use$fp                               0x0800039d   Thumb Code     0  iusefp.o(.text)
    _double_round                            0x0800039d   Thumb Code    30  depilogue.o(.text)
    _double_epilogue                         0x080003bb   Thumb Code   156  depilogue.o(.text)
    __aeabi_dadd                             0x08000457   Thumb Code   322  dadd.o(.text)
    __aeabi_dsub                             0x08000599   Thumb Code     6  dadd.o(.text)
    __aeabi_drsub                            0x0800059f   Thumb Code     6  dadd.o(.text)
    __aeabi_dmul                             0x080005a5   Thumb Code   228  dmul.o(.text)
    __aeabi_ddiv                             0x08000689   Thumb Code   222  ddiv.o(.text)
    _dsqrt                                   0x08000767   Thumb Code   162  dsqrt.o(.text)
    __aeabi_d2ulz                            0x08000809   Thumb Code    48  dfixul.o(.text)
    __aeabi_cdrcmple                         0x08000839   Thumb Code    48  cdrcmple.o(.text)
    __scatterload                            0x08000869   Thumb Code    28  init.o(.text)
    __scatterload_rt2                        0x08000869   Thumb Code     0  init.o(.text)
    __aeabi_lasr                             0x0800088d   Thumb Code    36  llsshr.o(.text)
    _ll_sshift_r                             0x0800088d   Thumb Code     0  llsshr.o(.text)
    BusFault_Handler                         0x080008b1   Thumb Code     2  stm32f4xx_it.o(.text.BusFault_Handler)
    DebugMon_Handler                         0x080008b3   Thumb Code     2  stm32f4xx_it.o(.text.DebugMon_Handler)
    Driver_Delay_ms                          0x080008b5   Thumb Code     4  lcd_tools.o(.text.Driver_Delay_ms)
    Driver_Delay_us                          0x080008b9   Thumb Code     2  lcd_tools.o(.text.Driver_Delay_us)
    ETH_IRQHandler                           0x080008bd   Thumb Code     8  stm32f4xx_it.o(.text.ETH_IRQHandler)
    Error_Handler                            0x08000a79   Thumb Code   104  error.o(.text.Error_Handler)
    GPIO_Init                                0x08000ae1   Thumb Code   268  lcd_gpio.o(.text.GPIO_Init)
    GUI_disChar                              0x08000bfd   Thumb Code   108  lcd_gui.o(.text.GUI_disChar)
    GUI_disNum                               0x08000c69   Thumb Code    80  lcd_gui.o(.text.GUI_disNum)
    GUI_disStr                               0x08000cb9   Thumb Code   168  lcd_gui.o(.text.GUI_disStr)
    GUI_drawPoint                            0x08000d61   Thumb Code    84  lcd_gui.o(.text.GUI_drawPoint)
    GUI_drawRectangle                        0x08000db5   Thumb Code   208  lcd_gui.o(.text.GUI_drawRectangle)
    GUI_init                                 0x08000e8d   Thumb Code    18  lcd_gui.o(.text.GUI_init)
    HAL_Delay                                0x08000ea1   Thumb Code    32  stm32f4xx_hal.o(.text.HAL_Delay)
    HAL_ETH_ErrorCallback                    0x08000ec1   Thumb Code     2  stm32f4xx_hal_eth.o(.text.HAL_ETH_ErrorCallback)
    HAL_ETH_IRQHandler                       0x08000ec3   Thumb Code   106  stm32f4xx_hal_eth.o(.text.HAL_ETH_IRQHandler)
    HAL_ETH_RxCpltCallback                   0x08000f2d   Thumb Code     2  stm32f4xx_hal_eth.o(.text.HAL_ETH_RxCpltCallback)
    HAL_ETH_TxCpltCallback                   0x08000f2f   Thumb Code     2  stm32f4xx_hal_eth.o(.text.HAL_ETH_TxCpltCallback)
    HAL_GPIO_DeInit                          0x08000f31   Thumb Code   212  stm32f4xx_hal_gpio.o(.text.HAL_GPIO_DeInit)
    HAL_GPIO_Init                            0x08001005   Thumb Code   384  stm32f4xx_hal_gpio.o(.text.HAL_GPIO_Init)
    HAL_GPIO_ReadPin                         0x0800119d   Thumb Code    10  stm32f4xx_hal_gpio.o(.text.HAL_GPIO_ReadPin)
    HAL_GPIO_TogglePin                       0x080011a7   Thumb Code    14  stm32f4xx_hal_gpio.o(.text.HAL_GPIO_TogglePin)
    HAL_GPIO_WritePin                        0x080011b5   Thumb Code    10  stm32f4xx_hal_gpio.o(.text.HAL_GPIO_WritePin)
    HAL_GetTick                              0x080011c1   Thumb Code     8  stm32f4xx_hal.o(.text.HAL_GetTick)
    HAL_IncTick                              0x080011c9   Thumb Code    16  stm32f4xx_hal.o(.text.HAL_IncTick)
    HAL_Init                                 0x080011dd   Thumb Code    40  stm32f4xx_hal.o(.text.HAL_Init)
    HAL_InitTick                             0x08001209   Thumb Code    56  stm32f4xx_hal.o(.text.HAL_InitTick)
    HAL_MspInit                              0x08001245   Thumb Code     2  stm32f4xx_hal.o(.text.HAL_MspInit)
    HAL_NVIC_DisableIRQ                      0x08001249   Thumb Code    36  stm32f4xx_hal_cortex.o(.text.HAL_NVIC_DisableIRQ)
    HAL_NVIC_SetPriority                     0x08001271   Thumb Code    72  stm32f4xx_hal_cortex.o(.text.HAL_NVIC_SetPriority)
    HAL_NVIC_SetPriorityGrouping             0x080012bd   Thumb Code    24  stm32f4xx_hal_cortex.o(.text.HAL_NVIC_SetPriorityGrouping)
    HAL_PWREx_EnableOverDrive                0x080012dd   Thumb Code    92  stm32f4xx_hal_pwr_ex.o(.text.HAL_PWREx_EnableOverDrive)
    HAL_RCC_ClockConfig                      0x08001345   Thumb Code   264  stm32f4xx_hal_rcc.o(.text.HAL_RCC_ClockConfig)
    HAL_RCC_GetPCLK1Freq                     0x08001459   Thumb Code    20  stm32f4xx_hal_rcc.o(.text.HAL_RCC_GetPCLK1Freq)
    HAL_RCC_GetSysClockFreq                  0x08001479   Thumb Code    80  stm32f4xx_hal_rcc.o(.text.HAL_RCC_GetSysClockFreq)
    HAL_RCC_OscConfig                        0x080014d5   Thumb Code   780  stm32f4xx_hal_rcc.o(.text.HAL_RCC_OscConfig)
    HAL_SYSTICK_Config                       0x080017ed   Thumb Code    32  stm32f4xx_hal_cortex.o(.text.HAL_SYSTICK_Config)
    HAL_TIMEx_MasterConfigSynchronization    0x08001815   Thumb Code   108  stm32f4xx_hal_tim_ex.o(.text.HAL_TIMEx_MasterConfigSynchronization)
    HAL_TIM_PWM_ConfigChannel                0x08001895   Thumb Code   148  stm32f4xx_hal_tim.o(.text.HAL_TIM_PWM_ConfigChannel)
    HAL_TIM_PWM_Init                         0x08001929   Thumb Code    32  stm32f4xx_hal_tim.o(.text.HAL_TIM_PWM_Init)
    HAL_TIM_PWM_MspInit                      0x08001949   Thumb Code    40  lcd_tim.o(.text.HAL_TIM_PWM_MspInit)
    HAL_TIM_PWM_Start                        0x08001979   Thumb Code    40  stm32f4xx_hal_tim.o(.text.HAL_TIM_PWM_Start)
    HardFault_Handler                        0x080019a5   Thumb Code     2  stm32f4xx_it.o(.text.HardFault_Handler)
    LCDErrHandler                            0x080019a9   Thumb Code   104  lcd_tools.o(.text.LCDErrHandler)
    LCD_clear                                0x08001aa1   Thumb Code    16  lcd_driver.o(.text.LCD_clear)
    LCD_fillRectangleBW                      0x08001ab1   Thumb Code   188  lcd_driver.o(.text.LCD_fillRectangleBW)
    LCD_fillRectangleMC                      0x08001b6d   Thumb Code    98  lcd_driver.o(.text.LCD_fillRectangleMC)
    LCD_init                                 0x08001bd1   Thumb Code   180  lcd_driver.o(.text.LCD_init)
    LCD_isHorizontalMode                     0x08001c99   Thumb Code     4  lcd_driver.o(.text.LCD_isHorizontalMode)
    MemManage_Handler                        0x08001ce5   Thumb Code     2  stm32f4xx_it.o(.text.MemManage_Handler)
    NMI_Handler                              0x08001ce7   Thumb Code     2  stm32f4xx_it.o(.text.NMI_Handler)
    PWM_SetValue                             0x08001e2d   Thumb Code    40  lcd_tim.o(.text.PWM_SetValue)
    PendSV_Handler                           0x08001e55   Thumb Code     2  stm32f4xx_it.o(.text.PendSV_Handler)
    SPI4W_Read_Byte                          0x08001e57   Thumb Code     6  lcd_spi.o(.text.SPI4W_Read_Byte)
    SPI4W_Write_Byte                         0x08001e5d   Thumb Code    40  lcd_spi.o(.text.SPI4W_Write_Byte)
    SPIinit                                  0x08001eb5   Thumb Code   152  lcd_spi.o(.text.SPIinit)
    SPIsetLCDSpeed                           0x08001f55   Thumb Code     6  lcd_spi.o(.text.SPIsetLCDSpeed)
    SPIsetTPSpeed                            0x08001f5d   Thumb Code    36  lcd_spi.o(.text.SPIsetTPSpeed)
    SVC_Handler                              0x08001f89   Thumb Code     2  stm32f4xx_it.o(.text.SVC_Handler)
    SysTick_Handler                          0x08001f8b   Thumb Code     4  stm32f4xx_it.o(.text.SysTick_Handler)
    SystemInit                               0x08001f91   Thumb Code    60  system_stm32f4xx.o(.text.SystemInit)
    TIM4_Init                                0x08001fdd   Thumb Code   140  lcd_tim.o(.text.TIM4_Init)
    TIM_Base_SetConfig                       0x08002071   Thumb Code   172  stm32f4xx_hal_tim.o(.text.TIM_Base_SetConfig)
    TIM_CCxChannelCmd                        0x08002145   Thumb Code    30  stm32f4xx_hal_tim.o(.text.TIM_CCxChannelCmd)
    TIM_OC2_SetConfig                        0x080021c5   Thumb Code    92  stm32f4xx_hal_tim.o(.text.TIM_OC2_SetConfig)
    TP_Adjust                                0x080022c9   Thumb Code   888  lcd_touch.o(.text.TP_Adjust)
    TP_Dialog                                0x08002745   Thumb Code   116  lcd_demos.o(.text.TP_Dialog)
    TP_DrawBoard                             0x080027fd   Thumb Code   244  lcd_demos.o(.text.TP_DrawBoard)
    TP_InitBasic                             0x08002925   Thumb Code    40  lcd_touch.o(.text.TP_InitBasic)
    TP_get                                   0x08002a15   Thumb Code     8  lcd_touch.o(.text.TP_get)
    TP_pressed                               0x08002a1d   Thumb Code   276  lcd_touch.o(.text.TP_pressed)
    USART3_IRQHandler                        0x08002bb1   Thumb Code     8  usart_stm32f4xx.o(.text.USART3_IRQHandler)
    USART_IRQHandler                         0x080031e9   Thumb Code   512  usart_stm32f4xx.o(.text.USART_IRQHandler)
    UsageFault_Handler                       0x08003569   Thumb Code     2  stm32f4xx_it.o(.text.UsageFault_Handler)
    checkVersionFlashFonts                   0x0800356d   Thumb Code    20  fontsflash.o(.text.checkVersionFlashFonts)
    delay                                    0x080035ad   Thumb Code    10  delay.o(.text.delay)
    distance                                 0x080035b7   Thumb Code    44  lcd_touch.o(.text.distance)
    fputc                                    0x080035e5   Thumb Code    16  retarget_io.o(.text.fputc)
    initITSboard                             0x080035f9   Thumb Code   308  init.o(.text.initITSboard)
    itoa                                     0x08003739   Thumb Code   122  lcd_tools.o(.text.itoa)
    lcdPrintS                                0x080037b5   Thumb Code   168  lcd.o(.text.lcdPrintS)
    main                                     0x08003861   Thumb Code    82  main.o(.text.main)
    printDebugMsg                            0x080038b5   Thumb Code   100  lcd_debug.o(.text.printDebugMsg)
    stdinout_init                            0x08003941   Thumb Code    64  stdinout_usart.o(.text.stdinout_init)
    stdout_putchar                           0x08003981   Thumb Code    40  stdinout_usart.o(.text.stdout_putchar)
    __0printf                                0x080039c5   Thumb Code    22  printfa.o(i.__0printf)
    __1printf                                0x080039c5   Thumb Code     0  printfa.o(i.__0printf)
    __2printf                                0x080039c5   Thumb Code     0  printfa.o(i.__0printf)
    __c89printf                              0x080039c5   Thumb Code     0  printfa.o(i.__0printf)
    printf                                   0x080039c5   Thumb Code     0  printfa.o(i.__0printf)
    __hardfp_sqrt                            0x080039e5   Thumb Code   122  sqrt.o(i.__hardfp_sqrt)
    __scatterload_copy                       0x08003a5f   Thumb Code    14  handlers.o(i.__scatterload_copy)
    __scatterload_null                       0x08003a6d   Thumb Code     2  handlers.o(i.__scatterload_null)
    __scatterload_zeroinit                   0x08003a6f   Thumb Code    14  handlers.o(i.__scatterload_zeroinit)
    __set_errno                              0x08003a7d   Thumb Code     6  errno.o(i.__set_errno)
    AHBPrescTable                            0x0800433a   Data          16  system_stm32f4xx.o(.rodata.AHBPrescTable)
    APBPrescTable                            0x0800434a   Data           8  system_stm32f4xx.o(.rodata.APBPrescTable)
    Cross                                    0x08004352   Data         100  lcd_touch.o(.rodata.Cross)
    Driver_USART3                            0x080043b8   Data          56  usart_stm32f4xx.o(.rodata.Driver_USART3)
    initCmds                                 0x0800443c   Data         103  lcd_driver.o(.rodata.initCmds)
    Region$$Table$$Base                      0x08004590   Number         0  anon$$obj.o(Region$$Table)
    Region$$Table$$Limit                     0x080045b0   Number         0  anon$$obj.o(Region$$Table)
    __stdout                                 0x20000000   Data           4  stdout.o(.data)
    uwTickFreq                               0x20000008   Data           1  stm32f4xx_hal.o(.data..L_MergedGlobals)
    uwTickPrio                               0x2000000c   Data           4  stm32f4xx_hal.o(.data..L_MergedGlobals)
    Font16FLASH                              0x20000028   Data           8  fontsflash.o(.data.Font16FLASH)
    Font24FLASH                              0x20000030   Data           8  fontsflash.o(.data.Font24FLASH)
    SystemCoreClock                          0x20000038   Data           4  system_stm32f4xx.o(.data.SystemCoreClock)
    EthHandle                                0x20000078   Data          72  stm32f4xx_it.o(.bss.EthHandle)
    uwTick                                   0x20000118   Data           4  stm32f4xx_hal.o(.bss.uwTick)
    __initial_sp                             0x20000520   Data           0  startup_stm32f429xx.o(STACK)



==============================================================================

Memory Map of the image

  Image Entry point : 0x080001ad

  Load Region LR_IROM1 (Base: 0x08000000, Size: 0x000045f0, Max: 0x00200000, ABSOLUTE)

    Execution Region ER_IROM1 (Exec base: 0x08000000, Load base: 0x08000000, Size: 0x000045b0, Max: 0x00200000, ABSOLUTE)

    Exec Addr    Load Addr    Size         Type   Attr      Idx    E Section Name        Object

    0x08000000   0x08000000   0x000001ac   Data   RO          113    RESET               startup_stm32f429xx.o
    0x080001ac   0x080001ac   0x00000000   Code   RO         1958  * .ARM.Collect$$$$00000000  mc_w.l(entry.o)
    0x080001ac   0x080001ac   0x00000004   Code   RO         2249    .ARM.Collect$$$$00000001  mc_w.l(entry2.o)
    0x080001b0   0x080001b0   0x00000004   Code   RO         2252    .ARM.Collect$$$$00000004  mc_w.l(entry5.o)
    0x080001b4   0x080001b4   0x00000000   Code   RO         2254    .ARM.Collect$$$$00000008  mc_w.l(entry7b.o)
    0x080001b4   0x080001b4   0x00000000   Code   RO         2256    .ARM.Collect$$$$0000000A  mc_w.l(entry8b.o)
    0x080001b4   0x080001b4   0x00000008   Code   RO         2257    .ARM.Collect$$$$0000000B  mc_w.l(entry9a.o)
    0x080001bc   0x080001bc   0x00000000   Code   RO         2259    .ARM.Collect$$$$0000000D  mc_w.l(entry10a.o)
    0x080001bc   0x080001bc   0x00000000   Code   RO         2261    .ARM.Collect$$$$0000000F  mc_w.l(entry11a.o)
    0x080001bc   0x080001bc   0x00000004   Code   RO         2250    .ARM.Collect$$$$00002712  mc_w.l(entry2.o)
    0x080001c0   0x080001c0   0x00000024   Code   RO          114    .text               startup_stm32f429xx.o
    0x080001e4   0x080001e4   0x00000062   Code   RO         1972    .text               mc_w.l(uldiv.o)
    0x08000246   0x08000246   0x00000062   Code   RO         1974    .text               mc_w.l(ldiv.o)
    0x080002a8   0x080002a8   0x00000024   Code   RO         1978    .text               mc_w.l(memseta.o)
    0x080002cc   0x080002cc   0x0000000e   Code   RO         1980    .text               mc_w.l(strlen.o)
    0x080002da   0x080002da   0x0000001a   Code   RO         2245    .text               mf_w.l(dfltui.o)
    0x080002f4   0x080002f4   0x0000003e   Code   RO         2247    .text               mf_w.l(dfixi.o)
    0x08000332   0x08000332   0x0000002c   Code   RO         2272    .text               mc_w.l(uidiv.o)
    0x0800035e   0x0800035e   0x0000001e   Code   RO         2274    .text               mc_w.l(llshl.o)
    0x0800037c   0x0800037c   0x00000020   Code   RO         2276    .text               mc_w.l(llushr.o)
    0x0800039c   0x0800039c   0x00000000   Code   RO         2285    .text               mc_w.l(iusefp.o)
    0x0800039c   0x0800039c   0x000000ba   Code   RO         2286    .text               mf_w.l(depilogue.o)
    0x08000456   0x08000456   0x0000014e   Code   RO         2288    .text               mf_w.l(dadd.o)
    0x080005a4   0x080005a4   0x000000e4   Code   RO         2290    .text               mf_w.l(dmul.o)
    0x08000688   0x08000688   0x000000de   Code   RO         2292    .text               mf_w.l(ddiv.o)
    0x08000766   0x08000766   0x000000a2   Code   RO         2294    .text               mf_w.l(dsqrt.o)
    0x08000808   0x08000808   0x00000030   Code   RO         2296    .text               mf_w.l(dfixul.o)
    0x08000838   0x08000838   0x00000030   Code   RO         2298    .text               mf_w.l(cdrcmple.o)
    0x08000868   0x08000868   0x00000024   Code   RO         2300    .text               mc_w.l(init.o)
    0x0800088c   0x0800088c   0x00000024   Code   RO         2302    .text               mc_w.l(llsshr.o)
    0x080008b0   0x080008b0   0x00000002   Code   RO           90    .text.BusFault_Handler  stm32f4xx_it.o
    0x080008b2   0x080008b2   0x00000002   Code   RO           96    .text.DebugMon_Handler  stm32f4xx_it.o
    0x080008b4   0x080008b4   0x00000004   Code   RO         1635    .text.Driver_Delay_ms  lcd_tools.o
    0x080008b8   0x080008b8   0x00000002   Code   RO         1637    .text.Driver_Delay_us  lcd_tools.o
    0x080008ba   0x080008ba   0x00000002   PAD
    0x080008bc   0x080008bc   0x0000000c   Code   RO          102    .text.ETH_IRQHandler  stm32f4xx_it.o
    0x080008c8   0x080008c8   0x000001b0   Code   RO         1928    .text.Enable_GPIO_Clock  usart_stm32f4xx.o
    0x08000a78   0x08000a78   0x00000068   Code   RO         1755    .text.Error_Handler  error.o
    0x08000ae0   0x08000ae0   0x0000011c   Code   RO         1606    .text.GPIO_Init     lcd_gpio.o
    0x08000bfc   0x08000bfc   0x0000006c   Code   RO         1517    .text.GUI_disChar   lcd_gui.o
    0x08000c68   0x08000c68   0x00000050   Code   RO         1521    .text.GUI_disNum    lcd_gui.o
    0x08000cb8   0x08000cb8   0x000000a8   Code   RO         1519    .text.GUI_disStr    lcd_gui.o
    0x08000d60   0x08000d60   0x00000054   Code   RO         1513    .text.GUI_drawPoint  lcd_gui.o
    0x08000db4   0x08000db4   0x000000d8   Code   RO         1515    .text.GUI_drawRectangle  lcd_gui.o
    0x08000e8c   0x08000e8c   0x00000012   Code   RO         1509    .text.GUI_init      lcd_gui.o
    0x08000e9e   0x08000e9e   0x00000002   PAD
    0x08000ea0   0x08000ea0   0x00000020   Code   RO          141    .text.HAL_Delay     stm32f4xx_hal.o
    0x08000ec0   0x08000ec0   0x00000002   Code   RO          317    .text.HAL_ETH_ErrorCallback  stm32f4xx_hal_eth.o
    0x08000ec2   0x08000ec2   0x0000006a   Code   RO          311    .text.HAL_ETH_IRQHandler  stm32f4xx_hal_eth.o
    0x08000f2c   0x08000f2c   0x00000002   Code   RO          313    .text.HAL_ETH_RxCpltCallback  stm32f4xx_hal_eth.o
    0x08000f2e   0x08000f2e   0x00000002   Code   RO          315    .text.HAL_ETH_TxCpltCallback  stm32f4xx_hal_eth.o
    0x08000f30   0x08000f30   0x000000d4   Code   RO          361    .text.HAL_GPIO_DeInit  stm32f4xx_hal_gpio.o
    0x08001004   0x08001004   0x00000198   Code   RO          359    .text.HAL_GPIO_Init  stm32f4xx_hal_gpio.o
    0x0800119c   0x0800119c   0x0000000a   Code   RO          363    .text.HAL_GPIO_ReadPin  stm32f4xx_hal_gpio.o
    0x080011a6   0x080011a6   0x0000000e   Code   RO          367    .text.HAL_GPIO_TogglePin  stm32f4xx_hal_gpio.o
    0x080011b4   0x080011b4   0x0000000a   Code   RO          365    .text.HAL_GPIO_WritePin  stm32f4xx_hal_gpio.o
    0x080011be   0x080011be   0x00000002   PAD
    0x080011c0   0x080011c0   0x00000008   Code   RO          133    .text.HAL_GetTick   stm32f4xx_hal.o
    0x080011c8   0x080011c8   0x00000014   Code   RO          131    .text.HAL_IncTick   stm32f4xx_hal.o
    0x080011dc   0x080011dc   0x0000002c   Code   RO          121    .text.HAL_Init      stm32f4xx_hal.o
    0x08001208   0x08001208   0x0000003c   Code   RO          123    .text.HAL_InitTick  stm32f4xx_hal.o
    0x08001244   0x08001244   0x00000002   Code   RO          125    .text.HAL_MspInit   stm32f4xx_hal.o
    0x08001246   0x08001246   0x00000002   PAD
    0x08001248   0x08001248   0x00000028   Code   RO          199    .text.HAL_NVIC_DisableIRQ  stm32f4xx_hal_cortex.o
    0x08001270   0x08001270   0x0000004c   Code   RO          195    .text.HAL_NVIC_SetPriority  stm32f4xx_hal_cortex.o
    0x080012bc   0x080012bc   0x00000020   Code   RO          193    .text.HAL_NVIC_SetPriorityGrouping  stm32f4xx_hal_cortex.o
    0x080012dc   0x080012dc   0x00000068   Code   RO          437    .text.HAL_PWREx_EnableOverDrive  stm32f4xx_hal_pwr_ex.o
    0x08001344   0x08001344   0x00000114   Code   RO          457    .text.HAL_RCC_ClockConfig  stm32f4xx_hal_rcc.o
    0x08001458   0x08001458   0x00000020   Code   RO          469    .text.HAL_RCC_GetPCLK1Freq  stm32f4xx_hal_rcc.o
    0x08001478   0x08001478   0x0000005c   Code   RO          459    .text.HAL_RCC_GetSysClockFreq  stm32f4xx_hal_rcc.o
    0x080014d4   0x080014d4   0x00000318   Code   RO          455    .text.HAL_RCC_OscConfig  stm32f4xx_hal_rcc.o
    0x080017ec   0x080017ec   0x00000028   Code   RO          205    .text.HAL_SYSTICK_Config  stm32f4xx_hal_cortex.o
    0x08001814   0x08001814   0x00000080   Code   RO         1111    .text.HAL_TIMEx_MasterConfigSynchronization  stm32f4xx_hal_tim_ex.o
    0x08001894   0x08001894   0x00000094   Code   RO          853    .text.HAL_TIM_PWM_ConfigChannel  stm32f4xx_hal_tim.o
    0x08001928   0x08001928   0x00000020   Code   RO          745    .text.HAL_TIM_PWM_Init  stm32f4xx_hal_tim.o
    0x08001948   0x08001948   0x00000030   Code   RO         1619    .text.HAL_TIM_PWM_MspInit  lcd_tim.o
    0x08001978   0x08001978   0x0000002c   Code   RO          753    .text.HAL_TIM_PWM_Start  stm32f4xx_hal_tim.o
    0x080019a4   0x080019a4   0x00000002   Code   RO           86    .text.HardFault_Handler  stm32f4xx_it.o
    0x080019a6   0x080019a6   0x00000002   PAD
    0x080019a8   0x080019a8   0x00000070   Code   RO         1639    .text.LCDErrHandler  lcd_tools.o
    0x08001a18   0x08001a18   0x00000034   Code   RO         1482    .text.LCD_WriteCMD  lcd_driver.o
    0x08001a4c   0x08001a4c   0x00000006   Code   RO         1492    .text.LCD_WriteParam  lcd_driver.o
    0x08001a52   0x08001a52   0x00000002   PAD
    0x08001a54   0x08001a54   0x0000004c   Code   RO         1488    .text.LCD_WriteParameters  lcd_driver.o
    0x08001aa0   0x08001aa0   0x00000010   Code   RO         1494    .text.LCD_clear     lcd_driver.o
    0x08001ab0   0x08001ab0   0x000000bc   Code   RO         1490    .text.LCD_fillRectangleBW  lcd_driver.o
    0x08001b6c   0x08001b6c   0x00000062   Code   RO         1484    .text.LCD_fillRectangleMC  lcd_driver.o
    0x08001bce   0x08001bce   0x00000002   PAD
    0x08001bd0   0x08001bd0   0x000000c8   Code   RO         1480    .text.LCD_init      lcd_driver.o
    0x08001c98   0x08001c98   0x00000004   Code   RO         1496    .text.LCD_isHorizontalMode  lcd_driver.o
    0x08001c9c   0x08001c9c   0x00000048   Code   RO         1486    .text.LCD_setWindow  lcd_driver.o
    0x08001ce4   0x08001ce4   0x00000002   Code   RO           88    .text.MemManage_Handler  stm32f4xx_it.o
    0x08001ce6   0x08001ce6   0x00000002   Code   RO           84    .text.NMI_Handler   stm32f4xx_it.o
    0x08001ce8   0x08001ce8   0x00000008   Code   RO          443    .text.OUTLINED_FUNCTION_0  stm32f4xx_hal_pwr_ex.o
    0x08001cf0   0x08001cf0   0x0000000c   Code   RO          481    .text.OUTLINED_FUNCTION_0  stm32f4xx_hal_rcc.o
    0x08001cfc   0x08001cfc   0x0000000c   Code   RO         1562    .text.OUTLINED_FUNCTION_0  lcd_touch.o
    0x08001d08   0x08001d08   0x0000000a   Code   RO         1608    .text.OUTLINED_FUNCTION_0  lcd_gpio.o
    0x08001d12   0x08001d12   0x0000000e   Code   RO         1708    .text.OUTLINED_FUNCTION_0  lcd_debug.o
    0x08001d20   0x08001d20   0x0000000c   Code   RO         1768    .text.OUTLINED_FUNCTION_0  init.o
    0x08001d2c   0x08001d2c   0x00000012   Code   RO         1816    .text.OUTLINED_FUNCTION_0  lcd.o
    0x08001d3e   0x08001d3e   0x0000000e   Code   RO         1938    .text.OUTLINED_FUNCTION_0  usart_stm32f4xx.o
    0x08001d4c   0x08001d4c   0x0000000e   Code   RO          233    .text.OUTLINED_FUNCTION_1  stm32f4xx_hal_cortex.o
    0x08001d5a   0x08001d5a   0x0000000c   Code   RO         1564    .text.OUTLINED_FUNCTION_1  lcd_touch.o
    0x08001d66   0x08001d66   0x0000000c   Code   RO         1770    .text.OUTLINED_FUNCTION_1  init.o
    0x08001d72   0x08001d72   0x0000000a   Code   RO         1818    .text.OUTLINED_FUNCTION_1  lcd.o
    0x08001d7c   0x08001d7c   0x00000006   Code   RO          933    .text.OUTLINED_FUNCTION_10  stm32f4xx_hal_tim.o
    0x08001d82   0x08001d82   0x00000008   Code   RO          935    .text.OUTLINED_FUNCTION_11  stm32f4xx_hal_tim.o
    0x08001d8a   0x08001d8a   0x0000000a   Code   RO          941    .text.OUTLINED_FUNCTION_14  stm32f4xx_hal_tim.o
    0x08001d94   0x08001d94   0x0000000a   Code   RO          485    .text.OUTLINED_FUNCTION_2  stm32f4xx_hal_rcc.o
    0x08001d9e   0x08001d9e   0x00000008   Code   RO         1566    .text.OUTLINED_FUNCTION_2  lcd_touch.o
    0x08001da6   0x08001da6   0x0000000a   Code   RO          955    .text.OUTLINED_FUNCTION_21  stm32f4xx_hal_tim.o
    0x08001db0   0x08001db0   0x0000000e   Code   RO          971    .text.OUTLINED_FUNCTION_29  stm32f4xx_hal_tim.o
    0x08001dbe   0x08001dbe   0x0000000a   Code   RO         1568    .text.OUTLINED_FUNCTION_3  lcd_touch.o
    0x08001dc8   0x08001dc8   0x00000006   Code   RO         1730    .text.OUTLINED_FUNCTION_3  lcd_demos.o
    0x08001dce   0x08001dce   0x00000014   Code   RO          981    .text.OUTLINED_FUNCTION_34  stm32f4xx_hal_tim.o
    0x08001de2   0x08001de2   0x0000000a   Code   RO         1570    .text.OUTLINED_FUNCTION_4  lcd_touch.o
    0x08001dec   0x08001dec   0x0000000a   Code   RO          997    .text.OUTLINED_FUNCTION_42  stm32f4xx_hal_tim.o
    0x08001df6   0x08001df6   0x00000008   Code   RO          923    .text.OUTLINED_FUNCTION_5  stm32f4xx_hal_tim.o
    0x08001dfe   0x08001dfe   0x0000000a   Code   RO         1734    .text.OUTLINED_FUNCTION_5  lcd_demos.o
    0x08001e08   0x08001e08   0x0000000e   Code   RO          927    .text.OUTLINED_FUNCTION_7  stm32f4xx_hal_tim.o
    0x08001e16   0x08001e16   0x0000000a   Code   RO          929    .text.OUTLINED_FUNCTION_8  stm32f4xx_hal_tim.o
    0x08001e20   0x08001e20   0x0000000a   Code   RO          931    .text.OUTLINED_FUNCTION_9  stm32f4xx_hal_tim.o
    0x08001e2a   0x08001e2a   0x00000002   PAD
    0x08001e2c   0x08001e2c   0x00000028   Code   RO         1623    .text.PWM_SetValue  lcd_tim.o
    0x08001e54   0x08001e54   0x00000002   Code   RO           98    .text.PendSV_Handler  stm32f4xx_it.o
    0x08001e56   0x08001e56   0x00000006   Code   RO         1595    .text.SPI4W_Read_Byte  lcd_spi.o
    0x08001e5c   0x08001e5c   0x00000028   Code   RO         1591    .text.SPI4W_Write_Byte  lcd_spi.o
    0x08001e84   0x08001e84   0x00000030   Code   RO         1585    .text.SPIInitDevWithoutHAL  lcd_spi.o
    0x08001eb4   0x08001eb4   0x000000a0   Code   RO         1583    .text.SPIinit       lcd_spi.o
    0x08001f54   0x08001f54   0x00000006   Code   RO         1589    .text.SPIsetLCDSpeed  lcd_spi.o
    0x08001f5a   0x08001f5a   0x00000002   PAD
    0x08001f5c   0x08001f5c   0x0000002c   Code   RO         1587    .text.SPIsetTPSpeed  lcd_spi.o
    0x08001f88   0x08001f88   0x00000002   Code   RO           94    .text.SVC_Handler   stm32f4xx_it.o
    0x08001f8a   0x08001f8a   0x00000004   Code   RO          100    .text.SysTick_Handler  stm32f4xx_it.o
    0x08001f8e   0x08001f8e   0x00000002   PAD
    0x08001f90   0x08001f90   0x0000004c   Code   RO           69    .text.SystemInit    system_stm32f4xx.o
    0x08001fdc   0x08001fdc   0x00000094   Code   RO         1617    .text.TIM4_Init     lcd_tim.o
    0x08002070   0x08002070   0x000000d4   Code   RO          695    .text.TIM_Base_SetConfig  stm32f4xx_hal_tim.o
    0x08002144   0x08002144   0x0000001e   Code   RO          729    .text.TIM_CCxChannelCmd  stm32f4xx_hal_tim.o
    0x08002162   0x08002162   0x00000002   PAD
    0x08002164   0x08002164   0x00000060   Code   RO          839    .text.TIM_OC1_SetConfig  stm32f4xx_hal_tim.o
    0x080021c4   0x080021c4   0x0000005c   Code   RO          841    .text.TIM_OC2_SetConfig  stm32f4xx_hal_tim.o
    0x08002220   0x08002220   0x0000005c   Code   RO          843    .text.TIM_OC3_SetConfig  stm32f4xx_hal_tim.o
    0x0800227c   0x0800227c   0x0000004c   Code   RO          845    .text.TIM_OC4_SetConfig  stm32f4xx_hal_tim.o
    0x080022c8   0x080022c8   0x0000047c   Code   RO         1548    .text.TP_Adjust     lcd_touch.o
    0x08002744   0x08002744   0x000000b8   Code   RO         1720    .text.TP_Dialog     lcd_demos.o
    0x080027fc   0x080027fc   0x00000100   Code   RO         1722    .text.TP_DrawBoard  lcd_demos.o
    0x080028fc   0x080028fc   0x00000028   Code   RO         1550    .text.TP_DrawCross  lcd_touch.o
    0x08002924   0x08002924   0x00000034   Code   RO         1554    .text.TP_InitBasic  lcd_touch.o
    0x08002958   0x08002958   0x000000a4   Code   RO         1560    .text.TP_Read_ADC_Average  lcd_touch.o
    0x080029fc   0x080029fc   0x00000018   Code   RO         1558    .text.TP_Read_ADC_XY  lcd_touch.o
    0x08002a14   0x08002a14   0x00000008   Code   RO         1556    .text.TP_get        lcd_touch.o
    0x08002a1c   0x08002a1c   0x00000114   Code   RO         1552    .text.TP_pressed    lcd_touch.o
    0x08002b30   0x08002b30   0x00000004   Code   RO         1920    .text.USART3_Control  usart_stm32f4xx.o
    0x08002b34   0x08002b34   0x00000006   Code   RO         1902    .text.USART3_GetCapabilities  usart_stm32f4xx.o
    0x08002b3a   0x08002b3a   0x00000004   Code   RO         1926    .text.USART3_GetModemStatus  usart_stm32f4xx.o
    0x08002b3e   0x08002b3e   0x00000002   PAD
    0x08002b40   0x08002b40   0x00000008   Code   RO         1918    .text.USART3_GetRxCount  usart_stm32f4xx.o
    0x08002b48   0x08002b48   0x00000060   Code   RO         1922    .text.USART3_GetStatus  usart_stm32f4xx.o
    0x08002ba8   0x08002ba8   0x00000008   Code   RO         1916    .text.USART3_GetTxCount  usart_stm32f4xx.o
    0x08002bb0   0x08002bb0   0x0000000c   Code   RO         1898    .text.USART3_IRQHandler  usart_stm32f4xx.o
    0x08002bbc   0x08002bbc   0x00000038   Code   RO         1904    .text.USART3_Initialize  usart_stm32f4xx.o
    0x08002bf4   0x08002bf4   0x00000004   Code   RO         1908    .text.USART3_PowerControl  usart_stm32f4xx.o
    0x08002bf8   0x08002bf8   0x00000004   Code   RO         1912    .text.USART3_Receive  usart_stm32f4xx.o
    0x08002bfc   0x08002bfc   0x00000004   Code   RO         1910    .text.USART3_Send   usart_stm32f4xx.o
    0x08002c00   0x08002c00   0x00000034   Code   RO         1924    .text.USART3_SetModemControl  usart_stm32f4xx.o
    0x08002c34   0x08002c34   0x00000040   Code   RO         1914    .text.USART3_Transfer  usart_stm32f4xx.o
    0x08002c74   0x08002c74   0x00000038   Code   RO         1906    .text.USART3_Uninitialize  usart_stm32f4xx.o
    0x08002cac   0x08002cac   0x0000053c   Code   RO         1936    .text.USART_Control  usart_stm32f4xx.o
    0x080031e8   0x080031e8   0x00000200   Code   RO         1896    .text.USART_IRQHandler  usart_stm32f4xx.o
    0x080033e8   0x080033e8   0x000000b8   Code   RO         1930    .text.USART_PowerControl  usart_stm32f4xx.o
    0x080034a0   0x080034a0   0x00000068   Code   RO         1934    .text.USART_Receive  usart_stm32f4xx.o
    0x08003508   0x08003508   0x00000058   Code   RO         1932    .text.USART_Send    usart_stm32f4xx.o
    0x08003560   0x08003560   0x00000008   Code   RO         1900    .text.USARTx_GetVersion  usart_stm32f4xx.o
    0x08003568   0x08003568   0x00000002   Code   RO           92    .text.UsageFault_Handler  stm32f4xx_it.o
    0x0800356a   0x0800356a   0x00000002   PAD
    0x0800356c   0x0800356c   0x00000018   Code   RO         1447    .text.checkVersionFlashFonts  fontsflash.o
    0x08003584   0x08003584   0x00000028   Code   RO         1593    .text.check_SPI_SR  lcd_spi.o
    0x080035ac   0x080035ac   0x0000000a   Code   RO         1746    .text.delay         delay.o
    0x080035b6   0x080035b6   0x0000002c   Code   RO         1546    .text.distance      lcd_touch.o
    0x080035e2   0x080035e2   0x00000002   PAD
    0x080035e4   0x080035e4   0x00000014   Code   RO         1830    .text.fputc         retarget_io.o
    0x080035f8   0x080035f8   0x00000140   Code   RO         1764    .text.initITSboard  init.o
    0x08003738   0x08003738   0x0000007a   Code   RO         1641    .text.itoa          lcd_tools.o
    0x080037b2   0x080037b2   0x00000002   PAD
    0x080037b4   0x080037b4   0x000000ac   Code   RO         1800    .text.lcdPrintS     lcd.o
    0x08003860   0x08003860   0x00000052   Code   RO         1183    .text.main          main.o
    0x080038b2   0x080038b2   0x00000002   PAD
    0x080038b4   0x080038b4   0x0000008c   Code   RO         1706    .text.printDebugMsg  lcd_debug.o
    0x08003940   0x08003940   0x00000040   Code   RO         1850    .text.stdinout_init  stdinout_usart.o
    0x08003980   0x08003980   0x0000002c   Code   RO         1854    .text.stdout_putchar  stdinout_usart.o
    0x080039ac   0x080039ac   0x00000016   Code   RO         1802    .text.stringCopy    lcd.o
    0x080039c2   0x080039c2   0x00000002   PAD
    0x080039c4   0x080039c4   0x00000020   Code   RO         2217    i.__0printf         mc_w.l(printfa.o)
    0x080039e4   0x080039e4   0x0000007a   Code   RO         1952    i.__hardfp_sqrt     m_wm.l(sqrt.o)
    0x08003a5e   0x08003a5e   0x0000000e   Code   RO         2306    i.__scatterload_copy  mc_w.l(handlers.o)
    0x08003a6c   0x08003a6c   0x00000002   Code   RO         2307    i.__scatterload_null  mc_w.l(handlers.o)
    0x08003a6e   0x08003a6e   0x0000000e   Code   RO         2308    i.__scatterload_zeroinit  mc_w.l(handlers.o)
    0x08003a7c   0x08003a7c   0x0000000c   Code   RO         2280    i.__set_errno       mc_w.l(errno.o)
    0x08003a88   0x08003a88   0x00000184   Code   RO         2224    i._fp_digits        mc_w.l(printfa.o)
    0x08003c0c   0x08003c0c   0x000006dc   Code   RO         2225    i._printf_core      mc_w.l(printfa.o)
    0x080042e8   0x080042e8   0x00000024   Code   RO         2226    i._printf_post_padding  mc_w.l(printfa.o)
    0x0800430c   0x0800430c   0x0000002e   Code   RO         2227    i._printf_pre_padding  mc_w.l(printfa.o)
    0x0800433a   0x0800433a   0x00000010   Data   RO           74    .rodata.AHBPrescTable  system_stm32f4xx.o
    0x0800434a   0x0800434a   0x00000008   Data   RO           75    .rodata.APBPrescTable  system_stm32f4xx.o
    0x08004352   0x08004352   0x00000064   Data   RO         1572    .rodata.Cross       lcd_touch.o
    0x080043b6   0x080043b6   0x00000002   PAD
    0x080043b8   0x080043b8   0x00000038   Data   RO         1940    .rodata.Driver_USART3  usart_stm32f4xx.o
    0x080043f0   0x080043f0   0x00000034   Data   RO         1943    .rodata.USART3_Resources  usart_stm32f4xx.o
    0x08004424   0x08004424   0x0000000c   Data   RO         1942    .rodata.USART3_rx   usart_stm32f4xx.o
    0x08004430   0x08004430   0x0000000c   Data   RO         1941    .rodata.USART3_tx   usart_stm32f4xx.o
    0x0800443c   0x0800443c   0x00000067   Data   RO         1500    .rodata.initCmds    lcd_driver.o
    0x080044a3   0x080044a3   0x0000003e   Data   RO         1185    .rodata.str1.1      main.o
    0x080044e1   0x080044e1   0x00000025   Data   RO         1537    .rodata.str1.1      lcd_gui.o
    0x08004506   0x08004506   0x00000018   Data   RO         1574    .rodata.str1.1      lcd_touch.o
    0x0800451e   0x0800451e   0x00000025   Data   RO         1597    .rodata.str1.1      lcd_spi.o
    0x08004543   0x08004543   0x00000025   Data   RO         1626    .rodata.str1.1      lcd_tim.o
    0x08004568   0x08004568   0x00000027   Data   RO         1736    .rodata.str1.1      lcd_demos.o
    0x0800458f   0x0800458f   0x00000001   PAD
    0x08004590   0x08004590   0x00000020   Data   RO         2305    Region$$Table       anon$$obj.o


    Execution Region RW_IRAM1 (Exec base: 0x20000000, Load base: 0x080045b0, Size: 0x00000520, Max: 0x00030000, ABSOLUTE)

    Exec Addr    Load Addr    Size         Type   Attr      Idx    E Section Name        Object

    0x20000000   0x080045b0   0x00000004   Data   RW         1970    .data               mc_w.l(stdout.o)
    0x20000004   0x080045b4   0x00000004   Data   RW         2281    .data               mc_w.l(errno.o)
    0x20000008   0x080045b8   0x00000008   Data   RW          184    .data..L_MergedGlobals  stm32f4xx_hal.o
    0x20000010   0x080045c0   0x00000018   Data   RW         1821    .data..L_MergedGlobals  lcd.o
    0x20000028   0x080045d8   0x00000008   Data   RW         1451    .data.Font16FLASH   fontsflash.o
    0x20000030   0x080045e0   0x00000008   Data   RW         1449    .data.Font24FLASH   fontsflash.o
    0x20000038   0x080045e8   0x00000004   Data   RW           73    .data.SystemCoreClock  system_stm32f4xx.o
    0x2000003c   0x080045ec   0x00000002   Data   RW         1737    .data.TP_DrawBoard.brushColor  lcd_demos.o
    0x2000003e   0x080045ee   0x00000002   PAD
    0x20000040        -       0x00000038   Zero   RW         1944    .bss..L_MergedGlobals  usart_stm32f4xx.o
    0x20000078        -       0x00000048   Zero   RW          104    .bss.EthHandle      stm32f4xx_it.o
    0x200000c0        -       0x00000040   Zero   RW         1625    .bss.htim4          lcd_tim.o
    0x20000100        -       0x00000018   Zero   RW         1573    .bss.sTP_DEV        lcd_touch.o
    0x20000118        -       0x00000004   Zero   RW          183    .bss.uwTick         stm32f4xx_hal.o
    0x2000011c   0x080045ee   0x00000004   PAD
    0x20000120        -       0x00000400   Zero   RW          111    STACK               startup_stm32f429xx.o


==============================================================================

Image component sizes


      Code (inc. data)   RO Data    RW Data    ZI Data      Debug   Object Name

        10          0          0          0          0        749   delay.o
       104          0          0          0          0       2186   error.o
        24          4          0         16          0       1745   fontsflash.o
       344         12          0          0          0       3705   init.o
       222          4          0         24          0       4321   lcd.o
       154         40          0          0          0       1270   lcd_debug.o
       456         80         39          2          0       3640   lcd_demos.o
       712         28        103          0          0       5532   lcd_driver.o
       294         16          0          0          0       2617   lcd_gpio.o
       674          8         37          0          0      10552   lcd_gui.o
       344         28         37          0          0       3525   lcd_spi.o
       236         16         37          0         64       5915   lcd_tim.o
       240          8          0          0          0       3373   lcd_tools.o
      1808        296        124          0         24       7958   lcd_touch.o
        82          0         62          0          0        547   main.o
        20          4          0          0          0       2249   retarget_io.o
        36          8        428          0       1024        916   startup_stm32f429xx.o
       108          4          0          0          0       1434   stdinout_usart.o
       166         12          0          8          4       7956   stm32f4xx_hal.o
       202         24          0          0          0      10628   stm32f4xx_hal_cortex.o
       112          0          0          0          0      16785   stm32f4xx_hal_eth.o
       654         24          0          0          0       5220   stm32f4xx_hal_gpio.o
       112         12          0          0          0       4611   stm32f4xx_hal_pwr_ex.o
      1214         48          0          0          0       7777   stm32f4xx_hal_rcc.o
       942         52          0          0          0      42402   stm32f4xx_hal_tim.o
       128         20          0          0          0      16654   stm32f4xx_hal_tim_ex.o
        32          4          0          0         72       4799   stm32f4xx_it.o
        76         16         24          4          0       2802   system_stm32f4xx.o
      3060        172        132          0         56      19451   usart_stm32f4xx.o

    ----------------------------------------------------------------------
     12600        940       1058         56       1248     201319   Object Totals
         0          0         32          0          0          0   (incl. Generated)
        34          0          3          2          4          0   (incl. Padding)

    ----------------------------------------------------------------------

      Code (inc. data)   RO Data    RW Data    ZI Data      Debug   Library Member Name

       122          0          0          0          0        148   sqrt.o
         0          0          0          0          0          0   entry.o
         0          0          0          0          0          0   entry10a.o
         0          0          0          0          0          0   entry11a.o
         8          4          0          0          0          0   entry2.o
         4          0          0          0          0          0   entry5.o
         0          0          0          0          0          0   entry7b.o
         0          0          0          0          0          0   entry8b.o
         8          4          0          0          0          0   entry9a.o
        12          6          0          4          0         68   errno.o
        30          0          0          0          0          0   handlers.o
        36          8          0          0          0         68   init.o
         0          0          0          0          0          0   iusefp.o
        98          0          0          0          0         84   ldiv.o
        30          0          0          0          0         68   llshl.o
        36          0          0          0          0         68   llsshr.o
        32          0          0          0          0         68   llushr.o
        36          0          0          0          0        108   memseta.o
      2258         90          0          0          0        452   printfa.o
         0          0          0          4          0          0   stdout.o
        14          0          0          0          0         68   strlen.o
        44          0          0          0          0         80   uidiv.o
        98          0          0          0          0         92   uldiv.o
        48          0          0          0          0         68   cdrcmple.o
       334          0          0          0          0        148   dadd.o
       222          0          0          0          0        100   ddiv.o
       186          0          0          0          0        176   depilogue.o
        62          0          0          0          0         80   dfixi.o
        48          0          0          0          0         68   dfixul.o
        26          0          0          0          0         76   dfltui.o
       228          0          0          0          0         96   dmul.o
       162          0          0          0          0        100   dsqrt.o

    ----------------------------------------------------------------------
      4182        112          0          8          0       2284   Library Totals
         0          0          0          0          0          0   (incl. Padding)

    ----------------------------------------------------------------------

      Code (inc. data)   RO Data    RW Data    ZI Data      Debug   Library Name

       122          0          0          0          0        148   m_wm.l
      2744        112          0          8          0       1224   mc_w.l
      1316          0          0          0          0        912   mf_w.l

    ----------------------------------------------------------------------
      4182        112          0          8          0       2284   Library Totals

    ----------------------------------------------------------------------

==============================================================================


      Code (inc. data)   RO Data    RW Data    ZI Data      Debug   

     16782       1052       1058         64       1248     202227   Grand Totals
     16782       1052       1058         64       1248     202227   ELF Image Totals
     16782       1052       1058         64          0          0   ROM Totals

==============================================================================

    Total RO  Size (Code + RO Data)                17840 (  17.42kB)
    Total RW  Size (RW Data + ZI Data)              1312 (   1.28kB)
    Total ROM Size (Code + RO Data + RW Data)      17904 (  17.48kB)

==============================================================================

