Component: Arm Compiler for Embedded 6.21 Tool: armlink [5ec1fa00]

==============================================================================

Section Cross References

    stm32f4xx_nucleo_144.o(.ARM.exidx.text.BSP_GetVersion) refers to stm32f4xx_nucleo_144.o(.text.BSP_GetVersion) for [Anonymous Symbol]
    stm32f4xx_nucleo_144.o(.text.BSP_LED_Init) refers to stm32f4xx_hal_gpio.o(.text.HAL_GPIO_Init) for HAL_GPIO_Init
    stm32f4xx_nucleo_144.o(.text.BSP_LED_Init) refers to stm32f4xx_hal_gpio.o(.text.HAL_GPIO_WritePin) for HAL_GPIO_WritePin
    stm32f4xx_nucleo_144.o(.text.BSP_LED_Init) refers to stm32f4xx_nucleo_144.o(.rodata.GPIO_PIN) for GPIO_PIN
    stm32f4xx_nucleo_144.o(.text.BSP_LED_Init) refers to stm32f4xx_nucleo_144.o(.data.GPIO_PORT) for GPIO_PORT
    stm32f4xx_nucleo_144.o(.ARM.exidx.text.BSP_LED_Init) refers to stm32f4xx_nucleo_144.o(.text.BSP_LED_Init) for [Anonymous Symbol]
    stm32f4xx_nucleo_144.o(.text.BSP_LED_DeInit) refers to stm32f4xx_hal_gpio.o(.text.HAL_GPIO_WritePin) for HAL_GPIO_WritePin
    stm32f4xx_nucleo_144.o(.text.BSP_LED_DeInit) refers to stm32f4xx_hal_gpio.o(.text.HAL_GPIO_DeInit) for HAL_GPIO_DeInit
    stm32f4xx_nucleo_144.o(.text.BSP_LED_DeInit) refers to stm32f4xx_nucleo_144.o(.data.GPIO_PORT) for GPIO_PORT
    stm32f4xx_nucleo_144.o(.text.BSP_LED_DeInit) refers to stm32f4xx_nucleo_144.o(.rodata.GPIO_PIN) for GPIO_PIN
    stm32f4xx_nucleo_144.o(.ARM.exidx.text.BSP_LED_DeInit) refers to stm32f4xx_nucleo_144.o(.text.BSP_LED_DeInit) for [Anonymous Symbol]
    stm32f4xx_nucleo_144.o(.text.BSP_LED_On) refers to stm32f4xx_hal_gpio.o(.text.HAL_GPIO_WritePin) for HAL_GPIO_WritePin
    stm32f4xx_nucleo_144.o(.text.BSP_LED_On) refers to stm32f4xx_nucleo_144.o(.data.GPIO_PORT) for GPIO_PORT
    stm32f4xx_nucleo_144.o(.text.BSP_LED_On) refers to stm32f4xx_nucleo_144.o(.rodata.GPIO_PIN) for GPIO_PIN
    stm32f4xx_nucleo_144.o(.ARM.exidx.text.BSP_LED_On) refers to stm32f4xx_nucleo_144.o(.text.BSP_LED_On) for [Anonymous Symbol]
    stm32f4xx_nucleo_144.o(.text.BSP_LED_Off) refers to stm32f4xx_hal_gpio.o(.text.HAL_GPIO_WritePin) for HAL_GPIO_WritePin
    stm32f4xx_nucleo_144.o(.text.BSP_LED_Off) refers to stm32f4xx_nucleo_144.o(.data.GPIO_PORT) for GPIO_PORT
    stm32f4xx_nucleo_144.o(.text.BSP_LED_Off) refers to stm32f4xx_nucleo_144.o(.rodata.GPIO_PIN) for GPIO_PIN
    stm32f4xx_nucleo_144.o(.ARM.exidx.text.BSP_LED_Off) refers to stm32f4xx_nucleo_144.o(.text.BSP_LED_Off) for [Anonymous Symbol]
    stm32f4xx_nucleo_144.o(.text.BSP_LED_Toggle) refers to stm32f4xx_hal_gpio.o(.text.HAL_GPIO_TogglePin) for HAL_GPIO_TogglePin
    stm32f4xx_nucleo_144.o(.text.BSP_LED_Toggle) refers to stm32f4xx_nucleo_144.o(.data.GPIO_PORT) for GPIO_PORT
    stm32f4xx_nucleo_144.o(.text.BSP_LED_Toggle) refers to stm32f4xx_nucleo_144.o(.rodata.GPIO_PIN) for GPIO_PIN
    stm32f4xx_nucleo_144.o(.ARM.exidx.text.BSP_LED_Toggle) refers to stm32f4xx_nucleo_144.o(.text.BSP_LED_Toggle) for [Anonymous Symbol]
    stm32f4xx_nucleo_144.o(.text.BSP_PB_Init) refers to stm32f4xx_hal_gpio.o(.text.HAL_GPIO_Init) for HAL_GPIO_Init
    stm32f4xx_nucleo_144.o(.text.BSP_PB_Init) refers to stm32f4xx_hal_cortex.o(.text.HAL_NVIC_SetPriority) for HAL_NVIC_SetPriority
    stm32f4xx_nucleo_144.o(.text.BSP_PB_Init) refers to stm32f4xx_hal_cortex.o(.text.HAL_NVIC_EnableIRQ) for HAL_NVIC_EnableIRQ
    stm32f4xx_nucleo_144.o(.text.BSP_PB_Init) refers to stm32f4xx_nucleo_144.o(.data.BUTTON_PORT) for BUTTON_PORT
    stm32f4xx_nucleo_144.o(.ARM.exidx.text.BSP_PB_Init) refers to stm32f4xx_nucleo_144.o(.text.BSP_PB_Init) for [Anonymous Symbol]
    stm32f4xx_nucleo_144.o(.text.BSP_PB_DeInit) refers to stm32f4xx_hal_cortex.o(.text.HAL_NVIC_DisableIRQ) for HAL_NVIC_DisableIRQ
    stm32f4xx_nucleo_144.o(.text.BSP_PB_DeInit) refers to stm32f4xx_hal_gpio.o(.text.HAL_GPIO_DeInit) for HAL_GPIO_DeInit
    stm32f4xx_nucleo_144.o(.text.BSP_PB_DeInit) refers to stm32f4xx_nucleo_144.o(.data.BUTTON_PORT) for BUTTON_PORT
    stm32f4xx_nucleo_144.o(.ARM.exidx.text.BSP_PB_DeInit) refers to stm32f4xx_nucleo_144.o(.text.BSP_PB_DeInit) for [Anonymous Symbol]
    stm32f4xx_nucleo_144.o(.text.BSP_PB_GetState) refers to stm32f4xx_hal_gpio.o(.text.HAL_GPIO_ReadPin) for HAL_GPIO_ReadPin
    stm32f4xx_nucleo_144.o(.text.BSP_PB_GetState) refers to stm32f4xx_nucleo_144.o(.data.BUTTON_PORT) for BUTTON_PORT
    stm32f4xx_nucleo_144.o(.ARM.exidx.text.BSP_PB_GetState) refers to stm32f4xx_nucleo_144.o(.text.BSP_PB_GetState) for [Anonymous Symbol]
    stm32f4xx_nucleo_144.o(.text.SD_IO_Init) refers to stm32f4xx_hal_gpio.o(.text.HAL_GPIO_Init) for HAL_GPIO_Init
    stm32f4xx_nucleo_144.o(.text.SD_IO_Init) refers to stm32f4xx_nucleo_144.o(.text.OUTLINED_FUNCTION_0) for OUTLINED_FUNCTION_0
    stm32f4xx_nucleo_144.o(.text.SD_IO_Init) refers to stm32f4xx_nucleo_144.o(.text.SPIx_Init) for SPIx_Init
    stm32f4xx_nucleo_144.o(.text.SD_IO_Init) refers to stm32f4xx_nucleo_144.o(.text.SD_IO_WriteByte) for SD_IO_WriteByte
[...]
    [Anonymous Symbol]                       0x08001c22   Section        0  init.o(.text.OUTLINED_FUNCTION_1)
    OUTLINED_FUNCTION_1                      0x08001c2f   Thumb Code    10  lcd.o(.text.OUTLINED_FUNCTION_1)
    [Anonymous Symbol]                       0x08001c2e   Section        0  lcd.o(.text.OUTLINED_FUNCTION_1)
    OUTLINED_FUNCTION_10                     0x08001c39   Thumb Code    10  stm32f4xx_hal_tim.o(.text.OUTLINED_FUNCTION_10)
    [Anonymous Symbol]                       0x08001c38   Section        0  stm32f4xx_hal_tim.o(.text.OUTLINED_FUNCTION_10)
    OUTLINED_FUNCTION_11                     0x08001c43   Thumb Code     6  stm32f4xx_hal_tim.o(.text.OUTLINED_FUNCTION_11)
    [Anonymous Symbol]                       0x08001c42   Section        0  stm32f4xx_hal_tim.o(.text.OUTLINED_FUNCTION_11)
    OUTLINED_FUNCTION_12                     0x08001c49   Thumb Code     8  stm32f4xx_hal_tim.o(.text.OUTLINED_FUNCTION_12)
    [Anonymous Symbol]                       0x08001c48   Section        0  stm32f4xx_hal_tim.o(.text.OUTLINED_FUNCTION_12)
    OUTLINED_FUNCTION_15                     0x08001c51   Thumb Code    10  stm32f4xx_hal_tim.o(.text.OUTLINED_FUNCTION_15)
    [Anonymous Symbol]                       0x08001c50   Section        0  stm32f4xx_hal_tim.o(.text.OUTLINED_FUNCTION_15)
    OUTLINED_FUNCTION_2                      0x08001c5b   Thumb Code    10  stm32f4xx_hal_rcc.o(.text.OUTLINED_FUNCTION_2)
    [Anonymous Symbol]                       0x08001c5a   Section        0  stm32f4xx_hal_rcc.o(.text.OUTLINED_FUNCTION_2)
    OUTLINED_FUNCTION_22                     0x08001c65   Thumb Code    10  stm32f4xx_hal_tim.o(.text.OUTLINED_FUNCTION_22)
    [Anonymous Symbol]                       0x08001c64   Section        0  stm32f4xx_hal_tim.o(.text.OUTLINED_FUNCTION_22)
    OUTLINED_FUNCTION_30                     0x08001c6f   Thumb Code    14  stm32f4xx_hal_tim.o(.text.OUTLINED_FUNCTION_30)
    [Anonymous Symbol]                       0x08001c6e   Section        0  stm32f4xx_hal_tim.o(.text.OUTLINED_FUNCTION_30)
    OUTLINED_FUNCTION_35                     0x08001c7d   Thumb Code    20  stm32f4xx_hal_tim.o(.text.OUTLINED_FUNCTION_35)
    [Anonymous Symbol]                       0x08001c7c   Section        0  stm32f4xx_hal_tim.o(.text.OUTLINED_FUNCTION_35)
    OUTLINED_FUNCTION_43                     0x08001c91   Thumb Code    10  stm32f4xx_hal_tim.o(.text.OUTLINED_FUNCTION_43)
    [Anonymous Symbol]                       0x08001c90   Section        0  stm32f4xx_hal_tim.o(.text.OUTLINED_FUNCTION_43)
    OUTLINED_FUNCTION_5                      0x08001c9b   Thumb Code    10  stm32f4xx_hal_tim.o(.text.OUTLINED_FUNCTION_5)
    [Anonymous Symbol]                       0x08001c9a   Section        0  stm32f4xx_hal_tim.o(.text.OUTLINED_FUNCTION_5)
    OUTLINED_FUNCTION_7                      0x08001ca5   Thumb Code    14  stm32f4xx_hal_tim.o(.text.OUTLINED_FUNCTION_7)
    [Anonymous Symbol]                       0x08001ca4   Section        0  stm32f4xx_hal_tim.o(.text.OUTLINED_FUNCTION_7)
    OUTLINED_FUNCTION_9                      0x08001cb3   Thumb Code    10  stm32f4xx_hal_tim.o(.text.OUTLINED_FUNCTION_9)
    [Anonymous Symbol]                       0x08001cb2   Section        0  stm32f4xx_hal_tim.o(.text.OUTLINED_FUNCTION_9)
    [Anonymous Symbol]                       0x08001cbc   Section        0  lcd_tim.o(.text.PWM_SetValue)
    [Anonymous Symbol]                       0x08001ce4   Section        0  stm32f4xx_it.o(.text.PendSV_Handler)
    [Anonymous Symbol]                       0x08001ce8   Section        0  lcd_spi.o(.text.SPI4W_Write_Byte)
    __arm_cp.4_0                             0x08001d10   Number         4  lcd_spi.o(.text.SPI4W_Write_Byte)
    SPIInitDevWithoutHAL                     0x08001d15   Thumb Code    44  lcd_spi.o(.text.SPIInitDevWithoutHAL)
    [Anonymous Symbol]                       0x08001d14   Section        0  lcd_spi.o(.text.SPIInitDevWithoutHAL)
    __arm_cp.1_0                             0x08001d40   Number         4  lcd_spi.o(.text.SPIInitDevWithoutHAL)
    [Anonymous Symbol]                       0x08001d44   Section        0  lcd_spi.o(.text.SPIinit)
    __arm_cp.0_0                             0x08001ddc   Number         4  lcd_spi.o(.text.SPIinit)
    __arm_cp.0_1                             0x08001de0   Number         4  lcd_spi.o(.text.SPIinit)
    [Anonymous Symbol]                       0x08001de4   Section        0  stm32f4xx_it.o(.text.SVC_Handler)
    [Anonymous Symbol]                       0x08001de6   Section        0  stm32f4xx_it.o(.text.SysTick_Handler)
    [Anonymous Symbol]                       0x08001dec   Section        0  system_stm32f4xx.o(.text.SystemInit)
    __arm_cp.0_0                             0x08001e28   Number         4  system_stm32f4xx.o(.text.SystemInit)
    __arm_cp.0_1                             0x08001e2c   Number         4  system_stm32f4xx.o(.text.SystemInit)
    __arm_cp.0_2                             0x08001e30   Number         4  system_stm32f4xx.o(.text.SystemInit)
    __arm_cp.0_3                             0x08001e34   Number         4  system_stm32f4xx.o(.text.SystemInit)
    [Anonymous Symbol]                       0x08001e38   Section        0  lcd_tim.o(.text.TIM4_Init)
    __arm_cp.0_0                             0x08001ec4   Number         4  lcd_tim.o(.text.TIM4_Init)
    __arm_cp.0_2                             0x08001ec8   Number         4  lcd_tim.o(.text.TIM4_Init)
    [Anonymous Symbol]                       0x08001ecc   Section        0  stm32f4xx_hal_tim.o(.text.TIM_Base_SetConfig)
    __arm_cp.2_0                             0x08001f78   Number         4  stm32f4xx_hal_tim.o(.text.TIM_Base_SetConfig)
    __arm_cp.2_1                             0x08001f7c   Number         4  stm32f4xx_hal_tim.o(.text.TIM_Base_SetConfig)
    __arm_cp.2_2                             0x08001f80   Number         4  stm32f4xx_hal_tim.o(.text.TIM_Base_SetConfig)
    __arm_cp.2_4                             0x08001f84   Number         4  stm32f4xx_hal_tim.o(.text.TIM_Base_SetConfig)
    __arm_cp.2_5                             0x08001f88   Number         4  stm32f4xx_hal_tim.o(.text.TIM_Base_SetConfig)
    __arm_cp.2_6                             0x08001f8c   Number         4  stm32f4xx_hal_tim.o(.text.TIM_Base_SetConfig)
    __arm_cp.2_7                             0x08001f90   Number         4  stm32f4xx_hal_tim.o(.text.TIM_Base_SetConfig)
    __arm_cp.2_8                             0x08001f94   Number         4  stm32f4xx_hal_tim.o(.text.TIM_Base_SetConfig)
    __arm_cp.2_9                             0x08001f98   Number         4  stm32f4xx_hal_tim.o(.text.TIM_Base_SetConfig)
    __arm_cp.2_10                            0x08001f9c   Number         4  stm32f4xx_hal_tim.o(.text.TIM_Base_SetConfig)
    [Anonymous Symbol]                       0x08001fa0   Section        0  stm32f4xx_hal_tim.o(.text.TIM_CCxChannelCmd)
    TIM_OC1_SetConfig                        0x08001fc1   Thumb Code    96  stm32f4xx_hal_tim.o(.text.TIM_OC1_SetConfig)
    [Anonymous Symbol]                       0x08001fc0   Section        0  stm32f4xx_hal_tim.o(.text.TIM_OC1_SetConfig)
    [Anonymous Symbol]                       0x08002020   Section        0  stm32f4xx_hal_tim.o(.text.TIM_OC2_SetConfig)
    TIM_OC3_SetConfig                        0x0800207d   Thumb Code    92  stm32f4xx_hal_tim.o(.text.TIM_OC3_SetConfig)
    [Anonymous Symbol]                       0x0800207c   Section        0  stm32f4xx_hal_tim.o(.text.TIM_OC3_SetConfig)
    TIM_OC4_SetConfig                        0x080020d9   Thumb Code    72  stm32f4xx_hal_tim.o(.text.TIM_OC4_SetConfig)
    [Anonymous Symbol]                       0x080020d8   Section        0  stm32f4xx_hal_tim.o(.text.TIM_OC4_SetConfig)
    __arm_cp.77_0                            0x08002120   Number         4  stm32f4xx_hal_tim.o(.text.TIM_OC4_SetConfig)
    USART3_Control                           0x08002125   Thumb Code     4  usart_stm32f4xx.o(.text.USART3_Control)
    [Anonymous Symbol]                       0x08002124   Section        0  usart_stm32f4xx.o(.text.USART3_Control)
    USART3_GetCapabilities                   0x08002129   Thumb Code     6  usart_stm32f4xx.o(.text.USART3_GetCapabilities)
    [Anonymous Symbol]                       0x08002128   Section        0  usart_stm32f4xx.o(.text.USART3_GetCapabilities)
    USART3_GetModemStatus                    0x0800212f   Thumb Code     4  usart_stm32f4xx.o(.text.USART3_GetModemStatus)
    [Anonymous Symbol]                       0x0800212e   Section        0  usart_stm32f4xx.o(.text.USART3_GetModemStatus)
    USART3_GetRxCount                        0x08002135   Thumb Code     8  usart_stm32f4xx.o(.text.USART3_GetRxCount)
    [Anonymous Symbol]                       0x08002134   Section        0  usart_stm32f4xx.o(.text.USART3_GetRxCount)
    USART3_GetStatus                         0x0800213d   Thumb Code    92  usart_stm32f4xx.o(.text.USART3_GetStatus)
    [Anonymous Symbol]                       0x0800213c   Section        0  usart_stm32f4xx.o(.text.USART3_GetStatus)
    __arm_cp.13_1                            0x08002198   Number         4  usart_stm32f4xx.o(.text.USART3_GetStatus)
    USART3_GetTxCount                        0x0800219d   Thumb Code     8  usart_stm32f4xx.o(.text.USART3_GetTxCount)
    [Anonymous Symbol]                       0x0800219c   Section        0  usart_stm32f4xx.o(.text.USART3_GetTxCount)
    [Anonymous Symbol]                       0x080021a4   Section        0  usart_stm32f4xx.o(.text.USART3_IRQHandler)
    __arm_cp.1_0                             0x080021ac   Number         4  usart_stm32f4xx.o(.text.USART3_IRQHandler)
    USART3_Initialize                        0x080021b1   Thumb Code    56  usart_stm32f4xx.o(.text.USART3_Initialize)
    [Anonymous Symbol]                       0x080021b0   Section        0  usart_stm32f4xx.o(.text.USART3_Initialize)
    USART3_PowerControl                      0x080021e9   Thumb Code     4  usart_stm32f4xx.o(.text.USART3_PowerControl)
    [Anonymous Symbol]                       0x080021e8   Section        0  usart_stm32f4xx.o(.text.USART3_PowerControl)
    USART3_Receive                           0x080021ed   Thumb Code     4  usart_stm32f4xx.o(.text.USART3_Receive)
    [Anonymous Symbol]                       0x080021ec   Section        0  usart_stm32f4xx.o(.text.USART3_Receive)
    USART3_Send                              0x080021f1   Thumb Code     4  usart_stm32f4xx.o(.text.USART3_Send)
    [Anonymous Symbol]                       0x080021f0   Section        0  usart_stm32f4xx.o(.text.USART3_Send)
    USART3_SetModemControl                   0x080021f5   Thumb Code    48  usart_stm32f4xx.o(.text.USART3_SetModemControl)
    [Anonymous Symbol]                       0x080021f4   Section        0  usart_stm32f4xx.o(.text.USART3_SetModemControl)
    USART3_Transfer                          0x08002225   Thumb Code    64  usart_stm32f4xx.o(.text.USART3_Transfer)
    [Anonymous Symbol]                       0x08002224   Section        0  usart_stm32f4xx.o(.text.USART3_Transfer)
    USART3_Uninitialize                      0x08002265   Thumb Code    44  usart_stm32f4xx.o(.text.USART3_Uninitialize)
    [Anonymous Symbol]                       0x08002264   Section        0  usart_stm32f4xx.o(.text.USART3_Uninitialize)
    __arm_cp.5_0                             0x08002290   Number         4  usart_stm32f4xx.o(.text.USART3_Uninitialize)
    __arm_cp.5_1                             0x08002294   Number         4  usart_stm32f4xx.o(.text.USART3_Uninitialize)
    USART_Control                            0x08002299   Thumb Code  1336  usart_stm32f4xx.o(.text.USART_Control)
    [Anonymous Symbol]                       0x08002298   Section        0  usart_stm32f4xx.o(.text.USART_Control)
    __arm_cp.20_9                            0x08002644   Number         4  usart_stm32f4xx.o(.text.USART_Control)
    __arm_cp.20_1                            0x080027d0   Number         4  usart_stm32f4xx.o(.text.USART_Control)
    __arm_cp.20_3                            0x080027d4   Number         4  usart_stm32f4xx.o(.text.USART_Control)
    __arm_cp.20_4                            0x080027d8   Number         4  usart_stm32f4xx.o(.text.USART_Control)
    [Anonymous Symbol]                       0x080027dc   Section        0  usart_stm32f4xx.o(.text.USART_IRQHandler)
    USART_PowerControl                       0x080029dd   Thumb Code   176  usart_stm32f4xx.o(.text.USART_PowerControl)
    [Anonymous Symbol]                       0x080029dc   Section        0  usart_stm32f4xx.o(.text.USART_PowerControl)
    __arm_cp.17_1                            0x08002a8c   Number         4  usart_stm32f4xx.o(.text.USART_PowerControl)
    __arm_cp.17_2                            0x08002a90   Number         4  usart_stm32f4xx.o(.text.USART_PowerControl)
    USART_Receive                            0x08002a95   Thumb Code   104  usart_stm32f4xx.o(.text.USART_Receive)
    [Anonymous Symbol]                       0x08002a94   Section        0  usart_stm32f4xx.o(.text.USART_Receive)
    USART_Send                               0x08002afd   Thumb Code    80  usart_stm32f4xx.o(.text.USART_Send)
    [Anonymous Symbol]                       0x08002afc   Section        0  usart_stm32f4xx.o(.text.USART_Send)
    __arm_cp.18_0                            0x08002b4c   Number         4  usart_stm32f4xx.o(.text.USART_Send)
    __arm_cp.18_1                            0x08002b50   Number         4  usart_stm32f4xx.o(.text.USART_Send)
    USARTx_GetVersion                        0x08002b55   Thumb Code     4  usart_stm32f4xx.o(.text.USARTx_GetVersion)
    [Anonymous Symbol]                       0x08002b54   Section        0  usart_stm32f4xx.o(.text.USARTx_GetVersion)
    __arm_cp.2_0                             0x08002b58   Number         4  usart_stm32f4xx.o(.text.USARTx_GetVersion)
    [Anonymous Symbol]                       0x08002b5c   Section        0  stm32f4xx_it.o(.text.UsageFault_Handler)
    [Anonymous Symbol]                       0x08002b60   Section        0  calculations.o(.text.add_rotation)
    [Anonymous Symbol]                       0x08002b70   Section        0  calculations.o(.text.add_time)
    [Anonymous Symbol]                       0x08002ba8   Section        0  interrupts.o(.text.aktivate_interrupts)
    check_SPI_SR                             0x08002bc5   Thumb Code    32  lcd_spi.o(.text.check_SPI_SR)
    [Anonymous Symbol]                       0x08002bc4   Section        0  lcd_spi.o(.text.check_SPI_SR)
    __arm_cp.5_0                             0x08002be4   Number         4  lcd_spi.o(.text.check_SPI_SR)
    __arm_cp.5_1                             0x08002be8   Number         4  lcd_spi.o(.text.check_SPI_SR)
    [Anonymous Symbol]                       0x08002bec   Section        0  fsm.o(.text.error)
    [Anonymous Symbol]                       0x08002bfc   Section        0  retarget_io.o(.text.fputc)
    __arm_cp.0_0                             0x08002c0c   Number         4  retarget_io.o(.text.fputc)
    [Anonymous Symbol]                       0x08002c10   Section        0  zeitmessung.o(.text.getZeitspanne)
    [Anonymous Symbol]                       0x08002c3c   Section        0  fsm.o(.text.get_dircetion)
    [Anonymous Symbol]                       0x08002c48   Section        0  output.o(.text.get_error_input)
    [Anonymous Symbol]                       0x08002c88   Section        0  output.o(.text.get_phase)
    [Anonymous Symbol]                       0x08002ca0   Section        0  fsm.o(.text.get_pulse_count)
    [Anonymous Symbol]                       0x08002cac   Section        0  calculations.o(.text.get_time)
    [Anonymous Symbol]                       0x08002cb8   Section        0  init.o(.text.initITSboard)
    __arm_cp.0_0                             0x08002dec   Number         4  init.o(.text.initITSboard)
    __arm_cp.0_1                             0x08002df0   Number         4  init.o(.text.initITSboard)
    __arm_cp.0_2                             0x08002df4   Number         4  init.o(.text.initITSboard)
    [Anonymous Symbol]                       0x08002df8   Section        0  timer.o(.text.initTimer)
    __arm_cp.0_0                             0x08002e20   Number         4  timer.o(.text.initTimer)
    __arm_cp.0_1                             0x08002e24   Number         4  timer.o(.text.initTimer)
    [Anonymous Symbol]                       0x08002e28   Section        0  zeitmessung.o(.text.initZeitmessung)
    [Anonymous Symbol]                       0x08002e44   Section        0  displayout.o(.text.init_display)
    [Anonymous Symbol]                       0x08002e94   Section        0  interrupts.o(.text.init_interrupts)
    [Anonymous Symbol]                       0x08002f3c   Section        0  output.o(.text.init_output)
    [Anonymous Symbol]                       0x08002f4e   Section        0  lcd_tools.o(.text.itoa)
    [Anonymous Symbol]                       0x08002fc4   Section        0  interrupts.o(.text.kill_interrupts)
    [Anonymous Symbol]                       0x08002fe0   Section        0  lcd.o(.text.lcdGotoXY)
    [Anonymous Symbol]                       0x08002ff0   Section        0  lcd.o(.text.lcdPrintC)
    [Anonymous Symbol]                       0x08003054   Section        0  lcd.o(.text.lcdPrintS)
    [Anonymous Symbol]                       0x080030fc   Section        0  lcd.o(.text.lcdSetFont)
    __arm_cp.6_0                             0x08003158   Number         4  lcd.o(.text.lcdSetFont)
    __arm_cp.6_1                             0x0800315c   Number         4  lcd.o(.text.lcdSetFont)
    __arm_cp.6_2                             0x08003160   Number         4  lcd.o(.text.lcdSetFont)
    __arm_cp.6_4                             0x08003164   Number         4  lcd.o(.text.lcdSetFont)
    __arm_cp.6_5                             0x08003168   Number         4  lcd.o(.text.lcdSetFont)
    __arm_cp.6_6                             0x0800316c   Number         4  lcd.o(.text.lcdSetFont)
    [Anonymous Symbol]                       0x08003170   Section        0  fsm.o(.text.left_rotation)
    [Anonymous Symbol]                       0x08003198   Section        0  main.o(.text.main)
    [Anonymous Symbol]                       0x0800326c   Section        0  fsm.o(.text.no_rotation)
    [Anonymous Symbol]                       0x08003270   Section        0  calculations.o(.text.print)
    [Anonymous Symbol]                       0x08003340   Section        0  lcd_debug.o(.text.printDebugMsg)
    __arm_cp.0_1                             0x080033bc   Number         4  lcd_debug.o(.text.printDebugMsg)
    __arm_cp.0_2                             0x080033c0   Number         4  lcd_debug.o(.text.printDebugMsg)
    [Anonymous Symbol]                       0x080033cc   Section        0  output.o(.text.read_all)
    [Anonymous Symbol]                       0x080033fc   Section        0  calculations.o(.text.reset_calculations)
    [Anonymous Symbol]                       0x08003410   Section        0  displayout.o(.text.reset_display)
    [Anonymous Symbol]                       0x080034e4   Section        0  fsm.o(.text.reset_fsm)
    [Anonymous Symbol]                       0x08003500   Section        0  fsm.o(.text.right_rotation)
    [Anonymous Symbol]                       0x08003528   Section        0  output.o(.text.setGPIOPin)
    [Anonymous Symbol]                       0x08003544   Section        0  displayout.o(.text.setValues)
    [Anonymous Symbol]                       0x080037d0   Section        0  output.o(.text.set_all)
    [Anonymous Symbol]                       0x08003804   Section        0  fsm.o(.text.set_fsm_state)
    functions                                0x08003848   Number         0  fsm.o(.text.set_fsm_state)
    [Anonymous Symbol]                       0x0800387c   Section        0  stdinout_usart.o(.text.stdinout_init)
    [Anonymous Symbol]                       0x080038bc   Section        0  stdinout_usart.o(.text.stdout_putchar)
    __arm_cp.2_0                             0x080038e4   Number         4  stdinout_usart.o(.text.stdout_putchar)
    stringCopy                               0x080038e9   Thumb Code    22  lcd.o(.text.stringCopy)
    [Anonymous Symbol]                       0x080038e8   Section        0  lcd.o(.text.stringCopy)
    i.__0snprintf                            0x08003900   Section        0  printfa.o(i.__0snprintf)
    i.__scatterload_copy                     0x08003934   Section       14  handlers.o(i.__scatterload_copy)
    i.__scatterload_null                     0x08003942   Section        2  handlers.o(i.__scatterload_null)
    i.__scatterload_zeroinit                 0x08003944   Section       14  handlers.o(i.__scatterload_zeroinit)
    _fp_digits                               0x08003955   Thumb Code   366  printfa.o(i._fp_digits)
    i._fp_digits                             0x08003954   Section        0  printfa.o(i._fp_digits)
    _printf_core                             0x08003ad9   Thumb Code  1744  printfa.o(i._printf_core)
    i._printf_core                           0x08003ad8   Section        0  printfa.o(i._printf_core)
    _printf_post_padding                     0x080041b5   Thumb Code    36  printfa.o(i._printf_post_padding)
    i._printf_post_padding                   0x080041b4   Section        0  printfa.o(i._printf_post_padding)
    _printf_pre_padding                      0x080041d9   Thumb Code    46  printfa.o(i._printf_pre_padding)
    i._printf_pre_padding                    0x080041d8   Section        0  printfa.o(i._printf_pre_padding)
    _snputc                                  0x08004207   Thumb Code    22  printfa.o(i._snputc)
    i._snputc                                0x08004206   Section        0  printfa.o(i._snputc)
    i.puts                                   0x0800421c   Section        0  puts.o(i.puts)
    USART3_Resources                         0x08004290   Data          52  usart_stm32f4xx.o(.rodata.USART3_Resources)
    [Anonymous Symbol]                       0x08004290   Section        0  usart_stm32f4xx.o(.rodata.USART3_Resources)
    USART3_rx                                0x080042c4   Data          12  usart_stm32f4xx.o(.rodata.USART3_rx)
    [Anonymous Symbol]                       0x080042c4   Section        0  usart_stm32f4xx.o(.rodata.USART3_rx)
    USART3_tx                                0x080042d0   Data          12  usart_stm32f4xx.o(.rodata.USART3_tx)
    [Anonymous Symbol]                       0x080042d0   Section        0  usart_stm32f4xx.o(.rodata.USART3_tx)
    [Anonymous Symbol]                       0x08004343   Section        0  lcd_gui.o(.rodata.str1.1)
    [Anonymous Symbol]                       0x08004368   Section        0  lcd_spi.o(.rodata.str1.1)
    [Anonymous Symbol]                       0x0800438d   Section        0  lcd_tim.o(.rodata.str1.1)
    [Anonymous Symbol]                       0x080043b2   Section        0  lcd.o(.rodata.str1.1)
    transition_table                         0x080043fc   Data         208  fsm.o(.rodata.transition_table)
    [Anonymous Symbol]                       0x080043fc   Section        0  fsm.o(.rodata.transition_table)
    .data                                    0x20000000   Section        4  stdout.o(.data)
    [Anonymous Symbol]                       0x20000004   Section        0  stm32f4xx_hal.o(.data..L_MergedGlobals)
    .L_MergedGlobals                         0x2000000c   Data          20  output.o(.data..L_MergedGlobals)
    [Anonymous Symbol]                       0x2000000c   Section        0  output.o(.data..L_MergedGlobals)
    lcdmaxx                                  0x20000020   Data           4  lcd.o(.data..L_MergedGlobals)
    [Anonymous Symbol]                       0x20000020   Section        0  lcd.o(.data..L_MergedGlobals)
    fontWidth                                0x20000024   Data           4  lcd.o(.data..L_MergedGlobals)
    crd                                      0x20000028   Data           4  lcd.o(.data..L_MergedGlobals)
    fontHeight                               0x2000002c   Data           4  lcd.o(.data..L_MergedGlobals)
    lcdFont                                  0x20000030   Data           4  lcd.o(.data..L_MergedGlobals)
    lcdmaxy                                  0x20000034   Data           4  lcd.o(.data..L_MergedGlobals)
    fsm_state                                0x20000064   Data           4  fsm.o(.data.fsm_state)
    [Anonymous Symbol]                       0x20000064   Section        0  fsm.o(.data.fsm_state)
    .L_MergedGlobals                         0x20000068   Data          12  calculations.o(.bss..L_MergedGlobals)
    [Anonymous Symbol]                       0x20000068   Section        0  calculations.o(.bss..L_MergedGlobals)
    .L_MergedGlobals                         0x20000074   Data          12  displayout.o(.bss..L_MergedGlobals)
    letzter_winkel.0                         0x20000074   Data           1  displayout.o(.bss..L_MergedGlobals)
    [Anonymous Symbol]                       0x20000074   Section        0  displayout.o(.bss..L_MergedGlobals)
    letzter_winkel.1                         0x20000075   Data           1  displayout.o(.bss..L_MergedGlobals)
    letzter_winkel.2                         0x20000076   Data           1  displayout.o(.bss..L_MergedGlobals)
    letzter_winkel.3                         0x20000077   Data           1  displayout.o(.bss..L_MergedGlobals)
    letzter_winkel.4                         0x20000078   Data           1  displayout.o(.bss..L_MergedGlobals)
    letzte_winkelgeschwindigkeit.0           0x20000079   Data           1  displayout.o(.bss..L_MergedGlobals)
    letzte_winkelgeschwindigkeit.1           0x2000007a   Data           1  displayout.o(.bss..L_MergedGlobals)
    letzte_winkelgeschwindigkeit.2           0x2000007b   Data           1  displayout.o(.bss..L_MergedGlobals)
    letzte_winkelgeschwindigkeit.3           0x2000007c   Data           1  displayout.o(.bss..L_MergedGlobals)
    letzte_winkelgeschwindigkeit.4           0x2000007d   Data           1  displayout.o(.bss..L_MergedGlobals)
    letzte_winkelgeschwindigkeit.5           0x2000007e   Data           1  displayout.o(.bss..L_MergedGlobals)
    letzte_winkelgeschwindigkeit.6           0x2000007f   Data           1  displayout.o(.bss..L_MergedGlobals)
    .L_MergedGlobals                         0x20000080   Data           8  fsm.o(.bss..L_MergedGlobals)
    pulse_count                              0x20000080   Data           4  fsm.o(.bss..L_MergedGlobals)
    [Anonymous Symbol]                       0x20000080   Section        0  fsm.o(.bss..L_MergedGlobals)
    direction                                0x20000084   Data           4  fsm.o(.bss..L_MergedGlobals)
    .L_MergedGlobals                         0x20000088   Data           8  zeitmessung.o(.bss..L_MergedGlobals)
    [Anonymous Symbol]                       0x20000088   Section        0  zeitmessung.o(.bss..L_MergedGlobals)
    USART3_Info                              0x20000090   Data          20  usart_stm32f4xx.o(.bss..L_MergedGlobals)
    [Anonymous Symbol]                       0x20000090   Section        0  usart_stm32f4xx.o(.bss..L_MergedGlobals)
    USART3_TransferInfo                      0x200000a4   Data          36  usart_stm32f4xx.o(.bss..L_MergedGlobals)
    htim4                                    0x20000114   Data          64  lcd_tim.o(.bss.htim4)
    [Anonymous Symbol]                       0x20000114   Section        0  lcd_tim.o(.bss.htim4)
    phase_fsm                                0x20000154   Data           4  fsm.o(.bss.phase_fsm)
    [Anonymous Symbol]                       0x20000154   Section        0  fsm.o(.bss.phase_fsm)
    STACK                                    0x20000160   Section     1024  startup_stm32f429xx.o(STACK)

    Global Symbols

    Symbol Name                              Value     Ov Type        Size  Object(Section)

    BuildAttributes$$THM_ISAv4$E$P$D$K$B$S$7EM$VFPi3$EXTD16$VFPS$VFMA$PE$A:L22UL41UL21$X:L11$S22US41US21$IEEE1$IW$~IW$USESV6$~STKCKD$USESV7$~SHL$OTIME$ROPI$IEEEJ$EBA8$MICROLIB$REQ8$PRES8$EABIv2 0x00000000   Number         0  anon$$obj.o ABSOLUTE
    _printf_a                                0x00000000   Number         0  printfstubs.o ABSOLUTE
    _printf_c                                0x00000000   Number         0  printfstubs.o ABSOLUTE
    _printf_charcount                        0x00000000   Number         0  printfstubs.o ABSOLUTE
    _printf_d                                0x00000000   Number         0  printfstubs.o ABSOLUTE
    _printf_e                                0x00000000   Number         0  printfstubs.o ABSOLUTE
    _printf_f                                0x00000000   Number         0  printfstubs.o ABSOLUTE
    _printf_flags                            0x00000000   Number         0  printfstubs.o ABSOLUTE
    _printf_fp_dec                           0x00000000   Number         0  printfstubs.o ABSOLUTE
    _printf_fp_hex                           0x00000000   Number         0  printfstubs.o ABSOLUTE
    _printf_g                                0x00000000   Number         0  printfstubs.o ABSOLUTE
    _printf_i                                0x00000000   Number         0  printfstubs.o ABSOLUTE
    _printf_int_dec                          0x00000000   Number         0  printfstubs.o ABSOLUTE
    _printf_l                                0x00000000   Number         0  printfstubs.o ABSOLUTE
    _printf_lc                               0x00000000   Number         0  printfstubs.o ABSOLUTE
    _printf_ll                               0x00000000   Number         0  printfstubs.o ABSOLUTE
    _printf_lld                              0x00000000   Number         0  printfstubs.o ABSOLUTE
    _printf_lli                              0x00000000   Number         0  printfstubs.o ABSOLUTE
    _printf_llo                              0x00000000   Number         0  printfstubs.o ABSOLUTE
    _printf_llu                              0x00000000   Number         0  printfstubs.o ABSOLUTE
    _printf_llx                              0x00000000   Number         0  printfstubs.o ABSOLUTE
    _printf_longlong_dec                     0x00000000   Number         0  printfstubs.o ABSOLUTE
    _printf_longlong_hex                     0x00000000   Number         0  printfstubs.o ABSOLUTE
    _printf_longlong_oct                     0x00000000   Number         0  printfstubs.o ABSOLUTE
    _printf_ls                               0x00000000   Number         0  printfstubs.o ABSOLUTE
    _printf_mbtowc                           0x00000000   Number         0  printfstubs.o ABSOLUTE
    _printf_n                                0x00000000   Number         0  printfstubs.o ABSOLUTE
    _printf_o                                0x00000000   Number         0  printfstubs.o ABSOLUTE
    _printf_p                                0x00000000   Number         0  printfstubs.o ABSOLUTE
    _printf_percent                          0x00000000   Number         0  printfstubs.o ABSOLUTE
    _printf_pre_padding                      0x00000000   Number         0  printfstubs.o ABSOLUTE
    _printf_return_value                     0x00000000   Number         0  printfstubs.o ABSOLUTE
    _printf_s                                0x00000000   Number         0  printfstubs.o ABSOLUTE
    _printf_sizespec                         0x00000000   Number         0  printfstubs.o ABSOLUTE
    _printf_str                              0x00000000   Number         0  printfstubs.o ABSOLUTE
    _printf_truncate_signed                  0x00000000   Number         0  printfstubs.o ABSOLUTE
    _printf_truncate_unsigned                0x00000000   Number         0  printfstubs.o ABSOLUTE
    _printf_u                                0x00000000   Number         0  printfstubs.o ABSOLUTE
    _printf_wc                               0x00000000   Number         0  printfstubs.o ABSOLUTE
    _printf_wctomb                           0x00000000   Number         0  printfstubs.o ABSOLUTE
    _printf_widthprec                        0x00000000   Number         0  printfstubs.o ABSOLUTE
    _printf_x                                0x00000000   Number         0  printfstubs.o ABSOLUTE
    __cpp_initialize__aeabi_                  - Undefined Weak Reference
    __cxa_finalize                            - Undefined Weak Reference
    __decompress                              - Undefined Weak Reference
    _clock_init                               - Undefined Weak Reference
    _microlib_exit                            - Undefined Weak Reference
    __Vectors_Size                           0x000001ac   Number         0  startup_stm32f429xx.o ABSOLUTE
    __Vectors                                0x08000000   Data           4  startup_stm32f429xx.o(RESET)
    __Vectors_End                            0x080001ac   Data           0  startup_stm32f429xx.o(RESET)
    __main                                   0x080001ad   Thumb Code     0  entry.o(.ARM.Collect$$$$00000000)
    _main_stk                                0x080001ad   Thumb Code     0  entry2.o(.ARM.Collect$$$$00000001)
    _main_scatterload                        0x080001b1   Thumb Code     0  entry5.o(.ARM.Collect$$$$00000004)
    __main_after_scatterload                 0x080001b5   Thumb Code     0  entry5.o(.ARM.Collect$$$$00000004)
    _main_clock                              0x080001b5   Thumb Code     0  entry7b.o(.ARM.Collect$$$$00000008)
    _main_cpp_init                           0x080001b5   Thumb Code     0  entry8b.o(.ARM.Collect$$$$0000000A)
    _main_init                               0x080001b5   Thumb Code     0  entry9a.o(.ARM.Collect$$$$0000000B)
    __rt_final_cpp                           0x080001bd   Thumb Code     0  entry10a.o(.ARM.Collect$$$$0000000D)
    __rt_final_exit                          0x080001bd   Thumb Code     0  entry11a.o(.ARM.Collect$$$$0000000F)
    Reset_Handler                            0x080001c1   Thumb Code     8  startup_stm32f429xx.o(.text)
    ADC_IRQHandler                           0x080001db   Thumb Code     0  startup_stm32f429xx.o(.text)
    CAN1_RX0_IRQHandler                      0x080001db   Thumb Code     0  startup_stm32f429xx.o(.text)
    CAN1_RX1_IRQHandler                      0x080001db   Thumb Code     0  startup_stm32f429xx.o(.text)
    CAN1_SCE_IRQHandler                      0x080001db   Thumb Code     0  startup_stm32f429xx.o(.text)
    CAN1_TX_IRQHandler                       0x080001db   Thumb Code     0  startup_stm32f429xx.o(.text)
    CAN2_RX0_IRQHandler                      0x080001db   Thumb Code     0  startup_stm32f429xx.o(.text)
    CAN2_RX1_IRQHandler                      0x080001db   Thumb Code     0  startup_stm32f429xx.o(.text)
    CAN2_SCE_IRQHandler                      0x080001db   Thumb Code     0  startup_stm32f429xx.o(.text)
    CAN2_TX_IRQHandler                       0x080001db   Thumb Code     0  startup_stm32f429xx.o(.text)
    DCMI_IRQHandler                          0x080001db   Thumb Code     0  startup_stm32f429xx.o(.text)
    DMA1_Stream0_IRQHandler                  0x080001db   Thumb Code     0  startup_stm32f429xx.o(.text)
    DMA1_Stream1_IRQHandler                  0x080001db   Thumb Code     0  startup_stm32f429xx.o(.text)
    DMA1_Stream2_IRQHandler                  0x080001db   Thumb Code     0  startup_stm32f429xx.o(.text)
    DMA1_Stream3_IRQHandler                  0x080001db   Thumb Code     0  startup_stm32f429xx.o(.text)
    DMA1_Stream4_IRQHandler                  0x080001db   Thumb Code     0  startup_stm32f429xx.o(.text)
    DMA1_Stream5_IRQHandler                  0x080001db   Thumb Code     0  startup_stm32f429xx.o(.text)
    DMA1_Stream6_IRQHandler                  0x080001db   Thumb Code     0  startup_stm32f429xx.o(.text)
    DMA1_Stream7_IRQHandler                  0x080001db   Thumb Code     0  startup_stm32f429xx.o(.text)
    DMA2D_IRQHandler                         0x080001db   Thumb Code     0  startup_stm32f429xx.o(.text)
    DMA2_Stream0_IRQHandler                  0x080001db   Thumb Code     0  startup_stm32f429xx.o(.text)
    DMA2_Stream1_IRQHandler                  0x080001db   Thumb Code     0  startup_stm32f429xx.o(.text)
    DMA2_Stream2_IRQHandler                  0x080001db   Thumb Code     0  startup_stm32f429xx.o(.text)
    DMA2_Stream3_IRQHandler                  0x080001db   Thumb Code     0  startup_stm32f429xx.o(.text)
    DMA2_Stream4_IRQHandler                  0x080001db   Thumb Code     0  startup_stm32f429xx.o(.text)
    DMA2_Stream5_IRQHandler                  0x080001db   Thumb Code     0  startup_stm32f429xx.o(.text)
    DMA2_Stream6_IRQHandler                  0x080001db   Thumb Code     0  startup_stm32f429xx.o(.text)
    DMA2_Stream7_IRQHandler                  0x080001db   Thumb Code     0  startup_stm32f429xx.o(.text)
    ETH_WKUP_IRQHandler                      0x080001db   Thumb Code     0  startup_stm32f429xx.o(.text)
    EXTI15_10_IRQHandler                     0x080001db   Thumb Code     0  startup_stm32f429xx.o(.text)
    EXTI2_IRQHandler                         0x080001db   Thumb Code     0  startup_stm32f429xx.o(.text)
    EXTI3_IRQHandler                         0x080001db   Thumb Code     0  startup_stm32f429xx.o(.text)
    EXTI4_IRQHandler                         0x080001db   Thumb Code     0  startup_stm32f429xx.o(.text)
    EXTI9_5_IRQHandler                       0x080001db   Thumb Code     0  startup_stm32f429xx.o(.text)
    FLASH_IRQHandler                         0x080001db   Thumb Code     0  startup_stm32f429xx.o(.text)
    FMC_IRQHandler                           0x080001db   Thumb Code     0  startup_stm32f429xx.o(.text)
    FPU_IRQHandler                           0x080001db   Thumb Code     0  startup_stm32f429xx.o(.text)
    HASH_RNG_IRQHandler                      0x080001db   Thumb Code     0  startup_stm32f429xx.o(.text)
    I2C1_ER_IRQHandler                       0x080001db   Thumb Code     0  startup_stm32f429xx.o(.text)
    I2C1_EV_IRQHandler                       0x080001db   Thumb Code     0  startup_stm32f429xx.o(.text)
    I2C2_ER_IRQHandler                       0x080001db   Thumb Code     0  startup_stm32f429xx.o(.text)
    I2C2_EV_IRQHandler                       0x080001db   Thumb Code     0  startup_stm32f429xx.o(.text)
    I2C3_ER_IRQHandler                       0x080001db   Thumb Code     0  startup_stm32f429xx.o(.text)
    I2C3_EV_IRQHandler                       0x080001db   Thumb Code     0  startup_stm32f429xx.o(.text)
    LTDC_ER_IRQHandler                       0x080001db   Thumb Code     0  startup_stm32f429xx.o(.text)
    LTDC_IRQHandler                          0x080001db   Thumb Code     0  startup_stm32f429xx.o(.text)
    OTG_FS_IRQHandler                        0x080001db   Thumb Code     0  startup_stm32f429xx.o(.text)
    OTG_FS_WKUP_IRQHandler                   0x080001db   Thumb Code     0  startup_stm32f429xx.o(.text)
    OTG_HS_EP1_IN_IRQHandler                 0x080001db   Thumb Code     0  startup_stm32f429xx.o(.text)
    OTG_HS_EP1_OUT_IRQHandler                0x080001db   Thumb Code     0  startup_stm32f429xx.o(.text)
    OTG_HS_IRQHandler                        0x080001db   Thumb Code     0  startup_stm32f429xx.o(.text)
    OTG_HS_WKUP_IRQHandler                   0x080001db   Thumb Code     0  startup_stm32f429xx.o(.text)
    PVD_IRQHandler                           0x080001db   Thumb Code     0  startup_stm32f429xx.o(.text)
    RCC_IRQHandler                           0x080001db   Thumb Code     0  startup_stm32f429xx.o(.text)
    RTC_Alarm_IRQHandler                     0x080001db   Thumb Code     0  startup_stm32f429xx.o(.text)
    RTC_WKUP_IRQHandler                      0x080001db   Thumb Code     0  startup_stm32f429xx.o(.text)
    SAI1_IRQHandler                          0x080001db   Thumb Code     0  startup_stm32f429xx.o(.text)
    SDIO_IRQHandler                          0x080001db   Thumb Code     0  startup_stm32f429xx.o(.text)
    SPI1_IRQHandler                          0x080001db   Thumb Code     0  startup_stm32f429xx.o(.text)
    SPI2_IRQHandler                          0x080001db   Thumb Code     0  startup_stm32f429xx.o(.text)
    SPI3_IRQHandler                          0x080001db   Thumb Code     0  startup_stm32f429xx.o(.text)
    SPI4_IRQHandler                          0x080001db   Thumb Code     0  startup_stm32f429xx.o(.text)
    SPI5_IRQHandler                          0x080001db   Thumb Code     0  startup_stm32f429xx.o(.text)
    SPI6_IRQHandler                          0x080001db   Thumb Code     0  startup_stm32f429xx.o(.text)
    TAMP_STAMP_IRQHandler                    0x080001db   Thumb Code     0  startup_stm32f429xx.o(.text)
    TIM1_BRK_TIM9_IRQHandler                 0x080001db   Thumb Code     0  startup_stm32f429xx.o(.text)
    TIM1_CC_IRQHandler                       0x080001db   Thumb Code     0  startup_stm32f429xx.o(.text)
    TIM1_TRG_COM_TIM11_IRQHandler            0x080001db   Thumb Code     0  startup_stm32f429xx.o(.text)
    TIM1_UP_TIM10_IRQHandler                 0x080001db   Thumb Code     0  startup_stm32f429xx.o(.text)
    TIM2_IRQHandler                          0x080001db   Thumb Code     0  startup_stm32f429xx.o(.text)
    TIM3_IRQHandler                          0x080001db   Thumb Code     0  startup_stm32f429xx.o(.text)
    TIM4_IRQHandler                          0x080001db   Thumb Code     0  startup_stm32f429xx.o(.text)
    TIM5_IRQHandler                          0x080001db   Thumb Code     0  startup_stm32f429xx.o(.text)
    TIM6_DAC_IRQHandler                      0x080001db   Thumb Code     0  startup_stm32f429xx.o(.text)
    TIM7_IRQHandler                          0x080001db   Thumb Code     0  startup_stm32f429xx.o(.text)
    TIM8_BRK_TIM12_IRQHandler                0x080001db   Thumb Code     0  startup_stm32f429xx.o(.text)
    TIM8_CC_IRQHandler                       0x080001db   Thumb Code     0  startup_stm32f429xx.o(.text)
    TIM8_TRG_COM_TIM14_IRQHandler            0x080001db   Thumb Code     0  startup_stm32f429xx.o(.text)
    TIM8_UP_TIM13_IRQHandler                 0x080001db   Thumb Code     0  startup_stm32f429xx.o(.text)
    UART4_IRQHandler                         0x080001db   Thumb Code     0  startup_stm32f429xx.o(.text)
    UART5_IRQHandler                         0x080001db   Thumb Code     0  startup_stm32f429xx.o(.text)
    UART7_IRQHandler                         0x080001db   Thumb Code     0  startup_stm32f429xx.o(.text)
    UART8_IRQHandler                         0x080001db   Thumb Code     0  startup_stm32f429xx.o(.text)
    USART1_IRQHandler                        0x080001db   Thumb Code     0  startup_stm32f429xx.o(.text)
    USART2_IRQHandler                        0x080001db   Thumb Code     0  startup_stm32f429xx.o(.text)
    USART6_IRQHandler                        0x080001db   Thumb Code     0  startup_stm32f429xx.o(.text)
    WWDG_IRQHandler                          0x080001db   Thumb Code     0  startup_stm32f429xx.o(.text)
    __aeabi_uldivmod                         0x080001e5   Thumb Code    98  uldiv.o(.text)
    __aeabi_memset                           0x08000247   Thumb Code    14  memseta.o(.text)
    __aeabi_memset4                          0x08000247   Thumb Code     0  memseta.o(.text)
    __aeabi_memset8                          0x08000247   Thumb Code     0  memseta.o(.text)
    __aeabi_memclr                           0x08000255   Thumb Code     4  memseta.o(.text)
    __aeabi_memclr4                          0x08000255   Thumb Code     0  memseta.o(.text)
    __aeabi_memclr8                          0x08000255   Thumb Code     0  memseta.o(.text)
    _memset$wrapper                          0x08000259   Thumb Code    18  memseta.o(.text)
    strlen                                   0x0800026b   Thumb Code    14  strlen.o(.text)
    __aeabi_dadd                             0x08000279   Thumb Code   322  dadd.o(.text)
    __aeabi_dsub                             0x080003bb   Thumb Code     6  dadd.o(.text)
    __aeabi_drsub                            0x080003c1   Thumb Code     6  dadd.o(.text)
    __aeabi_dmul                             0x080003c7   Thumb Code   228  dmul.o(.text)
    __aeabi_i2d                              0x080004ab   Thumb Code    34  dflti.o(.text)
    __aeabi_ui2d                             0x080004cd   Thumb Code    26  dfltui.o(.text)
    __aeabi_d2uiz                            0x080004e7   Thumb Code    50  dfixui.o(.text)
    __aeabi_uidiv                            0x08000519   Thumb Code     0  uidiv.o(.text)
    __aeabi_uidivmod                         0x08000519   Thumb Code    44  uidiv.o(.text)
    __aeabi_llsl                             0x08000545   Thumb Code    30  llshl.o(.text)
    _ll_shift_l                              0x08000545   Thumb Code     0  llshl.o(.text)
    __aeabi_llsr                             0x08000563   Thumb Code    32  llushr.o(.text)
    _ll_ushift_r                             0x08000563   Thumb Code     0  llushr.o(.text)
    __aeabi_lasr                             0x08000583   Thumb Code    36  llsshr.o(.text)
    _ll_sshift_r                             0x08000583   Thumb Code     0  llsshr.o(.text)
    __I$use$fp                               0x080005a7   Thumb Code     0  iusefp.o(.text)
    _double_round                            0x080005a7   Thumb Code    30  depilogue.o(.text)
    _double_epilogue                         0x080005c5   Thumb Code   156  depilogue.o(.text)
    __aeabi_ddiv                             0x08000661   Thumb Code   222  ddiv.o(.text)
    __aeabi_d2ulz                            0x0800073f   Thumb Code    48  dfixul.o(.text)
    __aeabi_cdrcmple                         0x08000771   Thumb Code    48  cdrcmple.o(.text)
    __scatterload                            0x080007a1   Thumb Code    38  init.o(.text)
    __scatterload_rt2                        0x080007a1   Thumb Code     0  init.o(.text)
    BusFault_Handler                         0x080007d1   Thumb Code     2  stm32f4xx_it.o(.text.BusFault_Handler)
    DebugMon_Handler                         0x080007d3   Thumb Code     2  stm32f4xx_it.o(.text.DebugMon_Handler)
    Driver_Delay_ms                          0x080007d5   Thumb Code     4  lcd_tools.o(.text.Driver_Delay_ms)
    ETH_IRQHandler                           0x080007d9   Thumb Code     8  stm32f4xx_it.o(.text.ETH_IRQHandler)
    EXTI0_IRQHandler                         0x080007e5   Thumb Code    20  interrupts.o(.text.EXTI0_IRQHandler)
    EXTI1_IRQHandler                         0x080007f9   Thumb Code    20  interrupts.o(.text.EXTI1_IRQHandler)
    Error_Handler                            0x080009c1   Thumb Code   104  error.o(.text.Error_Handler)
    GPIO_Init                                0x08000a29   Thumb Code   268  lcd_gpio.o(.text.GPIO_Init)
    GUI_disChar                              0x08000b45   Thumb Code   108  lcd_gui.o(.text.GUI_disChar)
    GUI_disNum                               0x08000bb1   Thumb Code    80  lcd_gui.o(.text.GUI_disNum)
    GUI_disStr                               0x08000c01   Thumb Code   156  lcd_gui.o(.text.GUI_disStr)
    GUI_drawRectangle                        0x08000c9d   Thumb Code   208  lcd_gui.o(.text.GUI_drawRectangle)
    GUI_init                                 0x08000d75   Thumb Code    18  lcd_gui.o(.text.GUI_init)
    HAL_Delay                                0x08000d89   Thumb Code    32  stm32f4xx_hal.o(.text.HAL_Delay)
    HAL_ETH_ErrorCallback                    0x08000da9   Thumb Code     2  stm32f4xx_hal_eth.o(.text.HAL_ETH_ErrorCallback)
    HAL_ETH_IRQHandler                       0x08000dab   Thumb Code   106  stm32f4xx_hal_eth.o(.text.HAL_ETH_IRQHandler)
    HAL_ETH_RxCpltCallback                   0x08000e15   Thumb Code     2  stm32f4xx_hal_eth.o(.text.HAL_ETH_RxCpltCallback)
    HAL_ETH_TxCpltCallback                   0x08000e17   Thumb Code     2  stm32f4xx_hal_eth.o(.text.HAL_ETH_TxCpltCallback)
    HAL_GPIO_DeInit                          0x08000e19   Thumb Code   216  stm32f4xx_hal_gpio.o(.text.HAL_GPIO_DeInit)
    HAL_GPIO_Init                            0x08000ef1   Thumb Code   364  stm32f4xx_hal_gpio.o(.text.HAL_GPIO_Init)
    HAL_GPIO_TogglePin                       0x08001075   Thumb Code    14  stm32f4xx_hal_gpio.o(.text.HAL_GPIO_TogglePin)
    HAL_GPIO_WritePin                        0x08001083   Thumb Code    10  stm32f4xx_hal_gpio.o(.text.HAL_GPIO_WritePin)
    HAL_GetTick                              0x0800108d   Thumb Code     8  stm32f4xx_hal.o(.text.HAL_GetTick)
    HAL_IncTick                              0x08001095   Thumb Code    16  stm32f4xx_hal.o(.text.HAL_IncTick)
    HAL_Init                                 0x080010a9   Thumb Code    40  stm32f4xx_hal.o(.text.HAL_Init)
    HAL_InitTick                             0x080010d5   Thumb Code    56  stm32f4xx_hal.o(.text.HAL_InitTick)
    HAL_MspInit                              0x08001111   Thumb Code     2  stm32f4xx_hal.o(.text.HAL_MspInit)
    HAL_NVIC_DisableIRQ                      0x08001115   Thumb Code    28  stm32f4xx_hal_cortex.o(.text.HAL_NVIC_DisableIRQ)
    HAL_NVIC_SetPriority                     0x08001135   Thumb Code    72  stm32f4xx_hal_cortex.o(.text.HAL_NVIC_SetPriority)
    HAL_NVIC_SetPriorityGrouping             0x08001181   Thumb Code    24  stm32f4xx_hal_cortex.o(.text.HAL_NVIC_SetPriorityGrouping)
    HAL_PWREx_EnableOverDrive                0x080011a1   Thumb Code    92  stm32f4xx_hal_pwr_ex.o(.text.HAL_PWREx_EnableOverDrive)
    HAL_RCC_ClockConfig                      0x08001209   Thumb Code   268  stm32f4xx_hal_rcc.o(.text.HAL_RCC_ClockConfig)
    HAL_RCC_GetPCLK1Freq                     0x08001321   Thumb Code    20  stm32f4xx_hal_rcc.o(.text.HAL_RCC_GetPCLK1Freq)
    HAL_RCC_GetSysClockFreq                  0x08001341   Thumb Code    80  stm32f4xx_hal_rcc.o(.text.HAL_RCC_GetSysClockFreq)
    HAL_RCC_OscConfig                        0x0800139d   Thumb Code   788  stm32f4xx_hal_rcc.o(.text.HAL_RCC_OscConfig)
    HAL_SYSTICK_Config                       0x080016bd   Thumb Code    32  stm32f4xx_hal_cortex.o(.text.HAL_SYSTICK_Config)
    HAL_TIMEx_MasterConfigSynchronization    0x080016e5   Thumb Code   112  stm32f4xx_hal_tim_ex.o(.text.HAL_TIMEx_MasterConfigSynchronization)
    HAL_TIM_PWM_ConfigChannel                0x08001769   Thumb Code   148  stm32f4xx_hal_tim.o(.text.HAL_TIM_PWM_ConfigChannel)
    HAL_TIM_PWM_Init                         0x080017fd   Thumb Code    30  stm32f4xx_hal_tim.o(.text.HAL_TIM_PWM_Init)
    HAL_TIM_PWM_MspInit                      0x0800181d   Thumb Code    40  lcd_tim.o(.text.HAL_TIM_PWM_MspInit)
    HAL_TIM_PWM_Start                        0x0800184d   Thumb Code    40  stm32f4xx_hal_tim.o(.text.HAL_TIM_PWM_Start)
    HardFault_Handler                        0x08001879   Thumb Code     2  stm32f4xx_it.o(.text.HardFault_Handler)
    LCDErrHandler                            0x0800187d   Thumb Code   104  lcd_tools.o(.text.LCDErrHandler)
    LCD_clear                                0x08001975   Thumb Code    16  lcd_driver.o(.text.LCD_clear)
    LCD_fillRectangleBW                      0x08001985   Thumb Code   188  lcd_driver.o(.text.LCD_fillRectangleBW)
    LCD_fillRectangleMC                      0x08001a41   Thumb Code    98  lcd_driver.o(.text.LCD_fillRectangleMC)
    LCD_init                                 0x08001aa5   Thumb Code   180  lcd_driver.o(.text.LCD_init)
    MemManage_Handler                        0x08001bb5   Thumb Code     2  stm32f4xx_it.o(.text.MemManage_Handler)
    NMI_Handler                              0x08001bb7   Thumb Code     2  stm32f4xx_it.o(.text.NMI_Handler)
    PWM_SetValue                             0x08001cbd   Thumb Code    40  lcd_tim.o(.text.PWM_SetValue)
    PendSV_Handler                           0x08001ce5   Thumb Code     2  stm32f4xx_it.o(.text.PendSV_Handler)
    SPI4W_Write_Byte                         0x08001ce9   Thumb Code    40  lcd_spi.o(.text.SPI4W_Write_Byte)
    SPIinit                                  0x08001d45   Thumb Code   152  lcd_spi.o(.text.SPIinit)
    SVC_Handler                              0x08001de5   Thumb Code     2  stm32f4xx_it.o(.text.SVC_Handler)
    SysTick_Handler                          0x08001de7   Thumb Code     4  stm32f4xx_it.o(.text.SysTick_Handler)
    SystemInit                               0x08001ded   Thumb Code    60  system_stm32f4xx.o(.text.SystemInit)
    TIM4_Init                                0x08001e39   Thumb Code   140  lcd_tim.o(.text.TIM4_Init)
    TIM_Base_SetConfig                       0x08001ecd   Thumb Code   172  stm32f4xx_hal_tim.o(.text.TIM_Base_SetConfig)
    TIM_CCxChannelCmd                        0x08001fa1   Thumb Code    30  stm32f4xx_hal_tim.o(.text.TIM_CCxChannelCmd)
    TIM_OC2_SetConfig                        0x08002021   Thumb Code    92  stm32f4xx_hal_tim.o(.text.TIM_OC2_SetConfig)
    USART3_IRQHandler                        0x080021a5   Thumb Code     8  usart_stm32f4xx.o(.text.USART3_IRQHandler)
    USART_IRQHandler                         0x080027dd   Thumb Code   512  usart_stm32f4xx.o(.text.USART_IRQHandler)
    UsageFault_Handler                       0x08002b5d   Thumb Code     2  stm32f4xx_it.o(.text.UsageFault_Handler)
    add_rotation                             0x08002b61   Thumb Code    16  calculations.o(.text.add_rotation)
    add_time                                 0x08002b71   Thumb Code    56  calculations.o(.text.add_time)
    aktivate_interrupts                      0x08002ba9   Thumb Code    26  interrupts.o(.text.aktivate_interrupts)
    error                                    0x08002bed   Thumb Code    14  fsm.o(.text.error)
    fputc                                    0x08002bfd   Thumb Code    16  retarget_io.o(.text.fputc)
    getZeitspanne                            0x08002c11   Thumb Code    44  zeitmessung.o(.text.getZeitspanne)
    get_dircetion                            0x08002c3d   Thumb Code    12  fsm.o(.text.get_dircetion)
    get_error_input                          0x08002c49   Thumb Code    62  output.o(.text.get_error_input)
    get_phase                                0x08002c89   Thumb Code    24  output.o(.text.get_phase)
    get_pulse_count                          0x08002ca1   Thumb Code    12  fsm.o(.text.get_pulse_count)
    get_time                                 0x08002cad   Thumb Code    12  calculations.o(.text.get_time)
    initITSboard                             0x08002cb9   Thumb Code   308  init.o(.text.initITSboard)
    initTimer                                0x08002df9   Thumb Code    40  timer.o(.text.initTimer)
    initZeitmessung                          0x08002e29   Thumb Code    26  zeitmessung.o(.text.initZeitmessung)
    init_display                             0x08002e45   Thumb Code    44  displayout.o(.text.init_display)
    init_interrupts                          0x08002e95   Thumb Code   166  interrupts.o(.text.init_interrupts)
    init_output                              0x08002f3d   Thumb Code    18  output.o(.text.init_output)
    itoa                                     0x08002f4f   Thumb Code   116  lcd_tools.o(.text.itoa)
    kill_interrupts                          0x08002fc5   Thumb Code    26  interrupts.o(.text.kill_interrupts)
    lcdGotoXY                                0x08002fe1   Thumb Code    16  lcd.o(.text.lcdGotoXY)
    lcdPrintC                                0x08002ff1   Thumb Code   100  lcd.o(.text.lcdPrintC)
    lcdPrintS                                0x08003055   Thumb Code   168  lcd.o(.text.lcdPrintS)
    lcdSetFont                               0x080030fd   Thumb Code    92  lcd.o(.text.lcdSetFont)
    left_rotation                            0x08003171   Thumb Code    38  fsm.o(.text.left_rotation)
    main                                     0x08003199   Thumb Code   180  main.o(.text.main)
    no_rotation                              0x0800326d   Thumb Code     2  fsm.o(.text.no_rotation)
    print                                    0x08003271   Thumb Code   184  calculations.o(.text.print)
    printDebugMsg                            0x08003341   Thumb Code   100  lcd_debug.o(.text.printDebugMsg)
    read_all                                 0x080033cd   Thumb Code    48  output.o(.text.read_all)
    reset_calculations                       0x080033fd   Thumb Code    18  calculations.o(.text.reset_calculations)
    reset_display                            0x08003411   Thumb Code   212  displayout.o(.text.reset_display)
    reset_fsm                                0x080034e5   Thumb Code    26  fsm.o(.text.reset_fsm)
    right_rotation                           0x08003501   Thumb Code    38  fsm.o(.text.right_rotation)
    setGPIOPin                               0x08003529   Thumb Code    26  output.o(.text.setGPIOPin)
    setValues                                0x08003545   Thumb Code   636  displayout.o(.text.setValues)
    set_all                                  0x080037d1   Thumb Code    50  output.o(.text.set_all)
    set_fsm_state                            0x08003805   Thumb Code    68  fsm.o(.text.set_fsm_state)
    stdinout_init                            0x0800387d   Thumb Code    64  stdinout_usart.o(.text.stdinout_init)
    stdout_putchar                           0x080038bd   Thumb Code    40  stdinout_usart.o(.text.stdout_putchar)
    __0snprintf                              0x08003901   Thumb Code    48  printfa.o(i.__0snprintf)
    __1snprintf                              0x08003901   Thumb Code     0  printfa.o(i.__0snprintf)
    __2snprintf                              0x08003901   Thumb Code     0  printfa.o(i.__0snprintf)
    __c89snprintf                            0x08003901   Thumb Code     0  printfa.o(i.__0snprintf)
    snprintf                                 0x08003901   Thumb Code     0  printfa.o(i.__0snprintf)
    __scatterload_copy                       0x08003935   Thumb Code    14  handlers.o(i.__scatterload_copy)
    __scatterload_null                       0x08003943   Thumb Code     2  handlers.o(i.__scatterload_null)
    __scatterload_zeroinit                   0x08003945   Thumb Code    14  handlers.o(i.__scatterload_zeroinit)
    puts                                     0x0800421d   Thumb Code    30  puts.o(i.puts)
    AHBPrescTable                            0x08004240   Data          16  system_stm32f4xx.o(.rodata.AHBPrescTable)
    APBPrescTable                            0x08004250   Data           8  system_stm32f4xx.o(.rodata.APBPrescTable)
    Driver_USART3                            0x08004258   Data          56  usart_stm32f4xx.o(.rodata.Driver_USART3)
    initCmds                                 0x080042dc   Data         103  lcd_driver.o(.rodata.initCmds)
    Region$$Table$$Base                      0x080044cc   Number         0  anon$$obj.o(Region$$Table)
    Region$$Table$$Limit                     0x080044ec   Number         0  anon$$obj.o(Region$$Table)
    __stdout                                 0x20000000   Data           4  stdout.o(.data)
    uwTickFreq                               0x20000004   Data           1  stm32f4xx_hal.o(.data..L_MergedGlobals)
    uwTickPrio                               0x20000008   Data           4  stm32f4xx_hal.o(.data..L_MergedGlobals)
    phase                                    0x2000000c   Data           4  output.o(.data..L_MergedGlobals)
    phase_matrix                             0x20000010   Data          16  output.o(.data..L_MergedGlobals)
    Font12FLASH                              0x20000038   Data           8  fontsflash.o(.data.Font12FLASH)
    Font16FLASH                              0x20000040   Data           8  fontsflash.o(.data.Font16FLASH)
    Font20FLASH                              0x20000048   Data           8  fontsflash.o(.data.Font20FLASH)
    Font24FLASH                              0x20000050   Data           8  fontsflash.o(.data.Font24FLASH)
    Font8FLASH                               0x20000058   Data           8  fontsflash.o(.data.Font8FLASH)
    SystemCoreClock                          0x20000060   Data           4  system_stm32f4xx.o(.data.SystemCoreClock)
    last_pulse                               0x20000068   Data           4  calculations.o(.bss..L_MergedGlobals)
    rotations                                0x2000006c   Data           4  calculations.o(.bss..L_MergedGlobals)
    time_passed                              0x20000070   Data           4  calculations.o(.bss..L_MergedGlobals)
    t1                                       0x20000088   Data           4  zeitmessung.o(.bss..L_MergedGlobals)
    t2                                       0x2000008c   Data           4  zeitmessung.o(.bss..L_MergedGlobals)
    EthHandle                                0x200000c8   Data          72  stm32f4xx_it.o(.bss.EthHandle)
    errno                                    0x20000110   Data           4  main.o(.bss.errno)
    uwTick                                   0x20000158   Data           4  stm32f4xx_hal.o(.bss.uwTick)
    __initial_sp                             0x20000560   Data           0  startup_stm32f429xx.o(STACK)



==============================================================================

Memory Map of the image

  Image Entry point : 0x080001ad

  Load Region LR_IROM1 (Base: 0x08000000, Size: 0x00004558, Max: 0x00200000, ABSOLUTE)

    Execution Region ER_IROM1 (Exec base: 0x08000000, Load base: 0x08000000, Size: 0x000044ec, Max: 0x00200000, ABSOLUTE)

    Exec Addr    Load Addr    Size         Type   Attr      Idx    E Section Name        Object

    0x08000000   0x08000000   0x000001ac   Data   RO          113    RESET               startup_stm32f429xx.o
    0x080001ac   0x080001ac   0x00000000   Code   RO         2002  * .ARM.Collect$$$$00000000  mc_w.l(entry.o)
    0x080001ac   0x080001ac   0x00000004   Code   RO         2299    .ARM.Collect$$$$00000001  mc_w.l(entry2.o)
    0x080001b0   0x080001b0   0x00000004   Code   RO         2302    .ARM.Collect$$$$00000004  mc_w.l(entry5.o)
    0x080001b4   0x080001b4   0x00000000   Code   RO         2304    .ARM.Collect$$$$00000008  mc_w.l(entry7b.o)
    0x080001b4   0x080001b4   0x00000000   Code   RO         2306    .ARM.Collect$$$$0000000A  mc_w.l(entry8b.o)
    0x080001b4   0x080001b4   0x00000008   Code   RO         2307    .ARM.Collect$$$$0000000B  mc_w.l(entry9a.o)
    0x080001bc   0x080001bc   0x00000000   Code   RO         2309    .ARM.Collect$$$$0000000D  mc_w.l(entry10a.o)
    0x080001bc   0x080001bc   0x00000000   Code   RO         2311    .ARM.Collect$$$$0000000F  mc_w.l(entry11a.o)
    0x080001bc   0x080001bc   0x00000004   Code   RO         2300    .ARM.Collect$$$$00002712  mc_w.l(entry2.o)
    0x080001c0   0x080001c0   0x00000024   Code   RO          114    .text               startup_stm32f429xx.o
    0x080001e4   0x080001e4   0x00000062   Code   RO         2016    .text               mc_w.l(uldiv.o)
    0x08000246   0x08000246   0x00000024   Code   RO         2020    .text               mc_w.l(memseta.o)
    0x0800026a   0x0800026a   0x0000000e   Code   RO         2022    .text               mc_w.l(strlen.o)
    0x08000278   0x08000278   0x0000014e   Code   RO         2287    .text               mf_w.l(dadd.o)
    0x080003c6   0x080003c6   0x000000e4   Code   RO         2289    .text               mf_w.l(dmul.o)
    0x080004aa   0x080004aa   0x00000022   Code   RO         2291    .text               mf_w.l(dflti.o)
    0x080004cc   0x080004cc   0x0000001a   Code   RO         2293    .text               mf_w.l(dfltui.o)
    0x080004e6   0x080004e6   0x00000032   Code   RO         2297    .text               mf_w.l(dfixui.o)
    0x08000518   0x08000518   0x0000002c   Code   RO         2322    .text               mc_w.l(uidiv.o)
    0x08000544   0x08000544   0x0000001e   Code   RO         2324    .text               mc_w.l(llshl.o)
    0x08000562   0x08000562   0x00000020   Code   RO         2326    .text               mc_w.l(llushr.o)
    0x08000582   0x08000582   0x00000024   Code   RO         2328    .text               mc_w.l(llsshr.o)
    0x080005a6   0x080005a6   0x00000000   Code   RO         2337    .text               mc_w.l(iusefp.o)
    0x080005a6   0x080005a6   0x000000ba   Code   RO         2338    .text               mf_w.l(depilogue.o)
    0x08000660   0x08000660   0x000000de   Code   RO         2340    .text               mf_w.l(ddiv.o)
    0x0800073e   0x0800073e   0x00000030   Code   RO         2344    .text               mf_w.l(dfixul.o)
    0x0800076e   0x0800076e   0x00000002   PAD
    0x08000770   0x08000770   0x00000030   Code   RO         2346    .text               mf_w.l(cdrcmple.o)
    0x080007a0   0x080007a0   0x00000030   Code   RO         2348    .text               mc_w.l(init.o)
    0x080007d0   0x080007d0   0x00000002   Code   RO           90    .text.BusFault_Handler  stm32f4xx_it.o
    0x080007d2   0x080007d2   0x00000002   Code   RO           96    .text.DebugMon_Handler  stm32f4xx_it.o
    0x080007d4   0x080007d4   0x00000004   Code   RO         1677    .text.Driver_Delay_ms  lcd_tools.o
    0x080007d8   0x080007d8   0x0000000c   Code   RO          102    .text.ETH_IRQHandler  stm32f4xx_it.o
    0x080007e4   0x080007e4   0x00000014   Code   RO         1311    .text.EXTI0_IRQHandler  interrupts.o
    0x080007f8   0x080007f8   0x00000014   Code   RO         1313    .text.EXTI1_IRQHandler  interrupts.o
    0x0800080c   0x0800080c   0x000001b4   Code   RO         1972    .text.Enable_GPIO_Clock  usart_stm32f4xx.o
    0x080009c0   0x080009c0   0x00000068   Code   RO         1797    .text.Error_Handler  error.o
    0x08000a28   0x08000a28   0x0000011c   Code   RO         1647    .text.GPIO_Init     lcd_gpio.o
    0x08000b44   0x08000b44   0x0000006c   Code   RO         1560    .text.GUI_disChar   lcd_gui.o
    0x08000bb0   0x08000bb0   0x00000050   Code   RO         1564    .text.GUI_disNum    lcd_gui.o
    0x08000c00   0x08000c00   0x0000009c   Code   RO         1562    .text.GUI_disStr    lcd_gui.o
    0x08000c9c   0x08000c9c   0x000000d8   Code   RO         1558    .text.GUI_drawRectangle  lcd_gui.o
    0x08000d74   0x08000d74   0x00000012   Code   RO         1552    .text.GUI_init      lcd_gui.o
    0x08000d86   0x08000d86   0x00000002   PAD
    0x08000d88   0x08000d88   0x00000020   Code   RO          141    .text.HAL_Delay     stm32f4xx_hal.o
    0x08000da8   0x08000da8   0x00000002   Code   RO          317    .text.HAL_ETH_ErrorCallback  stm32f4xx_hal_eth.o
    0x08000daa   0x08000daa   0x0000006a   Code   RO          311    .text.HAL_ETH_IRQHandler  stm32f4xx_hal_eth.o
    0x08000e14   0x08000e14   0x00000002   Code   RO          313    .text.HAL_ETH_RxCpltCallback  stm32f4xx_hal_eth.o
    0x08000e16   0x08000e16   0x00000002   Code   RO          315    .text.HAL_ETH_TxCpltCallback  stm32f4xx_hal_eth.o
    0x08000e18   0x08000e18   0x000000d8   Code   RO          361    .text.HAL_GPIO_DeInit  stm32f4xx_hal_gpio.o
    0x08000ef0   0x08000ef0   0x00000184   Code   RO          359    .text.HAL_GPIO_Init  stm32f4xx_hal_gpio.o
    0x08001074   0x08001074   0x0000000e   Code   RO          367    .text.HAL_GPIO_TogglePin  stm32f4xx_hal_gpio.o
    0x08001082   0x08001082   0x0000000a   Code   RO          365    .text.HAL_GPIO_WritePin  stm32f4xx_hal_gpio.o
    0x0800108c   0x0800108c   0x00000008   Code   RO          133    .text.HAL_GetTick   stm32f4xx_hal.o
    0x08001094   0x08001094   0x00000014   Code   RO          131    .text.HAL_IncTick   stm32f4xx_hal.o
    0x080010a8   0x080010a8   0x0000002c   Code   RO          121    .text.HAL_Init      stm32f4xx_hal.o
    0x080010d4   0x080010d4   0x0000003c   Code   RO          123    .text.HAL_InitTick  stm32f4xx_hal.o
    0x08001110   0x08001110   0x00000002   Code   RO          125    .text.HAL_MspInit   stm32f4xx_hal.o
    0x08001112   0x08001112   0x00000002   PAD
    0x08001114   0x08001114   0x00000020   Code   RO          199    .text.HAL_NVIC_DisableIRQ  stm32f4xx_hal_cortex.o
    0x08001134   0x08001134   0x0000004c   Code   RO          195    .text.HAL_NVIC_SetPriority  stm32f4xx_hal_cortex.o
    0x08001180   0x08001180   0x00000020   Code   RO          193    .text.HAL_NVIC_SetPriorityGrouping  stm32f4xx_hal_cortex.o
    0x080011a0   0x080011a0   0x00000068   Code   RO          437    .text.HAL_PWREx_EnableOverDrive  stm32f4xx_hal_pwr_ex.o
    0x08001208   0x08001208   0x00000118   Code   RO          457    .text.HAL_RCC_ClockConfig  stm32f4xx_hal_rcc.o
    0x08001320   0x08001320   0x00000020   Code   RO          469    .text.HAL_RCC_GetPCLK1Freq  stm32f4xx_hal_rcc.o
    0x08001340   0x08001340   0x0000005c   Code   RO          459    .text.HAL_RCC_GetSysClockFreq  stm32f4xx_hal_rcc.o
    0x0800139c   0x0800139c   0x00000320   Code   RO          455    .text.HAL_RCC_OscConfig  stm32f4xx_hal_rcc.o
    0x080016bc   0x080016bc   0x00000028   Code   RO          205    .text.HAL_SYSTICK_Config  stm32f4xx_hal_cortex.o
    0x080016e4   0x080016e4   0x00000084   Code   RO         1115    .text.HAL_TIMEx_MasterConfigSynchronization  stm32f4xx_hal_tim_ex.o
    0x08001768   0x08001768   0x00000094   Code   RO          855    .text.HAL_TIM_PWM_ConfigChannel  stm32f4xx_hal_tim.o
    0x080017fc   0x080017fc   0x0000001e   Code   RO          747    .text.HAL_TIM_PWM_Init  stm32f4xx_hal_tim.o
    0x0800181a   0x0800181a   0x00000002   PAD
    0x0800181c   0x0800181c   0x00000030   Code   RO         1661    .text.HAL_TIM_PWM_MspInit  lcd_tim.o
    0x0800184c   0x0800184c   0x0000002c   Code   RO          755    .text.HAL_TIM_PWM_Start  stm32f4xx_hal_tim.o
    0x08001878   0x08001878   0x00000002   Code   RO           86    .text.HardFault_Handler  stm32f4xx_it.o
    0x0800187a   0x0800187a   0x00000002   PAD
    0x0800187c   0x0800187c   0x00000070   Code   RO         1681    .text.LCDErrHandler  lcd_tools.o
    0x080018ec   0x080018ec   0x00000034   Code   RO         1525    .text.LCD_WriteCMD  lcd_driver.o
    0x08001920   0x08001920   0x00000006   Code   RO         1535    .text.LCD_WriteParam  lcd_driver.o
    0x08001926   0x08001926   0x00000002   PAD
    0x08001928   0x08001928   0x0000004c   Code   RO         1531    .text.LCD_WriteParameters  lcd_driver.o
    0x08001974   0x08001974   0x00000010   Code   RO         1537    .text.LCD_clear     lcd_driver.o
    0x08001984   0x08001984   0x000000bc   Code   RO         1533    .text.LCD_fillRectangleBW  lcd_driver.o
    0x08001a40   0x08001a40   0x00000062   Code   RO         1527    .text.LCD_fillRectangleMC  lcd_driver.o
    0x08001aa2   0x08001aa2   0x00000002   PAD
    0x08001aa4   0x08001aa4   0x000000c8   Code   RO         1523    .text.LCD_init      lcd_driver.o
    0x08001b6c   0x08001b6c   0x00000048   Code   RO         1529    .text.LCD_setWindow  lcd_driver.o
    0x08001bb4   0x08001bb4   0x00000002   Code   RO           88    .text.MemManage_Handler  stm32f4xx_it.o
    0x08001bb6   0x08001bb6   0x00000002   Code   RO           84    .text.NMI_Handler   stm32f4xx_it.o
    0x08001bb8   0x08001bb8   0x00000012   Code   RO          231    .text.OUTLINED_FUNCTION_0  stm32f4xx_hal_cortex.o
    0x08001bca   0x08001bca   0x00000008   Code   RO          443    .text.OUTLINED_FUNCTION_0  stm32f4xx_hal_pwr_ex.o
    0x08001bd2   0x08001bd2   0x0000000c   Code   RO          481    .text.OUTLINED_FUNCTION_0  stm32f4xx_hal_rcc.o
    0x08001bde   0x08001bde   0x0000000a   Code   RO         1649    .text.OUTLINED_FUNCTION_0  lcd_gpio.o
    0x08001be8   0x08001be8   0x0000000e   Code   RO         1750    .text.OUTLINED_FUNCTION_0  lcd_debug.o
    0x08001bf6   0x08001bf6   0x0000000c   Code   RO         1811    .text.OUTLINED_FUNCTION_0  init.o
    0x08001c02   0x08001c02   0x00000012   Code   RO         1860    .text.OUTLINED_FUNCTION_0  lcd.o
    0x08001c14   0x08001c14   0x0000000e   Code   RO         1982    .text.OUTLINED_FUNCTION_0  usart_stm32f4xx.o
    0x08001c22   0x08001c22   0x0000000c   Code   RO         1813    .text.OUTLINED_FUNCTION_1  init.o
    0x08001c2e   0x08001c2e   0x0000000a   Code   RO         1862    .text.OUTLINED_FUNCTION_1  lcd.o
    0x08001c38   0x08001c38   0x0000000a   Code   RO          935    .text.OUTLINED_FUNCTION_10  stm32f4xx_hal_tim.o
    0x08001c42   0x08001c42   0x00000006   Code   RO          937    .text.OUTLINED_FUNCTION_11  stm32f4xx_hal_tim.o
    0x08001c48   0x08001c48   0x00000008   Code   RO          939    .text.OUTLINED_FUNCTION_12  stm32f4xx_hal_tim.o
    0x08001c50   0x08001c50   0x0000000a   Code   RO          945    .text.OUTLINED_FUNCTION_15  stm32f4xx_hal_tim.o
    0x08001c5a   0x08001c5a   0x0000000a   Code   RO          485    .text.OUTLINED_FUNCTION_2  stm32f4xx_hal_rcc.o
    0x08001c64   0x08001c64   0x0000000a   Code   RO          959    .text.OUTLINED_FUNCTION_22  stm32f4xx_hal_tim.o
    0x08001c6e   0x08001c6e   0x0000000e   Code   RO          975    .text.OUTLINED_FUNCTION_30  stm32f4xx_hal_tim.o
    0x08001c7c   0x08001c7c   0x00000014   Code   RO          985    .text.OUTLINED_FUNCTION_35  stm32f4xx_hal_tim.o
    0x08001c90   0x08001c90   0x0000000a   Code   RO         1001    .text.OUTLINED_FUNCTION_43  stm32f4xx_hal_tim.o
    0x08001c9a   0x08001c9a   0x0000000a   Code   RO          925    .text.OUTLINED_FUNCTION_5  stm32f4xx_hal_tim.o
    0x08001ca4   0x08001ca4   0x0000000e   Code   RO          929    .text.OUTLINED_FUNCTION_7  stm32f4xx_hal_tim.o
    0x08001cb2   0x08001cb2   0x0000000a   Code   RO          933    .text.OUTLINED_FUNCTION_9  stm32f4xx_hal_tim.o
    0x08001cbc   0x08001cbc   0x00000028   Code   RO         1665    .text.PWM_SetValue  lcd_tim.o
    0x08001ce4   0x08001ce4   0x00000002   Code   RO           98    .text.PendSV_Handler  stm32f4xx_it.o
    0x08001ce6   0x08001ce6   0x00000002   PAD
    0x08001ce8   0x08001ce8   0x0000002c   Code   RO         1632    .text.SPI4W_Write_Byte  lcd_spi.o
    0x08001d14   0x08001d14   0x00000030   Code   RO         1626    .text.SPIInitDevWithoutHAL  lcd_spi.o
    0x08001d44   0x08001d44   0x000000a0   Code   RO         1624    .text.SPIinit       lcd_spi.o
    0x08001de4   0x08001de4   0x00000002   Code   RO           94    .text.SVC_Handler   stm32f4xx_it.o
    0x08001de6   0x08001de6   0x00000004   Code   RO          100    .text.SysTick_Handler  stm32f4xx_it.o
    0x08001dea   0x08001dea   0x00000002   PAD
    0x08001dec   0x08001dec   0x0000004c   Code   RO           69    .text.SystemInit    system_stm32f4xx.o
    0x08001e38   0x08001e38   0x00000094   Code   RO         1659    .text.TIM4_Init     lcd_tim.o
    0x08001ecc   0x08001ecc   0x000000d4   Code   RO          697    .text.TIM_Base_SetConfig  stm32f4xx_hal_tim.o
    0x08001fa0   0x08001fa0   0x0000001e   Code   RO          731    .text.TIM_CCxChannelCmd  stm32f4xx_hal_tim.o
    0x08001fbe   0x08001fbe   0x00000002   PAD
    0x08001fc0   0x08001fc0   0x00000060   Code   RO          841    .text.TIM_OC1_SetConfig  stm32f4xx_hal_tim.o
    0x08002020   0x08002020   0x0000005c   Code   RO          843    .text.TIM_OC2_SetConfig  stm32f4xx_hal_tim.o
    0x0800207c   0x0800207c   0x0000005c   Code   RO          845    .text.TIM_OC3_SetConfig  stm32f4xx_hal_tim.o
    0x080020d8   0x080020d8   0x0000004c   Code   RO          847    .text.TIM_OC4_SetConfig  stm32f4xx_hal_tim.o
    0x08002124   0x08002124   0x00000004   Code   RO         1964    .text.USART3_Control  usart_stm32f4xx.o
    0x08002128   0x08002128   0x00000006   Code   RO         1946    .text.USART3_GetCapabilities  usart_stm32f4xx.o
    0x0800212e   0x0800212e   0x00000004   Code   RO         1970    .text.USART3_GetModemStatus  usart_stm32f4xx.o
    0x08002132   0x08002132   0x00000002   PAD
    0x08002134   0x08002134   0x00000008   Code   RO         1962    .text.USART3_GetRxCount  usart_stm32f4xx.o
    0x0800213c   0x0800213c   0x00000060   Code   RO         1966    .text.USART3_GetStatus  usart_stm32f4xx.o
    0x0800219c   0x0800219c   0x00000008   Code   RO         1960    .text.USART3_GetTxCount  usart_stm32f4xx.o
    0x080021a4   0x080021a4   0x0000000c   Code   RO         1942    .text.USART3_IRQHandler  usart_stm32f4xx.o
    0x080021b0   0x080021b0   0x00000038   Code   RO         1948    .text.USART3_Initialize  usart_stm32f4xx.o
    0x080021e8   0x080021e8   0x00000004   Code   RO         1952    .text.USART3_PowerControl  usart_stm32f4xx.o
    0x080021ec   0x080021ec   0x00000004   Code   RO         1956    .text.USART3_Receive  usart_stm32f4xx.o
    0x080021f0   0x080021f0   0x00000004   Code   RO         1954    .text.USART3_Send   usart_stm32f4xx.o
    0x080021f4   0x080021f4   0x00000030   Code   RO         1968    .text.USART3_SetModemControl  usart_stm32f4xx.o
    0x08002224   0x08002224   0x00000040   Code   RO         1958    .text.USART3_Transfer  usart_stm32f4xx.o
    0x08002264   0x08002264   0x00000034   Code   RO         1950    .text.USART3_Uninitialize  usart_stm32f4xx.o
    0x08002298   0x08002298   0x00000544   Code   RO         1980    .text.USART_Control  usart_stm32f4xx.o
    0x080027dc   0x080027dc   0x00000200   Code   RO         1940    .text.USART_IRQHandler  usart_stm32f4xx.o
    0x080029dc   0x080029dc   0x000000b8   Code   RO         1974    .text.USART_PowerControl  usart_stm32f4xx.o
    0x08002a94   0x08002a94   0x00000068   Code   RO         1978    .text.USART_Receive  usart_stm32f4xx.o
    0x08002afc   0x08002afc   0x00000058   Code   RO         1976    .text.USART_Send    usart_stm32f4xx.o
    0x08002b54   0x08002b54   0x00000008   Code   RO         1944    .text.USARTx_GetVersion  usart_stm32f4xx.o
    0x08002b5c   0x08002b5c   0x00000002   Code   RO           92    .text.UsageFault_Handler  stm32f4xx_it.o
    0x08002b5e   0x08002b5e   0x00000002   PAD
    0x08002b60   0x08002b60   0x00000010   Code   RO         1204    .text.add_rotation  calculations.o
    0x08002b70   0x08002b70   0x00000038   Code   RO         1202    .text.add_time      calculations.o
    0x08002ba8   0x08002ba8   0x0000001a   Code   RO         1309    .text.aktivate_interrupts  interrupts.o
    0x08002bc2   0x08002bc2   0x00000002   PAD
    0x08002bc4   0x08002bc4   0x00000028   Code   RO         1634    .text.check_SPI_SR  lcd_spi.o
    0x08002bec   0x08002bec   0x0000000e   Code   RO         1251    .text.error         fsm.o
    0x08002bfa   0x08002bfa   0x00000002   PAD
    0x08002bfc   0x08002bfc   0x00000014   Code   RO         1874    .text.fputc         retarget_io.o
    0x08002c10   0x08002c10   0x0000002c   Code   RO         1293    .text.getZeitspanne  zeitmessung.o
    0x08002c3c   0x08002c3c   0x0000000c   Code   RO         1237    .text.get_dircetion  fsm.o
    0x08002c48   0x08002c48   0x0000003e   Code   RO         1278    .text.get_error_input  output.o
    0x08002c86   0x08002c86   0x00000002   PAD
    0x08002c88   0x08002c88   0x00000018   Code   RO         1276    .text.get_phase     output.o
    0x08002ca0   0x08002ca0   0x0000000c   Code   RO         1239    .text.get_pulse_count  fsm.o
    0x08002cac   0x08002cac   0x0000000c   Code   RO         1200    .text.get_time      calculations.o
    0x08002cb8   0x08002cb8   0x00000140   Code   RO         1807    .text.initITSboard  init.o
    0x08002df8   0x08002df8   0x00000030   Code   RO         1932    .text.initTimer     timer.o
    0x08002e28   0x08002e28   0x0000001a   Code   RO         1291    .text.initZeitmessung  zeitmessung.o
    0x08002e42   0x08002e42   0x00000002   PAD
    0x08002e44   0x08002e44   0x00000050   Code   RO         1217    .text.init_display  displayout.o
    0x08002e94   0x08002e94   0x000000a6   Code   RO         1305    .text.init_interrupts  interrupts.o
    0x08002f3a   0x08002f3a   0x00000002   PAD
    0x08002f3c   0x08002f3c   0x00000012   Code   RO         1266    .text.init_output   output.o
    0x08002f4e   0x08002f4e   0x00000074   Code   RO         1683    .text.itoa          lcd_tools.o
    0x08002fc2   0x08002fc2   0x00000002   PAD
    0x08002fc4   0x08002fc4   0x0000001a   Code   RO         1307    .text.kill_interrupts  interrupts.o
    0x08002fde   0x08002fde   0x00000002   PAD
    0x08002fe0   0x08002fe0   0x00000010   Code   RO         1858    .text.lcdGotoXY     lcd.o
    0x08002ff0   0x08002ff0   0x00000064   Code   RO         1854    .text.lcdPrintC     lcd.o
    0x08003054   0x08003054   0x000000a8   Code   RO         1844    .text.lcdPrintS     lcd.o
    0x080030fc   0x080030fc   0x00000074   Code   RO         1856    .text.lcdSetFont    lcd.o
    0x08003170   0x08003170   0x00000026   Code   RO         1249    .text.left_rotation  fsm.o
    0x08003196   0x08003196   0x00000002   PAD
    0x08003198   0x08003198   0x000000d4   Code   RO         1187    .text.main          main.o
    0x0800326c   0x0800326c   0x00000002   Code   RO         1245    .text.no_rotation   fsm.o
    0x0800326e   0x0800326e   0x00000002   PAD
    0x08003270   0x08003270   0x000000d0   Code   RO         1198    .text.print         calculations.o
    0x08003340   0x08003340   0x0000008c   Code   RO         1748    .text.printDebugMsg  lcd_debug.o
    0x080033cc   0x080033cc   0x00000030   Code   RO         1274    .text.read_all      output.o
    0x080033fc   0x080033fc   0x00000012   Code   RO         1206    .text.reset_calculations  calculations.o
    0x0800340e   0x0800340e   0x00000002   PAD
    0x08003410   0x08003410   0x000000d4   Code   RO         1221    .text.reset_display  displayout.o
    0x080034e4   0x080034e4   0x0000001a   Code   RO         1235    .text.reset_fsm     fsm.o
    0x080034fe   0x080034fe   0x00000002   PAD
    0x08003500   0x08003500   0x00000026   Code   RO         1247    .text.right_rotation  fsm.o
    0x08003526   0x08003526   0x00000002   PAD
    0x08003528   0x08003528   0x0000001a   Code   RO         1270    .text.setGPIOPin    output.o
    0x08003542   0x08003542   0x00000002   PAD
    0x08003544   0x08003544   0x0000028c   Code   RO         1219    .text.setValues     displayout.o
    0x080037d0   0x080037d0   0x00000032   Code   RO         1280    .text.set_all       output.o
    0x08003802   0x08003802   0x00000002   PAD
    0x08003804   0x08003804   0x00000078   Code   RO         1243    .text.set_fsm_state  fsm.o
    0x0800387c   0x0800387c   0x00000040   Code   RO         1894    .text.stdinout_init  stdinout_usart.o
    0x080038bc   0x080038bc   0x0000002c   Code   RO         1898    .text.stdout_putchar  stdinout_usart.o
    0x080038e8   0x080038e8   0x00000016   Code   RO         1846    .text.stringCopy    lcd.o
    0x080038fe   0x080038fe   0x00000002   PAD
    0x08003900   0x08003900   0x00000034   Code   RO         2260    i.__0snprintf       mc_w.l(printfa.o)
    0x08003934   0x08003934   0x0000000e   Code   RO         2352    i.__scatterload_copy  mc_w.l(handlers.o)
    0x08003942   0x08003942   0x00000002   Code   RO         2353    i.__scatterload_null  mc_w.l(handlers.o)
    0x08003944   0x08003944   0x0000000e   Code   RO         2354    i.__scatterload_zeroinit  mc_w.l(handlers.o)
    0x08003952   0x08003952   0x00000002   PAD
    0x08003954   0x08003954   0x00000184   Code   RO         2266    i._fp_digits        mc_w.l(printfa.o)
    0x08003ad8   0x08003ad8   0x000006dc   Code   RO         2267    i._printf_core      mc_w.l(printfa.o)
    0x080041b4   0x080041b4   0x00000024   Code   RO         2268    i._printf_post_padding  mc_w.l(printfa.o)
    0x080041d8   0x080041d8   0x0000002e   Code   RO         2269    i._printf_pre_padding  mc_w.l(printfa.o)
    0x08004206   0x08004206   0x00000016   Code   RO         2270    i._snputc           mc_w.l(printfa.o)
    0x0800421c   0x0800421c   0x00000024   Code   RO         2007    i.puts              mc_w.l(puts.o)
    0x08004240   0x08004240   0x00000010   Data   RO           74    .rodata.AHBPrescTable  system_stm32f4xx.o
    0x08004250   0x08004250   0x00000008   Data   RO           75    .rodata.APBPrescTable  system_stm32f4xx.o
    0x08004258   0x08004258   0x00000038   Data   RO         1984    .rodata.Driver_USART3  usart_stm32f4xx.o
    0x08004290   0x08004290   0x00000034   Data   RO         1987    .rodata.USART3_Resources  usart_stm32f4xx.o
    0x080042c4   0x080042c4   0x0000000c   Data   RO         1986    .rodata.USART3_rx   usart_stm32f4xx.o
    0x080042d0   0x080042d0   0x0000000c   Data   RO         1985    .rodata.USART3_tx   usart_stm32f4xx.o
    0x080042dc   0x080042dc   0x00000067   Data   RO         1543    .rodata.initCmds    lcd_driver.o
    0x08004343   0x08004343   0x00000025   Data   RO         1578    .rodata.str1.1      lcd_gui.o
    0x08004368   0x08004368   0x00000025   Data   RO         1638    .rodata.str1.1      lcd_spi.o
    0x0800438d   0x0800438d   0x00000025   Data   RO         1668    .rodata.str1.1      lcd_tim.o
    0x080043b2   0x080043b2   0x00000047   Data   RO         1864    .rodata.str1.1      lcd.o
    0x080043f9   0x080043f9   0x00000003   PAD
    0x080043fc   0x080043fc   0x000000d0   Data   RO         1255    .rodata.transition_table  fsm.o
    0x080044cc   0x080044cc   0x00000020   Data   RO         2351    Region$$Table       anon$$obj.o


    Execution Region RW_IRAM1 (Exec base: 0x20000000, Load base: 0x080044f0, Size: 0x00000560, Max: 0x00030000, ABSOLUTE)

    Exec Addr    Load Addr    Size         Type   Attr      Idx    E Section Name        Object

    0x20000000   0x080044f0   0x00000004   Data   RW         2014    .data               mc_w.l(stdout.o)
    0x20000004   0x080044f4   0x00000008   Data   RW          184    .data..L_MergedGlobals  stm32f4xx_hal.o
    0x2000000c   0x080044fc   0x00000014   Data   RW         1282    .data..L_MergedGlobals  output.o
    0x20000020   0x08004510   0x00000018   Data   RW         1865    .data..L_MergedGlobals  lcd.o
    0x20000038   0x08004528   0x00000008   Data   RW         1495    .data.Font12FLASH   fontsflash.o
    0x20000040   0x08004530   0x00000008   Data   RW         1494    .data.Font16FLASH   fontsflash.o
    0x20000048   0x08004538   0x00000008   Data   RW         1493    .data.Font20FLASH   fontsflash.o
    0x20000050   0x08004540   0x00000008   Data   RW         1492    .data.Font24FLASH   fontsflash.o
    0x20000058   0x08004548   0x00000008   Data   RW         1496    .data.Font8FLASH    fontsflash.o
    0x20000060   0x08004550   0x00000004   Data   RW           73    .data.SystemCoreClock  system_stm32f4xx.o
    0x20000064   0x08004554   0x00000004   Data   RW         1253    .data.fsm_state     fsm.o
    0x20000068        -       0x0000000c   Zero   RW         1208    .bss..L_MergedGlobals  calculations.o
    0x20000074        -       0x0000000c   Zero   RW         1225    .bss..L_MergedGlobals  displayout.o
    0x20000080        -       0x00000008   Zero   RW         1256    .bss..L_MergedGlobals  fsm.o
    0x20000088        -       0x00000008   Zero   RW         1296    .bss..L_MergedGlobals  zeitmessung.o
    0x20000090        -       0x00000038   Zero   RW         1988    .bss..L_MergedGlobals  usart_stm32f4xx.o
    0x200000c8        -       0x00000048   Zero   RW          104    .bss.EthHandle      stm32f4xx_it.o
    0x20000110        -       0x00000004   Zero   RW         1189    .bss.errno          main.o
    0x20000114        -       0x00000040   Zero   RW         1667    .bss.htim4          lcd_tim.o
    0x20000154        -       0x00000004   Zero   RW         1254    .bss.phase_fsm      fsm.o
    0x20000158        -       0x00000004   Zero   RW          183    .bss.uwTick         stm32f4xx_hal.o
    0x2000015c   0x08004558   0x00000004   PAD
    0x20000160        -       0x00000400   Zero   RW          111    STACK               startup_stm32f429xx.o


==============================================================================

Image component sizes


      Code (inc. data)   RO Data    RW Data    ZI Data      Debug   Object Name

       310         24          0          0         12       1318   calculations.o
       944         52          0          0         12       3326   displayout.o
       104          0          0          0          0       2398   error.o
         0          0          0         40          0       1706   fontsflash.o
       262         52        208          4         12       1840   fsm.o
       344         12          0          0          0       4198   init.o
       258          0          0          0          0       5462   interrupts.o
       450         30         71         24          0       4271   lcd.o
       154         40          0          0          0       1268   lcd_debug.o
       708         28        103          0          0       5527   lcd_driver.o
       294         16          0          0          0       2764   lcd_gpio.o
       578          8         37          0          0      10395   lcd_gui.o
       292         24         37          0          0       3530   lcd_spi.o
       236         16         37          0         64       6135   lcd_tim.o
       232          8          0          0          0       3576   lcd_tools.o
       212         32          0          0          4        963   main.o
       228          0          0         20          0       3593   output.o
        20          4          0          0          0       2245   retarget_io.o
        36          8        428          0       1024        924   startup_stm32f429xx.o
       108          4          0          0          0       1437   stdinout_usart.o
       166         12          0          8          4       7956   stm32f4xx_hal.o
       198         24          0          0          0      10561   stm32f4xx_hal_cortex.o
       112          0          0          0          0      16671   stm32f4xx_hal_eth.o
       628         24          0          0          0       5288   stm32f4xx_hal_gpio.o
       112         12          0          0          0       4621   stm32f4xx_hal_pwr_ex.o
      1226         48          0          0          0       7785   stm32f4xx_hal_rcc.o
       942         52          0          0          0      42453   stm32f4xx_hal_tim.o
       132         20          0          0          0      16703   stm32f4xx_hal_tim_ex.o
        32          4          0          0         72       4786   stm32f4xx_it.o
        76         16         24          4          0       2800   system_stm32f4xx.o
        48          8          0          0          0       1862   timer.o
      3064        172        132          0         56      20074   usart_stm32f4xx.o
        70          0          0          0          8       1380   zeitmessung.o

    ----------------------------------------------------------------------
     12628        750       1112        100       1272     209816   Object Totals
         0          0         32          0          0          0   (incl. Generated)
        52          0          3          0          4          0   (incl. Padding)

    ----------------------------------------------------------------------

      Code (inc. data)   RO Data    RW Data    ZI Data      Debug   Library Member Name

         0          0          0          0          0          0   entry.o
         0          0          0          0          0          0   entry10a.o
         0          0          0          0          0          0   entry11a.o
         8          4          0          0          0          0   entry2.o
         4          0          0          0          0          0   entry5.o
         0          0          0          0          0          0   entry7b.o
         0          0          0          0          0          0   entry8b.o
         8          4          0          0          0          0   entry9a.o
        30          0          0          0          0          0   handlers.o
        48         10          0          0          0         68   init.o
         0          0          0          0          0          0   iusefp.o
        30          0          0          0          0         68   llshl.o
        36          0          0          0          0         68   llsshr.o
        32          0          0          0          0         68   llushr.o
        36          0          0          0          0        108   memseta.o
      2300         84          0          0          0        524   printfa.o
        36          6          0          0          0         80   puts.o
         0          0          0          4          0          0   stdout.o
        14          0          0          0          0         68   strlen.o
        44          0          0          0          0         80   uidiv.o
        98          0          0          0          0         92   uldiv.o
        48          0          0          0          0         68   cdrcmple.o
       334          0          0          0          0        148   dadd.o
       222          0          0          0          0        100   ddiv.o
       186          0          0          0          0        176   depilogue.o
        50          0          0          0          0         76   dfixui.o
        48          0          0          0          0         68   dfixul.o
        34          0          0          0          0         76   dflti.o
        26          0          0          0          0         76   dfltui.o
       228          0          0          0          0         96   dmul.o

    ----------------------------------------------------------------------
      3904        108          0          4          0       2108   Library Totals
         4          0          0          0          0          0   (incl. Padding)

    ----------------------------------------------------------------------

      Code (inc. data)   RO Data    RW Data    ZI Data      Debug   Library Name

      2724        108          0          4          0       1224   mc_w.l
      1176          0          0          0          0        884   mf_w.l

    ----------------------------------------------------------------------
      3904        108          0          4          0       2108   Library Totals

    ----------------------------------------------------------------------

==============================================================================


      Code (inc. data)   RO Data    RW Data    ZI Data      Debug   

     16532        858       1112        104       1272     210436   Grand Totals
     16532        858       1112        104       1272     210436   ELF Image Totals
     16532        858       1112        104          0          0   ROM Totals

==============================================================================

    Total RO  Size (Code + RO Data)                17644 (  17.23kB)
    Total RW  Size (RW Data + ZI Data)              1376 (   1.34kB)
    Total ROM Size (Code + RO Data + RW Data)      17748 (  17.33kB)

==============================================================================

