<html>
<body>
<pre>
<h1>µVision Build Log</h1>
<h2>Tool Versions:</h2>
IDE-Version: µVision V5.39.0.0
Copyright (C) 2023 ARM Ltd and ARM Germany GmbH. All rights reserved.
License Information: Timon Günther, HAW Hamburg, LIC=----
 
Tool Versions:
Toolchain:       MDK-Lite  Version: 5.39.0.0
Toolchain Path:  C:\Keil_v5\ARM\ARMCLANG\Bin
C Compiler:      ArmClang.exe V6.21
Assembler:       Armasm.exe V6.21
Linker/Locator:  ArmLink.exe V6.21
Library Manager: ArmAr.exe V6.21
Hex Converter:   FromElf.exe V6.21
CPU DLL:         SARMCM3.DLL V5.39.0.0
Dialog DLL:      DCM.DLL V1.17.5.0
Target DLL:      STLink\ST-LINKIII-KEIL_SWO.dll V3.2.0.0
Dialog DLL:      TCM.DLL V1.56.4.0
 
<h2>Project:</h2>
C:\Users\timon\Sudium_Github\Studium_Projekts\ITS-BRD\Programs\GS_Praktika_2\GS_Praktika_2.uvprojx
Project File Date:  05/13/2024

<h2>Output:</h2>
*** Using Compiler 'V6.21', folder: 'C:\Keil_v5\ARM\ARMCLANG\Bin'
Build target 'ITSboard'
compiling font24.c...
Src/messurement.c(12): warning: non-void function does not return a value [-Wreturn-type]
   12 | }
      | ^
1 warning generated.
compiling messurement.c...
compiling Consolas40.c...
compiling font8.c...
compiling font16.c...
compiling error_handeling.c...
compiling font12.c...
compiling font20.c...
compiling DisplayOut.c...
compiling ConsolasBold40.c...
compiling Consolas60.c...
compiling output.c...
compiling Consolas80.c...
compiling FSM.c...
compiling main.c...
compiling Consolas90.c...
compiling ConsolasBold60.c...
compiling CourierNewBold40.c...
compiling CourierNew48.c...
compiling ConsolasBold80.c...
compiling FiraMono40.c...
compiling FiraMonoMedium40.c...
compiling CourierNewBold60.c...
compiling FiraMono60.c...
compiling fontsFLASH.c...
compiling ConsolasBold90.c...
compiling FiraMono80.c...
compiling FiraMonoMedium60.c...
compiling FiraMono90.c...
compiling FiraMonoMedium80.c...
compiling FiraMonoMedium90.c...
compiling LCD_Driver.c...
compiling LCD_Debug.c...
compiling LCD_GUI.c...
compiling LCD_GPIO.c...
compiling LCD_SPI.c...
compiling LCD_TIM.c...
compiling LCD_Demos.c...
compiling LCD_Tools.c...
compiling LCD_Touch.c...
compiling testsoftware.c...
compiling stdinout_USART.c...
compiling error.c...
compiling retarget_io.c...
compiling delay.c...
compiling keypad.c...
compiling lcd.c...
compiling init.c...
compiling terminal.c...
compiling timer.c...
compiling USART_STM32F4xx.c...
linking...
Program Size: Code=11050 RO-data=858 RW-data=44 ZI-data=1228  
".\ITSboard\ITSboard.axf" - 0 Error(s), 1 Warning(s).

<h2>Software Packages used:</h2>

Package Vendor: ARM
                http://www.keil.com/pack/ARM.CMSIS.5.9.0.pack
                ARM::CMSIS@5.9.0
                CMSIS (Common Microcontroller Software Interface Standard)
   * Component: CORE Version: 5.6.0

Package Vendor: Keil
                https://www.keil.com/pack/Keil.STM32F4xx_DFP.2.17.1.pack
                Keil::STM32F4xx_DFP@2.17.1
                STMicroelectronics STM32F4 Series Device Support, Drivers and Examples

<h2>Collection of Component include folders:</h2>
  ./RTE/_ITSboard
  C:/Users/timon/AppData/Local/Arm/Packs/ARM/CMSIS/5.9.0/CMSIS/Core/Include
  C:/Users/timon/AppData/Local/Arm/Packs/Keil/STM32F4xx_DFP/2.17.1/Drivers/CMSIS/Device/ST/STM32F4xx/Include

<h2>Collection of Component Files used:</h2>

   * Component: ARM::CMSIS:CORE@5.6.0
Build Time Elapsed:  00:00:03
</pre>
</body>
</html>
