Component: Arm Compiler for Embedded 6.19 Tool: armlink [5e73cb00]

==============================================================================

Section Cross References

    stm32f4xx_nucleo_144.o(.ARM.exidx.text.BSP_GetVersion) refers to stm32f4xx_nucleo_144.o(.text.BSP_GetVersion) for [Anonymous Symbol]
    stm32f4xx_nucleo_144.o(.text.BSP_LED_Init) refers to stm32f4xx_hal_gpio.o(.text.HAL_GPIO_Init) for HAL_GPIO_Init
    stm32f4xx_nucleo_144.o(.text.BSP_LED_Init) refers to stm32f4xx_hal_gpio.o(.text.HAL_GPIO_WritePin) for HAL_GPIO_WritePin
    stm32f4xx_nucleo_144.o(.text.BSP_LED_Init) refers to stm32f4xx_nucleo_144.o(.rodata.GPIO_PIN) for GPIO_PIN
    stm32f4xx_nucleo_144.o(.text.BSP_LED_Init) refers to stm32f4xx_nucleo_144.o(.data.GPIO_PORT) for GPIO_PORT
    stm32f4xx_nucleo_144.o(.ARM.exidx.text.BSP_LED_Init) refers to stm32f4xx_nucleo_144.o(.text.BSP_LED_Init) for [Anonymous Symbol]
    stm32f4xx_nucleo_144.o(.text.BSP_LED_DeInit) refers to stm32f4xx_hal_gpio.o(.text.HAL_GPIO_WritePin) for HAL_GPIO_WritePin
    stm32f4xx_nucleo_144.o(.text.BSP_LED_DeInit) refers to stm32f4xx_hal_gpio.o(.text.HAL_GPIO_DeInit) for HAL_GPIO_DeInit
    stm32f4xx_nucleo_144.o(.text.BSP_LED_DeInit) refers to stm32f4xx_nucleo_144.o(.data.GPIO_PORT) for GPIO_PORT
    stm32f4xx_nucleo_144.o(.text.BSP_LED_DeInit) refers to stm32f4xx_nucleo_144.o(.rodata.GPIO_PIN) for GPIO_PIN
    stm32f4xx_nucleo_144.o(.ARM.exidx.text.BSP_LED_DeInit) refers to stm32f4xx_nucleo_144.o(.text.BSP_LED_DeInit) for [Anonymous Symbol]
    stm32f4xx_nucleo_144.o(.text.BSP_LED_On) refers to stm32f4xx_hal_gpio.o(.text.HAL_GPIO_WritePin) for HAL_GPIO_WritePin
    stm32f4xx_nucleo_144.o(.text.BSP_LED_On) refers to stm32f4xx_nucleo_144.o(.data.GPIO_PORT) for GPIO_PORT
    stm32f4xx_nucleo_144.o(.text.BSP_LED_On) refers to stm32f4xx_nucleo_144.o(.rodata.GPIO_PIN) for GPIO_PIN
    stm32f4xx_nucleo_144.o(.ARM.exidx.text.BSP_LED_On) refers to stm32f4xx_nucleo_144.o(.text.BSP_LED_On) for [Anonymous Symbol]
    stm32f4xx_nucleo_144.o(.text.BSP_LED_Off) refers to stm32f4xx_hal_gpio.o(.text.HAL_GPIO_WritePin) for HAL_GPIO_WritePin
    stm32f4xx_nucleo_144.o(.text.BSP_LED_Off) refers to stm32f4xx_nucleo_144.o(.data.GPIO_PORT) for GPIO_PORT
    stm32f4xx_nucleo_144.o(.text.BSP_LED_Off) refers to stm32f4xx_nucleo_144.o(.rodata.GPIO_PIN) for GPIO_PIN
    stm32f4xx_nucleo_144.o(.ARM.exidx.text.BSP_LED_Off) refers to stm32f4xx_nucleo_144.o(.text.BSP_LED_Off) for [Anonymous Symbol]
    stm32f4xx_nucleo_144.o(.text.BSP_LED_Toggle) refers to stm32f4xx_hal_gpio.o(.text.HAL_GPIO_TogglePin) for HAL_GPIO_TogglePin
    stm32f4xx_nucleo_144.o(.text.BSP_LED_Toggle) refers to stm32f4xx_nucleo_144.o(.data.GPIO_PORT) for GPIO_PORT
    stm32f4xx_nucleo_144.o(.text.BSP_LED_Toggle) refers to stm32f4xx_nucleo_144.o(.rodata.GPIO_PIN) for GPIO_PIN
    stm32f4xx_nucleo_144.o(.ARM.exidx.text.BSP_LED_Toggle) refers to stm32f4xx_nucleo_144.o(.text.BSP_LED_Toggle) for [Anonymous Symbol]
    stm32f4xx_nucleo_144.o(.text.BSP_PB_Init) refers to stm32f4xx_hal_gpio.o(.text.HAL_GPIO_Init) for HAL_GPIO_Init
    stm32f4xx_nucleo_144.o(.text.BSP_PB_Init) refers to stm32f4xx_hal_cortex.o(.text.HAL_NVIC_SetPriority) for HAL_NVIC_SetPriority
    stm32f4xx_nucleo_144.o(.text.BSP_PB_Init) refers to stm32f4xx_hal_cortex.o(.text.HAL_NVIC_EnableIRQ) for HAL_NVIC_EnableIRQ
    stm32f4xx_nucleo_144.o(.text.BSP_PB_Init) refers to stm32f4xx_nucleo_144.o(.data.BUTTON_PORT) for BUTTON_PORT
    stm32f4xx_nucleo_144.o(.ARM.exidx.text.BSP_PB_Init) refers to stm32f4xx_nucleo_144.o(.text.BSP_PB_Init) for [Anonymous Symbol]
    stm32f4xx_nucleo_144.o(.text.BSP_PB_DeInit) refers to stm32f4xx_hal_cortex.o(.text.HAL_NVIC_DisableIRQ) for HAL_NVIC_DisableIRQ
    stm32f4xx_nucleo_144.o(.text.BSP_PB_DeInit) refers to stm32f4xx_hal_gpio.o(.text.HAL_GPIO_DeInit) for HAL_GPIO_DeInit
    stm32f4xx_nucleo_144.o(.text.BSP_PB_DeInit) refers to stm32f4xx_nucleo_144.o(.data.BUTTON_PORT) for BUTTON_PORT
    stm32f4xx_nucleo_144.o(.ARM.exidx.text.BSP_PB_DeInit) refers to stm32f4xx_nucleo_144.o(.text.BSP_PB_DeInit) for [Anonymous Symbol]
    stm32f4xx_nucleo_144.o(.text.BSP_PB_GetState) refers to stm32f4xx_hal_gpio.o(.text.HAL_GPIO_ReadPin) for HAL_GPIO_ReadPin
    stm32f4xx_nucleo_144.o(.text.BSP_PB_GetState) refers to stm32f4xx_nucleo_144.o(.data.BUTTON_PORT) for BUTTON_PORT
    stm32f4xx_nucleo_144.o(.ARM.exidx.text.BSP_PB_GetState) refers to stm32f4xx_nucleo_144.o(.text.BSP_PB_GetState) for [Anonymous Symbol]
    stm32f4xx_nucleo_144.o(.text.SD_IO_Init) refers to stm32f4xx_hal_gpio.o(.text.HAL_GPIO_Init) for HAL_GPIO_Init
    stm32f4xx_nucleo_144.o(.text.SD_IO_Init) refers to stm32f4xx_nucleo_144.o(.text.OUTLINED_FUNCTION_0) for OUTLINED_FUNCTION_0
    stm32f4xx_nucleo_144.o(.text.SD_IO_Init) refers to stm32f4xx_nucleo_144.o(.text.SPIx_Init) for SPIx_Init
    stm32f4xx_nucleo_144.o(.text.SD_IO_Init) refers to stm32f4xx_nucleo_144.o(.text.SD_IO_WriteByte) for SD_IO_WriteByte
[...]
    __arm_cp.0_0                             0x08001bb0   Number         4  lcd_driver.o(.text.LCD_init)
    __arm_cp.0_1                             0x08001bb4   Number         4  lcd_driver.o(.text.LCD_init)
    __arm_cp.0_2                             0x08001bb8   Number         4  lcd_driver.o(.text.LCD_init)
    __arm_cp.0_3                             0x08001bbc   Number         4  lcd_driver.o(.text.LCD_init)
    __arm_cp.0_5                             0x08001bc0   Number         4  lcd_driver.o(.text.LCD_init)
    LCD_setWindow                            0x08001bc5   Thumb Code    68  lcd_driver.o(.text.LCD_setWindow)
    [Anonymous Symbol]                       0x08001bc4   Section        0  lcd_driver.o(.text.LCD_setWindow)
    __arm_cp.3_0                             0x08001c08   Number         4  lcd_driver.o(.text.LCD_setWindow)
    [Anonymous Symbol]                       0x08001c0c   Section        0  stm32f4xx_it.o(.text.MemManage_Handler)
    [Anonymous Symbol]                       0x08001c0e   Section        0  stm32f4xx_it.o(.text.NMI_Handler)
    OUTLINED_FUNCTION_0                      0x08001c11   Thumb Code     8  stm32f4xx_hal_pwr_ex.o(.text.OUTLINED_FUNCTION_0)
    [Anonymous Symbol]                       0x08001c10   Section        0  stm32f4xx_hal_pwr_ex.o(.text.OUTLINED_FUNCTION_0)
    OUTLINED_FUNCTION_0                      0x08001c19   Thumb Code    12  stm32f4xx_hal_rcc.o(.text.OUTLINED_FUNCTION_0)
    [Anonymous Symbol]                       0x08001c18   Section        0  stm32f4xx_hal_rcc.o(.text.OUTLINED_FUNCTION_0)
    OUTLINED_FUNCTION_0                      0x08001c25   Thumb Code    10  lcd_gpio.o(.text.OUTLINED_FUNCTION_0)
    [Anonymous Symbol]                       0x08001c24   Section        0  lcd_gpio.o(.text.OUTLINED_FUNCTION_0)
    OUTLINED_FUNCTION_0                      0x08001c2f   Thumb Code    14  lcd_debug.o(.text.OUTLINED_FUNCTION_0)
    [Anonymous Symbol]                       0x08001c2e   Section        0  lcd_debug.o(.text.OUTLINED_FUNCTION_0)
    OUTLINED_FUNCTION_0                      0x08001c3d   Thumb Code    12  init.o(.text.OUTLINED_FUNCTION_0)
    [Anonymous Symbol]                       0x08001c3c   Section        0  init.o(.text.OUTLINED_FUNCTION_0)
    OUTLINED_FUNCTION_0                      0x08001c49   Thumb Code    18  lcd.o(.text.OUTLINED_FUNCTION_0)
    [Anonymous Symbol]                       0x08001c48   Section        0  lcd.o(.text.OUTLINED_FUNCTION_0)
    OUTLINED_FUNCTION_0                      0x08001c5b   Thumb Code    14  usart_stm32f4xx.o(.text.OUTLINED_FUNCTION_0)
    [Anonymous Symbol]                       0x08001c5a   Section        0  usart_stm32f4xx.o(.text.OUTLINED_FUNCTION_0)
    OUTLINED_FUNCTION_1                      0x08001c69   Thumb Code    14  stm32f4xx_hal_cortex.o(.text.OUTLINED_FUNCTION_1)
    [Anonymous Symbol]                       0x08001c68   Section        0  stm32f4xx_hal_cortex.o(.text.OUTLINED_FUNCTION_1)
    OUTLINED_FUNCTION_1                      0x08001c77   Thumb Code    12  init.o(.text.OUTLINED_FUNCTION_1)
    [Anonymous Symbol]                       0x08001c76   Section        0  init.o(.text.OUTLINED_FUNCTION_1)
    OUTLINED_FUNCTION_1                      0x08001c83   Thumb Code    10  lcd.o(.text.OUTLINED_FUNCTION_1)
    [Anonymous Symbol]                       0x08001c82   Section        0  lcd.o(.text.OUTLINED_FUNCTION_1)
    OUTLINED_FUNCTION_10                     0x08001c8d   Thumb Code     6  stm32f4xx_hal_tim.o(.text.OUTLINED_FUNCTION_10)
    [Anonymous Symbol]                       0x08001c8c   Section        0  stm32f4xx_hal_tim.o(.text.OUTLINED_FUNCTION_10)
    OUTLINED_FUNCTION_11                     0x08001c93   Thumb Code     8  stm32f4xx_hal_tim.o(.text.OUTLINED_FUNCTION_11)
    [Anonymous Symbol]                       0x08001c92   Section        0  stm32f4xx_hal_tim.o(.text.OUTLINED_FUNCTION_11)
    OUTLINED_FUNCTION_14                     0x08001c9b   Thumb Code    10  stm32f4xx_hal_tim.o(.text.OUTLINED_FUNCTION_14)
    [Anonymous Symbol]                       0x08001c9a   Section        0  stm32f4xx_hal_tim.o(.text.OUTLINED_FUNCTION_14)
    OUTLINED_FUNCTION_2                      0x08001ca5   Thumb Code    10  stm32f4xx_hal_rcc.o(.text.OUTLINED_FUNCTION_2)
    [Anonymous Symbol]                       0x08001ca4   Section        0  stm32f4xx_hal_rcc.o(.text.OUTLINED_FUNCTION_2)
    OUTLINED_FUNCTION_21                     0x08001caf   Thumb Code    10  stm32f4xx_hal_tim.o(.text.OUTLINED_FUNCTION_21)
    [Anonymous Symbol]                       0x08001cae   Section        0  stm32f4xx_hal_tim.o(.text.OUTLINED_FUNCTION_21)
    OUTLINED_FUNCTION_29                     0x08001cb9   Thumb Code    14  stm32f4xx_hal_tim.o(.text.OUTLINED_FUNCTION_29)
    [Anonymous Symbol]                       0x08001cb8   Section        0  stm32f4xx_hal_tim.o(.text.OUTLINED_FUNCTION_29)
    OUTLINED_FUNCTION_34                     0x08001cc7   Thumb Code    20  stm32f4xx_hal_tim.o(.text.OUTLINED_FUNCTION_34)
    [Anonymous Symbol]                       0x08001cc6   Section        0  stm32f4xx_hal_tim.o(.text.OUTLINED_FUNCTION_34)
    OUTLINED_FUNCTION_42                     0x08001cdb   Thumb Code    10  stm32f4xx_hal_tim.o(.text.OUTLINED_FUNCTION_42)
    [Anonymous Symbol]                       0x08001cda   Section        0  stm32f4xx_hal_tim.o(.text.OUTLINED_FUNCTION_42)
    OUTLINED_FUNCTION_5                      0x08001ce5   Thumb Code     8  stm32f4xx_hal_tim.o(.text.OUTLINED_FUNCTION_5)
    [Anonymous Symbol]                       0x08001ce4   Section        0  stm32f4xx_hal_tim.o(.text.OUTLINED_FUNCTION_5)
    OUTLINED_FUNCTION_7                      0x08001ced   Thumb Code    14  stm32f4xx_hal_tim.o(.text.OUTLINED_FUNCTION_7)
    [Anonymous Symbol]                       0x08001cec   Section        0  stm32f4xx_hal_tim.o(.text.OUTLINED_FUNCTION_7)
    OUTLINED_FUNCTION_8                      0x08001cfb   Thumb Code    10  stm32f4xx_hal_tim.o(.text.OUTLINED_FUNCTION_8)
    [Anonymous Symbol]                       0x08001cfa   Section        0  stm32f4xx_hal_tim.o(.text.OUTLINED_FUNCTION_8)
    OUTLINED_FUNCTION_9                      0x08001d05   Thumb Code    10  stm32f4xx_hal_tim.o(.text.OUTLINED_FUNCTION_9)
    [Anonymous Symbol]                       0x08001d04   Section        0  stm32f4xx_hal_tim.o(.text.OUTLINED_FUNCTION_9)
    [Anonymous Symbol]                       0x08001d10   Section        0  io_wrapper.o(.text.OWFirst)
    [Anonymous Symbol]                       0x08001d38   Section        0  io_wrapper.o(.text.OWNext)
    [Anonymous Symbol]                       0x08001d40   Section        0  io_wrapper.o(.text.OWSearch)
    [Anonymous Symbol]                       0x08001f2c   Section        0  lcd_tim.o(.text.PWM_SetValue)
    [Anonymous Symbol]                       0x08001f54   Section        0  stm32f4xx_it.o(.text.PendSV_Handler)
    [Anonymous Symbol]                       0x08001f58   Section        0  lcd_spi.o(.text.SPI4W_Write_Byte)
    __arm_cp.4_0                             0x08001f80   Number         4  lcd_spi.o(.text.SPI4W_Write_Byte)
    SPIInitDevWithoutHAL                     0x08001f85   Thumb Code    44  lcd_spi.o(.text.SPIInitDevWithoutHAL)
    [Anonymous Symbol]                       0x08001f84   Section        0  lcd_spi.o(.text.SPIInitDevWithoutHAL)
    __arm_cp.1_0                             0x08001fb0   Number         4  lcd_spi.o(.text.SPIInitDevWithoutHAL)
    [Anonymous Symbol]                       0x08001fb4   Section        0  lcd_spi.o(.text.SPIinit)
    __arm_cp.0_0                             0x0800204c   Number         4  lcd_spi.o(.text.SPIinit)
    __arm_cp.0_1                             0x08002050   Number         4  lcd_spi.o(.text.SPIinit)
    [Anonymous Symbol]                       0x08002054   Section        0  stm32f4xx_it.o(.text.SVC_Handler)
    [Anonymous Symbol]                       0x08002056   Section        0  stm32f4xx_it.o(.text.SysTick_Handler)
    [Anonymous Symbol]                       0x0800205c   Section        0  system_stm32f4xx.o(.text.SystemInit)
    __arm_cp.0_0                             0x08002098   Number         4  system_stm32f4xx.o(.text.SystemInit)
    __arm_cp.0_1                             0x0800209c   Number         4  system_stm32f4xx.o(.text.SystemInit)
    __arm_cp.0_2                             0x080020a0   Number         4  system_stm32f4xx.o(.text.SystemInit)
    __arm_cp.0_3                             0x080020a4   Number         4  system_stm32f4xx.o(.text.SystemInit)
    [Anonymous Symbol]                       0x080020a8   Section        0  lcd_tim.o(.text.TIM4_Init)
    __arm_cp.0_0                             0x08002134   Number         4  lcd_tim.o(.text.TIM4_Init)
    __arm_cp.0_2                             0x08002138   Number         4  lcd_tim.o(.text.TIM4_Init)
    [Anonymous Symbol]                       0x0800213c   Section        0  stm32f4xx_hal_tim.o(.text.TIM_Base_SetConfig)
    __arm_cp.2_0                             0x080021e8   Number         4  stm32f4xx_hal_tim.o(.text.TIM_Base_SetConfig)
    __arm_cp.2_1                             0x080021ec   Number         4  stm32f4xx_hal_tim.o(.text.TIM_Base_SetConfig)
    __arm_cp.2_2                             0x080021f0   Number         4  stm32f4xx_hal_tim.o(.text.TIM_Base_SetConfig)
    __arm_cp.2_4                             0x080021f4   Number         4  stm32f4xx_hal_tim.o(.text.TIM_Base_SetConfig)
    __arm_cp.2_5                             0x080021f8   Number         4  stm32f4xx_hal_tim.o(.text.TIM_Base_SetConfig)
    __arm_cp.2_6                             0x080021fc   Number         4  stm32f4xx_hal_tim.o(.text.TIM_Base_SetConfig)
    __arm_cp.2_7                             0x08002200   Number         4  stm32f4xx_hal_tim.o(.text.TIM_Base_SetConfig)
    __arm_cp.2_8                             0x08002204   Number         4  stm32f4xx_hal_tim.o(.text.TIM_Base_SetConfig)
    __arm_cp.2_9                             0x08002208   Number         4  stm32f4xx_hal_tim.o(.text.TIM_Base_SetConfig)
    __arm_cp.2_10                            0x0800220c   Number         4  stm32f4xx_hal_tim.o(.text.TIM_Base_SetConfig)
    [Anonymous Symbol]                       0x08002210   Section        0  stm32f4xx_hal_tim.o(.text.TIM_CCxChannelCmd)
    TIM_OC1_SetConfig                        0x08002231   Thumb Code    96  stm32f4xx_hal_tim.o(.text.TIM_OC1_SetConfig)
    [Anonymous Symbol]                       0x08002230   Section        0  stm32f4xx_hal_tim.o(.text.TIM_OC1_SetConfig)
    [Anonymous Symbol]                       0x08002290   Section        0  stm32f4xx_hal_tim.o(.text.TIM_OC2_SetConfig)
    TIM_OC3_SetConfig                        0x080022ed   Thumb Code    92  stm32f4xx_hal_tim.o(.text.TIM_OC3_SetConfig)
    [Anonymous Symbol]                       0x080022ec   Section        0  stm32f4xx_hal_tim.o(.text.TIM_OC3_SetConfig)
    TIM_OC4_SetConfig                        0x08002349   Thumb Code    72  stm32f4xx_hal_tim.o(.text.TIM_OC4_SetConfig)
    [Anonymous Symbol]                       0x08002348   Section        0  stm32f4xx_hal_tim.o(.text.TIM_OC4_SetConfig)
    __arm_cp.77_0                            0x08002390   Number         4  stm32f4xx_hal_tim.o(.text.TIM_OC4_SetConfig)
    USART3_Control                           0x08002395   Thumb Code     4  usart_stm32f4xx.o(.text.USART3_Control)
    [Anonymous Symbol]                       0x08002394   Section        0  usart_stm32f4xx.o(.text.USART3_Control)
    USART3_GetCapabilities                   0x08002399   Thumb Code     6  usart_stm32f4xx.o(.text.USART3_GetCapabilities)
    [Anonymous Symbol]                       0x08002398   Section        0  usart_stm32f4xx.o(.text.USART3_GetCapabilities)
    USART3_GetModemStatus                    0x0800239f   Thumb Code     4  usart_stm32f4xx.o(.text.USART3_GetModemStatus)
    [Anonymous Symbol]                       0x0800239e   Section        0  usart_stm32f4xx.o(.text.USART3_GetModemStatus)
    USART3_GetRxCount                        0x080023a5   Thumb Code     8  usart_stm32f4xx.o(.text.USART3_GetRxCount)
    [Anonymous Symbol]                       0x080023a4   Section        0  usart_stm32f4xx.o(.text.USART3_GetRxCount)
    USART3_GetStatus                         0x080023ad   Thumb Code    92  usart_stm32f4xx.o(.text.USART3_GetStatus)
    [Anonymous Symbol]                       0x080023ac   Section        0  usart_stm32f4xx.o(.text.USART3_GetStatus)
    __arm_cp.13_1                            0x08002408   Number         4  usart_stm32f4xx.o(.text.USART3_GetStatus)
    USART3_GetTxCount                        0x0800240d   Thumb Code     8  usart_stm32f4xx.o(.text.USART3_GetTxCount)
    [Anonymous Symbol]                       0x0800240c   Section        0  usart_stm32f4xx.o(.text.USART3_GetTxCount)
    [Anonymous Symbol]                       0x08002414   Section        0  usart_stm32f4xx.o(.text.USART3_IRQHandler)
    __arm_cp.1_0                             0x0800241c   Number         4  usart_stm32f4xx.o(.text.USART3_IRQHandler)
    USART3_Initialize                        0x08002421   Thumb Code    56  usart_stm32f4xx.o(.text.USART3_Initialize)
    [Anonymous Symbol]                       0x08002420   Section        0  usart_stm32f4xx.o(.text.USART3_Initialize)
    USART3_PowerControl                      0x08002459   Thumb Code     4  usart_stm32f4xx.o(.text.USART3_PowerControl)
    [Anonymous Symbol]                       0x08002458   Section        0  usart_stm32f4xx.o(.text.USART3_PowerControl)
    USART3_Receive                           0x0800245d   Thumb Code     4  usart_stm32f4xx.o(.text.USART3_Receive)
    [Anonymous Symbol]                       0x0800245c   Section        0  usart_stm32f4xx.o(.text.USART3_Receive)
    USART3_Send                              0x08002461   Thumb Code     4  usart_stm32f4xx.o(.text.USART3_Send)
    [Anonymous Symbol]                       0x08002460   Section        0  usart_stm32f4xx.o(.text.USART3_Send)
    USART3_SetModemControl                   0x08002465   Thumb Code    52  usart_stm32f4xx.o(.text.USART3_SetModemControl)
    [Anonymous Symbol]                       0x08002464   Section        0  usart_stm32f4xx.o(.text.USART3_SetModemControl)
    USART3_Transfer                          0x08002499   Thumb Code    64  usart_stm32f4xx.o(.text.USART3_Transfer)
    [Anonymous Symbol]                       0x08002498   Section        0  usart_stm32f4xx.o(.text.USART3_Transfer)
    USART3_Uninitialize                      0x080024d9   Thumb Code    48  usart_stm32f4xx.o(.text.USART3_Uninitialize)
    [Anonymous Symbol]                       0x080024d8   Section        0  usart_stm32f4xx.o(.text.USART3_Uninitialize)
    __arm_cp.5_0                             0x08002508   Number         4  usart_stm32f4xx.o(.text.USART3_Uninitialize)
    __arm_cp.5_1                             0x0800250c   Number         4  usart_stm32f4xx.o(.text.USART3_Uninitialize)
    USART_Control                            0x08002511   Thumb Code  1328  usart_stm32f4xx.o(.text.USART_Control)
    [Anonymous Symbol]                       0x08002510   Section        0  usart_stm32f4xx.o(.text.USART_Control)
    __arm_cp.20_9                            0x080028b4   Number         4  usart_stm32f4xx.o(.text.USART_Control)
    __arm_cp.20_1                            0x08002a40   Number         4  usart_stm32f4xx.o(.text.USART_Control)
    __arm_cp.20_3                            0x08002a44   Number         4  usart_stm32f4xx.o(.text.USART_Control)
    __arm_cp.20_4                            0x08002a48   Number         4  usart_stm32f4xx.o(.text.USART_Control)
    [Anonymous Symbol]                       0x08002a4c   Section        0  usart_stm32f4xx.o(.text.USART_IRQHandler)
    USART_PowerControl                       0x08002c4d   Thumb Code   176  usart_stm32f4xx.o(.text.USART_PowerControl)
    [Anonymous Symbol]                       0x08002c4c   Section        0  usart_stm32f4xx.o(.text.USART_PowerControl)
    __arm_cp.17_1                            0x08002cfc   Number         4  usart_stm32f4xx.o(.text.USART_PowerControl)
    __arm_cp.17_2                            0x08002d00   Number         4  usart_stm32f4xx.o(.text.USART_PowerControl)
    USART_Receive                            0x08002d05   Thumb Code   104  usart_stm32f4xx.o(.text.USART_Receive)
    [Anonymous Symbol]                       0x08002d04   Section        0  usart_stm32f4xx.o(.text.USART_Receive)
    USART_Send                               0x08002d6d   Thumb Code    80  usart_stm32f4xx.o(.text.USART_Send)
    [Anonymous Symbol]                       0x08002d6c   Section        0  usart_stm32f4xx.o(.text.USART_Send)
    __arm_cp.18_0                            0x08002dbc   Number         4  usart_stm32f4xx.o(.text.USART_Send)
    __arm_cp.18_1                            0x08002dc0   Number         4  usart_stm32f4xx.o(.text.USART_Send)
    USARTx_GetVersion                        0x08002dc5   Thumb Code     4  usart_stm32f4xx.o(.text.USARTx_GetVersion)
    [Anonymous Symbol]                       0x08002dc4   Section        0  usart_stm32f4xx.o(.text.USARTx_GetVersion)
    __arm_cp.2_0                             0x08002dc8   Number         4  usart_stm32f4xx.o(.text.USARTx_GetVersion)
    [Anonymous Symbol]                       0x08002dcc   Section        0  stm32f4xx_it.o(.text.UsageFault_Handler)
    [Anonymous Symbol]                       0x08002dd0   Section        0  io_wrapper.o(.text.check_CRC)
    check_SPI_SR                             0x08002e1d   Thumb Code    32  lcd_spi.o(.text.check_SPI_SR)
    [Anonymous Symbol]                       0x08002e1c   Section        0  lcd_spi.o(.text.check_SPI_SR)
    __arm_cp.5_0                             0x08002e3c   Number         4  lcd_spi.o(.text.check_SPI_SR)
    __arm_cp.5_1                             0x08002e40   Number         4  lcd_spi.o(.text.check_SPI_SR)
    [Anonymous Symbol]                       0x08002e44   Section        0  io_wrapper.o(.text.get_pdrom)
    [Anonymous Symbol]                       0x08002e74   Section        0  init.o(.text.initITSboard)
    __arm_cp.0_0                             0x08002fa8   Number         4  init.o(.text.initITSboard)
    __arm_cp.0_1                             0x08002fac   Number         4  init.o(.text.initITSboard)
    __arm_cp.0_2                             0x08002fb0   Number         4  init.o(.text.initITSboard)
    [Anonymous Symbol]                       0x08002fb4   Section        0  timer.o(.text.initTimer)
    __arm_cp.0_0                             0x08002fdc   Number         4  timer.o(.text.initTimer)
    __arm_cp.0_1                             0x08002fe0   Number         4  timer.o(.text.initTimer)
    [Anonymous Symbol]                       0x08002fe4   Section        0  zeitmessung.o(.text.initZeitmessung)
    [Anonymous Symbol]                       0x08003000   Section        0  display_out.o(.text.init_display)
    [Anonymous Symbol]                       0x08003050   Section        0  io.o(.text.init_mode)
    [Anonymous Symbol]                       0x080030c2   Section        0  lcd_tools.o(.text.itoa)
    [Anonymous Symbol]                       0x0800313c   Section        0  lcd.o(.text.lcdGotoXY)
    [Anonymous Symbol]                       0x0800314c   Section        0  lcd.o(.text.lcdPrintS)
    [Anonymous Symbol]                       0x080031f4   Section        0  lcd.o(.text.lcdPrintlnS)
    __arm_cp.4_0                             0x08003214   Number         4  lcd.o(.text.lcdPrintlnS)
    [Anonymous Symbol]                       0x08003218   Section        0  main.o(.text.main)
    [Anonymous Symbol]                       0x08003368   Section        0  lcd_debug.o(.text.printDebugMsg)
    __arm_cp.0_1                             0x080033e4   Number         4  lcd_debug.o(.text.printDebugMsg)
    __arm_cp.0_2                             0x080033e8   Number         4  lcd_debug.o(.text.printDebugMsg)
    [Anonymous Symbol]                       0x080033f4   Section        0  errorhandler.o(.text.printError)
    [Anonymous Symbol]                       0x0800346c   Section        0  display_out.o(.text.print_sensoren)
    [Anonymous Symbol]                       0x08003698   Section        0  io.o(.text.read_bit)
    [Anonymous Symbol]                       0x08003700   Section        0  io.o(.text.read_bytes)
    [Anonymous Symbol]                       0x080037a8   Section        0  io_wrapper.o(.text.read_temperature)
    [Anonymous Symbol]                       0x08003878   Section        0  zeitmessung.o(.text.sleep)
    [Anonymous Symbol]                       0x08003910   Section        0  stdinout_usart.o(.text.stdinout_init)
    __arm_cp.0_0                             0x08003950   Number         4  stdinout_usart.o(.text.stdinout_init)
    stringCopy                               0x08003955   Thumb Code    22  lcd.o(.text.stringCopy)
    [Anonymous Symbol]                       0x08003954   Section        0  lcd.o(.text.stringCopy)
    [Anonymous Symbol]                       0x08003970   Section        0  io.o(.text.write_bit)
    [Anonymous Symbol]                       0x080039f0   Section        0  io.o(.text.write_byte)
    [Anonymous Symbol]                       0x08003a68   Section        0  io.o(.text.write_bytes)
    [Anonymous Symbol]                       0x08003ae0   Section        0  io.o(.text.write_reset)
    i.__0snprintf                            0x08003b88   Section        0  printfa.o(i.__0snprintf)
    i.__0sprintf                             0x08003bbc   Section        0  printfa.o(i.__0sprintf)
    i.__scatterload_copy                     0x08003be4   Section       14  handlers.o(i.__scatterload_copy)
    i.__scatterload_null                     0x08003bf2   Section        2  handlers.o(i.__scatterload_null)
    i.__scatterload_zeroinit                 0x08003bf4   Section       14  handlers.o(i.__scatterload_zeroinit)
    _fp_digits                               0x08003c05   Thumb Code   366  printfa.o(i._fp_digits)
    i._fp_digits                             0x08003c04   Section        0  printfa.o(i._fp_digits)
    _printf_core                             0x08003d89   Thumb Code  1744  printfa.o(i._printf_core)
    i._printf_core                           0x08003d88   Section        0  printfa.o(i._printf_core)
    _printf_post_padding                     0x08004465   Thumb Code    36  printfa.o(i._printf_post_padding)
    i._printf_post_padding                   0x08004464   Section        0  printfa.o(i._printf_post_padding)
    _printf_pre_padding                      0x08004489   Thumb Code    46  printfa.o(i._printf_pre_padding)
    i._printf_pre_padding                    0x08004488   Section        0  printfa.o(i._printf_pre_padding)
    _snputc                                  0x080044b7   Thumb Code    22  printfa.o(i._snputc)
    i._snputc                                0x080044b6   Section        0  printfa.o(i._snputc)
    _sputc                                   0x080044cd   Thumb Code    10  printfa.o(i._sputc)
    i._sputc                                 0x080044cc   Section        0  printfa.o(i._sputc)
    USART3_Resources                         0x08004528   Data          52  usart_stm32f4xx.o(.rodata.USART3_Resources)
    [Anonymous Symbol]                       0x08004528   Section        0  usart_stm32f4xx.o(.rodata.USART3_Resources)
    USART3_rx                                0x0800455c   Data          12  usart_stm32f4xx.o(.rodata.USART3_rx)
    [Anonymous Symbol]                       0x0800455c   Section        0  usart_stm32f4xx.o(.rodata.USART3_rx)
    USART3_tx                                0x08004568   Data          12  usart_stm32f4xx.o(.rodata.USART3_tx)
    [Anonymous Symbol]                       0x08004568   Section        0  usart_stm32f4xx.o(.rodata.USART3_tx)
    .L.str                                   0x080045db   Data          13  main.o(.rodata.str1.1)
    [Anonymous Symbol]                       0x080045db   Section        0  main.o(.rodata.str1.1)
    .L.str.1                                 0x080045e8   Data          23  main.o(.rodata.str1.1)
    .L.str                                   0x080045ff   Data          17  io_wrapper.o(.rodata.str1.1)
    [Anonymous Symbol]                       0x080045ff   Section        0  io_wrapper.o(.rodata.str1.1)
    .L.str.1                                 0x08004610   Data          11  io_wrapper.o(.rodata.str1.1)
    .L.str                                   0x0800461b   Data           9  io.o(.rodata.str1.1)
    [Anonymous Symbol]                       0x0800461b   Section        0  io.o(.rodata.str1.1)
    .L.str.1                                 0x08004624   Data          24  io.o(.rodata.str1.1)
    .L.str.3                                 0x0800463c   Data          21  io.o(.rodata.str1.1)
    .L.str.2                                 0x08004651   Data          22  io.o(.rodata.str1.1)
    .L.str.7                                 0x08004667   Data          25  display_out.o(.rodata.str1.1)
    [Anonymous Symbol]                       0x08004667   Section        0  display_out.o(.rodata.str1.1)
    .L.str.3                                 0x08004680   Data           8  display_out.o(.rodata.str1.1)
    .L.str.1                                 0x08004688   Data           6  display_out.o(.rodata.str1.1)
    .L.str.2                                 0x0800468e   Data          11  display_out.o(.rodata.str1.1)
    .L.str.6                                 0x08004699   Data           6  display_out.o(.rodata.str1.1)
    .L.str                                   0x0800469f   Data           9  display_out.o(.rodata.str1.1)
    .L.str.4                                 0x080046a8   Data           8  display_out.o(.rodata.str1.1)
    .L.str.5                                 0x080046b0   Data           7  display_out.o(.rodata.str1.1)
    .L.str                                   0x080046b7   Data          30  errorhandler.o(.rodata.str1.1)
    [Anonymous Symbol]                       0x080046b7   Section        0  errorhandler.o(.rodata.str1.1)
    [Anonymous Symbol]                       0x080046d5   Section        0  lcd_gui.o(.rodata.str1.1)
    [Anonymous Symbol]                       0x080046fa   Section        0  lcd_spi.o(.rodata.str1.1)
    [Anonymous Symbol]                       0x0800471f   Section        0  lcd_tim.o(.rodata.str1.1)
    [Anonymous Symbol]                       0x20000000   Section        0  stm32f4xx_hal.o(.data..L_MergedGlobals)
    lcdmaxx                                  0x20000008   Data           4  lcd.o(.data..L_MergedGlobals)
    [Anonymous Symbol]                       0x20000008   Section        0  lcd.o(.data..L_MergedGlobals)
    fontWidth                                0x2000000c   Data           4  lcd.o(.data..L_MergedGlobals)
    crd                                      0x20000010   Data           4  lcd.o(.data..L_MergedGlobals)
    fontHeight                               0x20000014   Data           4  lcd.o(.data..L_MergedGlobals)
    lcdFont                                  0x20000018   Data           4  lcd.o(.data..L_MergedGlobals)
    lcdmaxy                                  0x2000001c   Data           4  lcd.o(.data..L_MergedGlobals)
    dscrc_table                              0x2000002c   Data         256  io_wrapper.o(.data.dscrc_table)
    [Anonymous Symbol]                       0x2000002c   Section        0  io_wrapper.o(.data.dscrc_table)
    USART3_Info                              0x20000130   Data          20  usart_stm32f4xx.o(.bss..L_MergedGlobals)
    [Anonymous Symbol]                       0x20000130   Section        0  usart_stm32f4xx.o(.bss..L_MergedGlobals)
    USART3_TransferInfo                      0x20000144   Data          36  usart_stm32f4xx.o(.bss..L_MergedGlobals)
    LastDeviceFlag                           0x200001b0   Data           4  io_wrapper.o(.bss.LastDeviceFlag)
    [Anonymous Symbol]                       0x200001b0   Section        0  io_wrapper.o(.bss.LastDeviceFlag)
    LastDiscrepancy                          0x200001b4   Data           4  io_wrapper.o(.bss.LastDiscrepancy)
    [Anonymous Symbol]                       0x200001b4   Section        0  io_wrapper.o(.bss.LastDiscrepancy)
    LastFamilyDiscrepancy                    0x200001b8   Data           4  io_wrapper.o(.bss.LastFamilyDiscrepancy)
    [Anonymous Symbol]                       0x200001b8   Section        0  io_wrapper.o(.bss.LastFamilyDiscrepancy)
    ROM_NO                                   0x200001bc   Data           8  io_wrapper.o(.bss.ROM_NO)
    [Anonymous Symbol]                       0x200001bc   Section        0  io_wrapper.o(.bss.ROM_NO)
    buf                                      0x200001c8   Data         256  errorhandler.o(.bss.buf)
    [Anonymous Symbol]                       0x200001c8   Section        0  errorhandler.o(.bss.buf)
    buffer                                   0x200002c8   Data          30  display_out.o(.bss.buffer)
    [Anonymous Symbol]                       0x200002c8   Section        0  display_out.o(.bss.buffer)
    crc8                                     0x200002e6   Data           1  io_wrapper.o(.bss.crc8)
    [Anonymous Symbol]                       0x200002e6   Section        0  io_wrapper.o(.bss.crc8)
    htim4                                    0x200002e8   Data          64  lcd_tim.o(.bss.htim4)
    [Anonymous Symbol]                       0x200002e8   Section        0  lcd_tim.o(.bss.htim4)
    last_anzahl                              0x20000328   Data           4  display_out.o(.bss.last_anzahl)
    [Anonymous Symbol]                       0x20000328   Section        0  display_out.o(.bss.last_anzahl)
    lastpdroms                               0x20000330   Data          40  display_out.o(.bss.lastpdroms)
    [Anonymous Symbol]                       0x20000330   Section        0  display_out.o(.bss.lastpdroms)
    mode                                     0x20000358   Data           4  io.o(.bss.mode)
    [Anonymous Symbol]                       0x20000358   Section        0  io.o(.bss.mode)
    t1                                       0x200003b0   Data           4  zeitmessung.o(.bss.t1)
    [Anonymous Symbol]                       0x200003b0   Section        0  zeitmessung.o(.bss.t1)
    temperatur_bytes                         0x200003b4   Data           9  io_wrapper.o(.bss.temperatur_bytes)
    [Anonymous Symbol]                       0x200003b4   Section        0  io_wrapper.o(.bss.temperatur_bytes)
    STACK                                    0x200003c8   Section     1024  startup_stm32f429xx.o(STACK)

    Global Symbols

    Symbol Name                              Value     Ov Type        Size  Object(Section)

    BuildAttributes$$THM_ISAv4$E$P$D$K$B$S$7EM$VFPi3$EXTD16$VFPS$VFMA$PE$A:L22UL41UL21$X:L11$S22US41US21$IEEE1$IW$~IW$USESV6$~STKCKD$USESV7$~SHL$OTIME$ROPI$IEEEJ$EBA8$MICROLIB$REQ8$PRES8$EABIv2 0x00000000   Number         0  anon$$obj.o ABSOLUTE
    _printf_a                                0x00000000   Number         0  printfstubs.o ABSOLUTE
    _printf_c                                0x00000000   Number         0  printfstubs.o ABSOLUTE
    _printf_charcount                        0x00000000   Number         0  printfstubs.o ABSOLUTE
    _printf_d                                0x00000000   Number         0  printfstubs.o ABSOLUTE
    _printf_e                                0x00000000   Number         0  printfstubs.o ABSOLUTE
    _printf_f                                0x00000000   Number         0  printfstubs.o ABSOLUTE
    _printf_flags                            0x00000000   Number         0  printfstubs.o ABSOLUTE
    _printf_fp_dec                           0x00000000   Number         0  printfstubs.o ABSOLUTE
    _printf_fp_hex                           0x00000000   Number         0  printfstubs.o ABSOLUTE
    _printf_g                                0x00000000   Number         0  printfstubs.o ABSOLUTE
    _printf_i                                0x00000000   Number         0  printfstubs.o ABSOLUTE
    _printf_int_dec                          0x00000000   Number         0  printfstubs.o ABSOLUTE
    _printf_l                                0x00000000   Number         0  printfstubs.o ABSOLUTE
    _printf_lc                               0x00000000   Number         0  printfstubs.o ABSOLUTE
    _printf_ll                               0x00000000   Number         0  printfstubs.o ABSOLUTE
    _printf_lld                              0x00000000   Number         0  printfstubs.o ABSOLUTE
    _printf_lli                              0x00000000   Number         0  printfstubs.o ABSOLUTE
    _printf_llo                              0x00000000   Number         0  printfstubs.o ABSOLUTE
    _printf_llu                              0x00000000   Number         0  printfstubs.o ABSOLUTE
    _printf_llx                              0x00000000   Number         0  printfstubs.o ABSOLUTE
    _printf_longlong_dec                     0x00000000   Number         0  printfstubs.o ABSOLUTE
    _printf_longlong_hex                     0x00000000   Number         0  printfstubs.o ABSOLUTE
    _printf_longlong_oct                     0x00000000   Number         0  printfstubs.o ABSOLUTE
    _printf_ls                               0x00000000   Number         0  printfstubs.o ABSOLUTE
    _printf_mbtowc                           0x00000000   Number         0  printfstubs.o ABSOLUTE
    _printf_n                                0x00000000   Number         0  printfstubs.o ABSOLUTE
    _printf_o                                0x00000000   Number         0  printfstubs.o ABSOLUTE
    _printf_p                                0x00000000   Number         0  printfstubs.o ABSOLUTE
    _printf_percent                          0x00000000   Number         0  printfstubs.o ABSOLUTE
    _printf_pre_padding                      0x00000000   Number         0  printfstubs.o ABSOLUTE
    _printf_return_value                     0x00000000   Number         0  printfstubs.o ABSOLUTE
    _printf_s                                0x00000000   Number         0  printfstubs.o ABSOLUTE
    _printf_sizespec                         0x00000000   Number         0  printfstubs.o ABSOLUTE
    _printf_str                              0x00000000   Number         0  printfstubs.o ABSOLUTE
    _printf_truncate_signed                  0x00000000   Number         0  printfstubs.o ABSOLUTE
    _printf_truncate_unsigned                0x00000000   Number         0  printfstubs.o ABSOLUTE
    _printf_u                                0x00000000   Number         0  printfstubs.o ABSOLUTE
    _printf_wc                               0x00000000   Number         0  printfstubs.o ABSOLUTE
    _printf_wctomb                           0x00000000   Number         0  printfstubs.o ABSOLUTE
    _printf_widthprec                        0x00000000   Number         0  printfstubs.o ABSOLUTE
    _printf_x                                0x00000000   Number         0  printfstubs.o ABSOLUTE
    __cpp_initialize__aeabi_                  - Undefined Weak Reference
    __cxa_finalize                            - Undefined Weak Reference
    __decompress                              - Undefined Weak Reference
    _clock_init                               - Undefined Weak Reference
    _microlib_exit                            - Undefined Weak Reference
    __Vectors_Size                           0x000001ac   Number         0  startup_stm32f429xx.o ABSOLUTE
    __Vectors                                0x08000000   Data           4  startup_stm32f429xx.o(RESET)
    __Vectors_End                            0x080001ac   Data           0  startup_stm32f429xx.o(RESET)
    __main                                   0x080001ad   Thumb Code     0  entry.o(.ARM.Collect$$$$00000000)
    _main_stk                                0x080001ad   Thumb Code     0  entry2.o(.ARM.Collect$$$$00000001)
    _main_scatterload                        0x080001b1   Thumb Code     0  entry5.o(.ARM.Collect$$$$00000004)
    __main_after_scatterload                 0x080001b5   Thumb Code     0  entry5.o(.ARM.Collect$$$$00000004)
    _main_clock                              0x080001b5   Thumb Code     0  entry7b.o(.ARM.Collect$$$$00000008)
    _main_cpp_init                           0x080001b5   Thumb Code     0  entry8b.o(.ARM.Collect$$$$0000000A)
    _main_init                               0x080001b5   Thumb Code     0  entry9a.o(.ARM.Collect$$$$0000000B)
    __rt_final_cpp                           0x080001bd   Thumb Code     0  entry10a.o(.ARM.Collect$$$$0000000D)
    __rt_final_exit                          0x080001bd   Thumb Code     0  entry11a.o(.ARM.Collect$$$$0000000F)
    Reset_Handler                            0x080001c1   Thumb Code     8  startup_stm32f429xx.o(.text)
    ADC_IRQHandler                           0x080001db   Thumb Code     0  startup_stm32f429xx.o(.text)
    CAN1_RX0_IRQHandler                      0x080001db   Thumb Code     0  startup_stm32f429xx.o(.text)
    CAN1_RX1_IRQHandler                      0x080001db   Thumb Code     0  startup_stm32f429xx.o(.text)
    CAN1_SCE_IRQHandler                      0x080001db   Thumb Code     0  startup_stm32f429xx.o(.text)
    CAN1_TX_IRQHandler                       0x080001db   Thumb Code     0  startup_stm32f429xx.o(.text)
    CAN2_RX0_IRQHandler                      0x080001db   Thumb Code     0  startup_stm32f429xx.o(.text)
    CAN2_RX1_IRQHandler                      0x080001db   Thumb Code     0  startup_stm32f429xx.o(.text)
    CAN2_SCE_IRQHandler                      0x080001db   Thumb Code     0  startup_stm32f429xx.o(.text)
    CAN2_TX_IRQHandler                       0x080001db   Thumb Code     0  startup_stm32f429xx.o(.text)
    DCMI_IRQHandler                          0x080001db   Thumb Code     0  startup_stm32f429xx.o(.text)
    DMA1_Stream0_IRQHandler                  0x080001db   Thumb Code     0  startup_stm32f429xx.o(.text)
    DMA1_Stream1_IRQHandler                  0x080001db   Thumb Code     0  startup_stm32f429xx.o(.text)
    DMA1_Stream2_IRQHandler                  0x080001db   Thumb Code     0  startup_stm32f429xx.o(.text)
    DMA1_Stream3_IRQHandler                  0x080001db   Thumb Code     0  startup_stm32f429xx.o(.text)
    DMA1_Stream4_IRQHandler                  0x080001db   Thumb Code     0  startup_stm32f429xx.o(.text)
    DMA1_Stream5_IRQHandler                  0x080001db   Thumb Code     0  startup_stm32f429xx.o(.text)
    DMA1_Stream6_IRQHandler                  0x080001db   Thumb Code     0  startup_stm32f429xx.o(.text)
    DMA1_Stream7_IRQHandler                  0x080001db   Thumb Code     0  startup_stm32f429xx.o(.text)
    DMA2D_IRQHandler                         0x080001db   Thumb Code     0  startup_stm32f429xx.o(.text)
    DMA2_Stream0_IRQHandler                  0x080001db   Thumb Code     0  startup_stm32f429xx.o(.text)
    DMA2_Stream1_IRQHandler                  0x080001db   Thumb Code     0  startup_stm32f429xx.o(.text)
    DMA2_Stream2_IRQHandler                  0x080001db   Thumb Code     0  startup_stm32f429xx.o(.text)
    DMA2_Stream3_IRQHandler                  0x080001db   Thumb Code     0  startup_stm32f429xx.o(.text)
    DMA2_Stream4_IRQHandler                  0x080001db   Thumb Code     0  startup_stm32f429xx.o(.text)
    DMA2_Stream5_IRQHandler                  0x080001db   Thumb Code     0  startup_stm32f429xx.o(.text)
    DMA2_Stream6_IRQHandler                  0x080001db   Thumb Code     0  startup_stm32f429xx.o(.text)
    DMA2_Stream7_IRQHandler                  0x080001db   Thumb Code     0  startup_stm32f429xx.o(.text)
    ETH_WKUP_IRQHandler                      0x080001db   Thumb Code     0  startup_stm32f429xx.o(.text)
    EXTI0_IRQHandler                         0x080001db   Thumb Code     0  startup_stm32f429xx.o(.text)
    EXTI15_10_IRQHandler                     0x080001db   Thumb Code     0  startup_stm32f429xx.o(.text)
    EXTI1_IRQHandler                         0x080001db   Thumb Code     0  startup_stm32f429xx.o(.text)
    EXTI2_IRQHandler                         0x080001db   Thumb Code     0  startup_stm32f429xx.o(.text)
    EXTI3_IRQHandler                         0x080001db   Thumb Code     0  startup_stm32f429xx.o(.text)
    EXTI4_IRQHandler                         0x080001db   Thumb Code     0  startup_stm32f429xx.o(.text)
    EXTI9_5_IRQHandler                       0x080001db   Thumb Code     0  startup_stm32f429xx.o(.text)
    FLASH_IRQHandler                         0x080001db   Thumb Code     0  startup_stm32f429xx.o(.text)
    FMC_IRQHandler                           0x080001db   Thumb Code     0  startup_stm32f429xx.o(.text)
    FPU_IRQHandler                           0x080001db   Thumb Code     0  startup_stm32f429xx.o(.text)
    HASH_RNG_IRQHandler                      0x080001db   Thumb Code     0  startup_stm32f429xx.o(.text)
    I2C1_ER_IRQHandler                       0x080001db   Thumb Code     0  startup_stm32f429xx.o(.text)
    I2C1_EV_IRQHandler                       0x080001db   Thumb Code     0  startup_stm32f429xx.o(.text)
    I2C2_ER_IRQHandler                       0x080001db   Thumb Code     0  startup_stm32f429xx.o(.text)
    I2C2_EV_IRQHandler                       0x080001db   Thumb Code     0  startup_stm32f429xx.o(.text)
    I2C3_ER_IRQHandler                       0x080001db   Thumb Code     0  startup_stm32f429xx.o(.text)
    I2C3_EV_IRQHandler                       0x080001db   Thumb Code     0  startup_stm32f429xx.o(.text)
    LTDC_ER_IRQHandler                       0x080001db   Thumb Code     0  startup_stm32f429xx.o(.text)
    LTDC_IRQHandler                          0x080001db   Thumb Code     0  startup_stm32f429xx.o(.text)
    OTG_FS_IRQHandler                        0x080001db   Thumb Code     0  startup_stm32f429xx.o(.text)
    OTG_FS_WKUP_IRQHandler                   0x080001db   Thumb Code     0  startup_stm32f429xx.o(.text)
    OTG_HS_EP1_IN_IRQHandler                 0x080001db   Thumb Code     0  startup_stm32f429xx.o(.text)
    OTG_HS_EP1_OUT_IRQHandler                0x080001db   Thumb Code     0  startup_stm32f429xx.o(.text)
    OTG_HS_IRQHandler                        0x080001db   Thumb Code     0  startup_stm32f429xx.o(.text)
    OTG_HS_WKUP_IRQHandler                   0x080001db   Thumb Code     0  startup_stm32f429xx.o(.text)
    PVD_IRQHandler                           0x080001db   Thumb Code     0  startup_stm32f429xx.o(.text)
    RCC_IRQHandler                           0x080001db   Thumb Code     0  startup_stm32f429xx.o(.text)
    RTC_Alarm_IRQHandler                     0x080001db   Thumb Code     0  startup_stm32f429xx.o(.text)
    RTC_WKUP_IRQHandler                      0x080001db   Thumb Code     0  startup_stm32f429xx.o(.text)
    SAI1_IRQHandler                          0x080001db   Thumb Code     0  startup_stm32f429xx.o(.text)
    SDIO_IRQHandler                          0x080001db   Thumb Code     0  startup_stm32f429xx.o(.text)
    SPI1_IRQHandler                          0x080001db   Thumb Code     0  startup_stm32f429xx.o(.text)
    SPI2_IRQHandler                          0x080001db   Thumb Code     0  startup_stm32f429xx.o(.text)
    SPI3_IRQHandler                          0x080001db   Thumb Code     0  startup_stm32f429xx.o(.text)
    SPI4_IRQHandler                          0x080001db   Thumb Code     0  startup_stm32f429xx.o(.text)
    SPI5_IRQHandler                          0x080001db   Thumb Code     0  startup_stm32f429xx.o(.text)
    SPI6_IRQHandler                          0x080001db   Thumb Code     0  startup_stm32f429xx.o(.text)
    TAMP_STAMP_IRQHandler                    0x080001db   Thumb Code     0  startup_stm32f429xx.o(.text)
    TIM1_BRK_TIM9_IRQHandler                 0x080001db   Thumb Code     0  startup_stm32f429xx.o(.text)
    TIM1_CC_IRQHandler                       0x080001db   Thumb Code     0  startup_stm32f429xx.o(.text)
    TIM1_TRG_COM_TIM11_IRQHandler            0x080001db   Thumb Code     0  startup_stm32f429xx.o(.text)
    TIM1_UP_TIM10_IRQHandler                 0x080001db   Thumb Code     0  startup_stm32f429xx.o(.text)
    TIM2_IRQHandler                          0x080001db   Thumb Code     0  startup_stm32f429xx.o(.text)
    TIM3_IRQHandler                          0x080001db   Thumb Code     0  startup_stm32f429xx.o(.text)
    TIM4_IRQHandler                          0x080001db   Thumb Code     0  startup_stm32f429xx.o(.text)
    TIM5_IRQHandler                          0x080001db   Thumb Code     0  startup_stm32f429xx.o(.text)
    TIM6_DAC_IRQHandler                      0x080001db   Thumb Code     0  startup_stm32f429xx.o(.text)
    TIM7_IRQHandler                          0x080001db   Thumb Code     0  startup_stm32f429xx.o(.text)
    TIM8_BRK_TIM12_IRQHandler                0x080001db   Thumb Code     0  startup_stm32f429xx.o(.text)
    TIM8_CC_IRQHandler                       0x080001db   Thumb Code     0  startup_stm32f429xx.o(.text)
    TIM8_TRG_COM_TIM14_IRQHandler            0x080001db   Thumb Code     0  startup_stm32f429xx.o(.text)
    TIM8_UP_TIM13_IRQHandler                 0x080001db   Thumb Code     0  startup_stm32f429xx.o(.text)
    UART4_IRQHandler                         0x080001db   Thumb Code     0  startup_stm32f429xx.o(.text)
    UART5_IRQHandler                         0x080001db   Thumb Code     0  startup_stm32f429xx.o(.text)
    UART7_IRQHandler                         0x080001db   Thumb Code     0  startup_stm32f429xx.o(.text)
    UART8_IRQHandler                         0x080001db   Thumb Code     0  startup_stm32f429xx.o(.text)
    USART1_IRQHandler                        0x080001db   Thumb Code     0  startup_stm32f429xx.o(.text)
    USART2_IRQHandler                        0x080001db   Thumb Code     0  startup_stm32f429xx.o(.text)
    USART6_IRQHandler                        0x080001db   Thumb Code     0  startup_stm32f429xx.o(.text)
    WWDG_IRQHandler                          0x080001db   Thumb Code     0  startup_stm32f429xx.o(.text)
    __aeabi_uldivmod                         0x080001e5   Thumb Code    98  uldiv.o(.text)
    __aeabi_ldivmod                          0x08000247   Thumb Code    98  ldiv.o(.text)
    __aeabi_memset                           0x080002a9   Thumb Code    14  memseta.o(.text)
    __aeabi_memset4                          0x080002a9   Thumb Code     0  memseta.o(.text)
    __aeabi_memset8                          0x080002a9   Thumb Code     0  memseta.o(.text)
    __aeabi_memclr                           0x080002b7   Thumb Code     4  memseta.o(.text)
    __aeabi_memclr4                          0x080002b7   Thumb Code     0  memseta.o(.text)
    __aeabi_memclr8                          0x080002b7   Thumb Code     0  memseta.o(.text)
    _memset$wrapper                          0x080002bb   Thumb Code    18  memseta.o(.text)
    strncpy                                  0x080002cd   Thumb Code    24  strncpy.o(.text)
    strlen                                   0x080002e5   Thumb Code    14  strlen.o(.text)
    __aeabi_dmul                             0x080002f3   Thumb Code   228  dmul.o(.text)
    __aeabi_ddiv                             0x080003d7   Thumb Code   222  ddiv.o(.text)
    __aeabi_dcmplt                           0x080004b5   Thumb Code    54  dcmplt.o(.text)
    __aeabi_i2d                              0x080004eb   Thumb Code    34  dflti.o(.text)
    __aeabi_ui2d                             0x0800050d   Thumb Code    26  dfltui.o(.text)
    __aeabi_uidiv                            0x08000527   Thumb Code     0  uidiv.o(.text)
    __aeabi_uidivmod                         0x08000527   Thumb Code    44  uidiv.o(.text)
    __aeabi_llsl                             0x08000553   Thumb Code    30  llshl.o(.text)
    _ll_shift_l                              0x08000553   Thumb Code     0  llshl.o(.text)
    __aeabi_llsr                             0x08000571   Thumb Code    32  llushr.o(.text)
    _ll_ushift_r                             0x08000571   Thumb Code     0  llushr.o(.text)
    __I$use$fp                               0x08000591   Thumb Code     0  iusefp.o(.text)
    _double_round                            0x08000591   Thumb Code    30  depilogue.o(.text)
    _double_epilogue                         0x080005af   Thumb Code   156  depilogue.o(.text)
    __aeabi_dadd                             0x0800064b   Thumb Code   322  dadd.o(.text)
    __aeabi_dsub                             0x0800078d   Thumb Code     6  dadd.o(.text)
    __aeabi_drsub                            0x08000793   Thumb Code     6  dadd.o(.text)
    __aeabi_d2ulz                            0x08000799   Thumb Code    48  dfixul.o(.text)
    __aeabi_cdrcmple                         0x080007c9   Thumb Code    48  cdrcmple.o(.text)
    __scatterload                            0x080007f9   Thumb Code    28  init.o(.text)
    __scatterload_rt2                        0x080007f9   Thumb Code     0  init.o(.text)
    __aeabi_lasr                             0x0800081d   Thumb Code    36  llsshr.o(.text)
    _ll_sshift_r                             0x0800081d   Thumb Code     0  llsshr.o(.text)
    BusFault_Handler                         0x08000841   Thumb Code     2  stm32f4xx_it.o(.text.BusFault_Handler)
    DebugMon_Handler                         0x08000843   Thumb Code     2  stm32f4xx_it.o(.text.DebugMon_Handler)
    Driver_Delay_ms                          0x08000845   Thumb Code     4  lcd_tools.o(.text.Driver_Delay_ms)
    ETH_IRQHandler                           0x08000849   Thumb Code     8  stm32f4xx_it.o(.text.ETH_IRQHandler)
    Error_Handler                            0x08000a05   Thumb Code   104  error.o(.text.Error_Handler)
    GPIO_Init                                0x08000a6d   Thumb Code   268  lcd_gpio.o(.text.GPIO_Init)
    GUI_disChar                              0x08000b89   Thumb Code   108  lcd_gui.o(.text.GUI_disChar)
    GUI_disNum                               0x08000bf5   Thumb Code    80  lcd_gui.o(.text.GUI_disNum)
    GUI_disStr                               0x08000c45   Thumb Code   168  lcd_gui.o(.text.GUI_disStr)
    GUI_drawRectangle                        0x08000ced   Thumb Code   208  lcd_gui.o(.text.GUI_drawRectangle)
    GUI_init                                 0x08000dc5   Thumb Code    18  lcd_gui.o(.text.GUI_init)
    HAL_Delay                                0x08000dd9   Thumb Code    32  stm32f4xx_hal.o(.text.HAL_Delay)
    HAL_ETH_ErrorCallback                    0x08000df9   Thumb Code     2  stm32f4xx_hal_eth.o(.text.HAL_ETH_ErrorCallback)
    HAL_ETH_IRQHandler                       0x08000dfb   Thumb Code   106  stm32f4xx_hal_eth.o(.text.HAL_ETH_IRQHandler)
    HAL_ETH_RxCpltCallback                   0x08000e65   Thumb Code     2  stm32f4xx_hal_eth.o(.text.HAL_ETH_RxCpltCallback)
    HAL_ETH_TxCpltCallback                   0x08000e67   Thumb Code     2  stm32f4xx_hal_eth.o(.text.HAL_ETH_TxCpltCallback)
    HAL_GPIO_DeInit                          0x08000e69   Thumb Code   212  stm32f4xx_hal_gpio.o(.text.HAL_GPIO_DeInit)
    HAL_GPIO_Init                            0x08000f3d   Thumb Code   384  stm32f4xx_hal_gpio.o(.text.HAL_GPIO_Init)
    HAL_GPIO_TogglePin                       0x080010d5   Thumb Code    14  stm32f4xx_hal_gpio.o(.text.HAL_GPIO_TogglePin)
    HAL_GPIO_WritePin                        0x080010e3   Thumb Code    10  stm32f4xx_hal_gpio.o(.text.HAL_GPIO_WritePin)
    HAL_GetTick                              0x080010ed   Thumb Code     8  stm32f4xx_hal.o(.text.HAL_GetTick)
    HAL_IncTick                              0x080010f5   Thumb Code    16  stm32f4xx_hal.o(.text.HAL_IncTick)
    HAL_Init                                 0x08001109   Thumb Code    40  stm32f4xx_hal.o(.text.HAL_Init)
    HAL_InitTick                             0x08001135   Thumb Code    56  stm32f4xx_hal.o(.text.HAL_InitTick)
    HAL_MspInit                              0x08001171   Thumb Code     2  stm32f4xx_hal.o(.text.HAL_MspInit)
    HAL_NVIC_DisableIRQ                      0x08001175   Thumb Code    36  stm32f4xx_hal_cortex.o(.text.HAL_NVIC_DisableIRQ)
    HAL_NVIC_SetPriority                     0x0800119d   Thumb Code    72  stm32f4xx_hal_cortex.o(.text.HAL_NVIC_SetPriority)
    HAL_NVIC_SetPriorityGrouping             0x080011e9   Thumb Code    24  stm32f4xx_hal_cortex.o(.text.HAL_NVIC_SetPriorityGrouping)
    HAL_PWREx_EnableOverDrive                0x08001209   Thumb Code    92  stm32f4xx_hal_pwr_ex.o(.text.HAL_PWREx_EnableOverDrive)
    HAL_RCC_ClockConfig                      0x08001271   Thumb Code   264  stm32f4xx_hal_rcc.o(.text.HAL_RCC_ClockConfig)
    HAL_RCC_GetPCLK1Freq                     0x08001385   Thumb Code    20  stm32f4xx_hal_rcc.o(.text.HAL_RCC_GetPCLK1Freq)
    HAL_RCC_GetSysClockFreq                  0x080013a5   Thumb Code    80  stm32f4xx_hal_rcc.o(.text.HAL_RCC_GetSysClockFreq)
    HAL_RCC_OscConfig                        0x08001401   Thumb Code   780  stm32f4xx_hal_rcc.o(.text.HAL_RCC_OscConfig)
    HAL_SYSTICK_Config                       0x08001719   Thumb Code    32  stm32f4xx_hal_cortex.o(.text.HAL_SYSTICK_Config)
    HAL_TIMEx_MasterConfigSynchronization    0x08001741   Thumb Code   108  stm32f4xx_hal_tim_ex.o(.text.HAL_TIMEx_MasterConfigSynchronization)
    HAL_TIM_PWM_ConfigChannel                0x080017c1   Thumb Code   148  stm32f4xx_hal_tim.o(.text.HAL_TIM_PWM_ConfigChannel)
    HAL_TIM_PWM_Init                         0x08001855   Thumb Code    32  stm32f4xx_hal_tim.o(.text.HAL_TIM_PWM_Init)
    HAL_TIM_PWM_MspInit                      0x08001875   Thumb Code    40  lcd_tim.o(.text.HAL_TIM_PWM_MspInit)
    HAL_TIM_PWM_Start                        0x080018a5   Thumb Code    40  stm32f4xx_hal_tim.o(.text.HAL_TIM_PWM_Start)
    HardFault_Handler                        0x080018d1   Thumb Code     2  stm32f4xx_it.o(.text.HardFault_Handler)
    LCDErrHandler                            0x080018d5   Thumb Code   104  lcd_tools.o(.text.LCDErrHandler)
    LCD_clear                                0x080019cd   Thumb Code    16  lcd_driver.o(.text.LCD_clear)
    LCD_fillRectangleBW                      0x080019dd   Thumb Code   188  lcd_driver.o(.text.LCD_fillRectangleBW)
    LCD_fillRectangleMC                      0x08001a99   Thumb Code    98  lcd_driver.o(.text.LCD_fillRectangleMC)
    LCD_init                                 0x08001afd   Thumb Code   180  lcd_driver.o(.text.LCD_init)
    MemManage_Handler                        0x08001c0d   Thumb Code     2  stm32f4xx_it.o(.text.MemManage_Handler)
    NMI_Handler                              0x08001c0f   Thumb Code     2  stm32f4xx_it.o(.text.NMI_Handler)
    OWFirst                                  0x08001d11   Thumb Code    40  io_wrapper.o(.text.OWFirst)
    OWNext                                   0x08001d39   Thumb Code     8  io_wrapper.o(.text.OWNext)
    OWSearch                                 0x08001d41   Thumb Code   492  io_wrapper.o(.text.OWSearch)
    PWM_SetValue                             0x08001f2d   Thumb Code    40  lcd_tim.o(.text.PWM_SetValue)
    PendSV_Handler                           0x08001f55   Thumb Code     2  stm32f4xx_it.o(.text.PendSV_Handler)
    SPI4W_Write_Byte                         0x08001f59   Thumb Code    40  lcd_spi.o(.text.SPI4W_Write_Byte)
    SPIinit                                  0x08001fb5   Thumb Code   152  lcd_spi.o(.text.SPIinit)
    SVC_Handler                              0x08002055   Thumb Code     2  stm32f4xx_it.o(.text.SVC_Handler)
    SysTick_Handler                          0x08002057   Thumb Code     4  stm32f4xx_it.o(.text.SysTick_Handler)
    SystemInit                               0x0800205d   Thumb Code    60  system_stm32f4xx.o(.text.SystemInit)
    TIM4_Init                                0x080020a9   Thumb Code   140  lcd_tim.o(.text.TIM4_Init)
    TIM_Base_SetConfig                       0x0800213d   Thumb Code   172  stm32f4xx_hal_tim.o(.text.TIM_Base_SetConfig)
    TIM_CCxChannelCmd                        0x08002211   Thumb Code    30  stm32f4xx_hal_tim.o(.text.TIM_CCxChannelCmd)
    TIM_OC2_SetConfig                        0x08002291   Thumb Code    92  stm32f4xx_hal_tim.o(.text.TIM_OC2_SetConfig)
    USART3_IRQHandler                        0x08002415   Thumb Code     8  usart_stm32f4xx.o(.text.USART3_IRQHandler)
    USART_IRQHandler                         0x08002a4d   Thumb Code   512  usart_stm32f4xx.o(.text.USART_IRQHandler)
    UsageFault_Handler                       0x08002dcd   Thumb Code     2  stm32f4xx_it.o(.text.UsageFault_Handler)
    check_CRC                                0x08002dd1   Thumb Code    76  io_wrapper.o(.text.check_CRC)
    get_pdrom                                0x08002e45   Thumb Code    48  io_wrapper.o(.text.get_pdrom)
    initITSboard                             0x08002e75   Thumb Code   308  init.o(.text.initITSboard)
    initTimer                                0x08002fb5   Thumb Code    40  timer.o(.text.initTimer)
    initZeitmessung                          0x08002fe5   Thumb Code    26  zeitmessung.o(.text.initZeitmessung)
    init_display                             0x08003001   Thumb Code    78  display_out.o(.text.init_display)
    init_mode                                0x08003051   Thumb Code   114  io.o(.text.init_mode)
    itoa                                     0x080030c3   Thumb Code   122  lcd_tools.o(.text.itoa)
    lcdGotoXY                                0x0800313d   Thumb Code    16  lcd.o(.text.lcdGotoXY)
    lcdPrintS                                0x0800314d   Thumb Code   168  lcd.o(.text.lcdPrintS)
    lcdPrintlnS                              0x080031f5   Thumb Code    32  lcd.o(.text.lcdPrintlnS)
    main                                     0x08003219   Thumb Code   336  main.o(.text.main)
    printDebugMsg                            0x08003369   Thumb Code   100  lcd_debug.o(.text.printDebugMsg)
    printError                               0x080033f5   Thumb Code   118  errorhandler.o(.text.printError)
    print_sensoren                           0x0800346d   Thumb Code   554  display_out.o(.text.print_sensoren)
    read_bit                                 0x08003699   Thumb Code   104  io.o(.text.read_bit)
    read_bytes                               0x08003701   Thumb Code   162  io.o(.text.read_bytes)
    read_temperature                         0x080037a9   Thumb Code   208  io_wrapper.o(.text.read_temperature)
    sleep                                    0x08003879   Thumb Code   152  zeitmessung.o(.text.sleep)
    stdinout_init                            0x08003911   Thumb Code    64  stdinout_usart.o(.text.stdinout_init)
    write_bit                                0x08003971   Thumb Code   128  io.o(.text.write_bit)
    write_byte                               0x080039f1   Thumb Code   118  io.o(.text.write_byte)
    write_bytes                              0x08003a69   Thumb Code   114  io.o(.text.write_bytes)
    write_reset                              0x08003ae1   Thumb Code   168  io.o(.text.write_reset)
    __0snprintf                              0x08003b89   Thumb Code    48  printfa.o(i.__0snprintf)
    __1snprintf                              0x08003b89   Thumb Code     0  printfa.o(i.__0snprintf)
    __2snprintf                              0x08003b89   Thumb Code     0  printfa.o(i.__0snprintf)
    __c89snprintf                            0x08003b89   Thumb Code     0  printfa.o(i.__0snprintf)
    snprintf                                 0x08003b89   Thumb Code     0  printfa.o(i.__0snprintf)
    __0sprintf                               0x08003bbd   Thumb Code    34  printfa.o(i.__0sprintf)
    __1sprintf                               0x08003bbd   Thumb Code     0  printfa.o(i.__0sprintf)
    __2sprintf                               0x08003bbd   Thumb Code     0  printfa.o(i.__0sprintf)
    __c89sprintf                             0x08003bbd   Thumb Code     0  printfa.o(i.__0sprintf)
    sprintf                                  0x08003bbd   Thumb Code     0  printfa.o(i.__0sprintf)
    __scatterload_copy                       0x08003be5   Thumb Code    14  handlers.o(i.__scatterload_copy)
    __scatterload_null                       0x08003bf3   Thumb Code     2  handlers.o(i.__scatterload_null)
    __scatterload_zeroinit                   0x08003bf5   Thumb Code    14  handlers.o(i.__scatterload_zeroinit)
    AHBPrescTable                            0x080044d6   Data          16  system_stm32f4xx.o(.rodata.AHBPrescTable)
    APBPrescTable                            0x080044e6   Data           8  system_stm32f4xx.o(.rodata.APBPrescTable)
    Driver_USART3                            0x080044f0   Data          56  usart_stm32f4xx.o(.rodata.Driver_USART3)
    initCmds                                 0x08004574   Data         103  lcd_driver.o(.rodata.initCmds)
    Region$$Table$$Base                      0x08004744   Number         0  anon$$obj.o(Region$$Table)
    Region$$Table$$Limit                     0x08004764   Number         0  anon$$obj.o(Region$$Table)
    uwTickFreq                               0x20000000   Data           1  stm32f4xx_hal.o(.data..L_MergedGlobals)
    uwTickPrio                               0x20000004   Data           4  stm32f4xx_hal.o(.data..L_MergedGlobals)
    Font16FLASH                              0x20000020   Data           8  fontsflash.o(.data.Font16FLASH)
    SystemCoreClock                          0x20000028   Data           4  system_stm32f4xx.o(.data.SystemCoreClock)
    EthHandle                                0x20000168   Data          72  stm32f4xx_it.o(.bss.EthHandle)
    anzahl_sensoren                          0x200001c4   Data           4  main.o(.bss.anzahl_sensoren)
    sensoren                                 0x20000360   Data          80  main.o(.bss.sensoren)
    uwTick                                   0x200003c0   Data           4  stm32f4xx_hal.o(.bss.uwTick)
    __initial_sp                             0x200007c8   Data           0  startup_stm32f429xx.o(STACK)



==============================================================================

Memory Map of the image

  Image Entry point : 0x080001ad

  Load Region LR_IROM1 (Base: 0x08000000, Size: 0x00004898, Max: 0x00200000, ABSOLUTE)

    Execution Region ER_IROM1 (Exec base: 0x08000000, Load base: 0x08000000, Size: 0x00004764, Max: 0x00200000, ABSOLUTE)

    Exec Addr    Load Addr    Size         Type   Attr      Idx    E Section Name        Object

    0x08000000   0x08000000   0x000001ac   Data   RO          113    RESET               startup_stm32f429xx.o
    0x080001ac   0x080001ac   0x00000000   Code   RO         1964  * .ARM.Collect$$$$00000000  mc_w.l(entry.o)
    0x080001ac   0x080001ac   0x00000004   Code   RO         2265    .ARM.Collect$$$$00000001  mc_w.l(entry2.o)
    0x080001b0   0x080001b0   0x00000004   Code   RO         2268    .ARM.Collect$$$$00000004  mc_w.l(entry5.o)
    0x080001b4   0x080001b4   0x00000000   Code   RO         2270    .ARM.Collect$$$$00000008  mc_w.l(entry7b.o)
    0x080001b4   0x080001b4   0x00000000   Code   RO         2272    .ARM.Collect$$$$0000000A  mc_w.l(entry8b.o)
    0x080001b4   0x080001b4   0x00000008   Code   RO         2273    .ARM.Collect$$$$0000000B  mc_w.l(entry9a.o)
    0x080001bc   0x080001bc   0x00000000   Code   RO         2275    .ARM.Collect$$$$0000000D  mc_w.l(entry10a.o)
    0x080001bc   0x080001bc   0x00000000   Code   RO         2277    .ARM.Collect$$$$0000000F  mc_w.l(entry11a.o)
    0x080001bc   0x080001bc   0x00000004   Code   RO         2266    .ARM.Collect$$$$00002712  mc_w.l(entry2.o)
    0x080001c0   0x080001c0   0x00000024   Code   RO          114    .text               startup_stm32f429xx.o
    0x080001e4   0x080001e4   0x00000062   Code   RO         1978    .text               mc_w.l(uldiv.o)
    0x08000246   0x08000246   0x00000062   Code   RO         1980    .text               mc_w.l(ldiv.o)
    0x080002a8   0x080002a8   0x00000024   Code   RO         1984    .text               mc_w.l(memseta.o)
    0x080002cc   0x080002cc   0x00000018   Code   RO         1986    .text               mc_w.l(strncpy.o)
    0x080002e4   0x080002e4   0x0000000e   Code   RO         1988    .text               mc_w.l(strlen.o)
    0x080002f2   0x080002f2   0x000000e4   Code   RO         2253    .text               mf_w.l(dmul.o)
    0x080003d6   0x080003d6   0x000000de   Code   RO         2255    .text               mf_w.l(ddiv.o)
    0x080004b4   0x080004b4   0x00000036   Code   RO         2257    .text               mf_w.l(dcmplt.o)
    0x080004ea   0x080004ea   0x00000022   Code   RO         2259    .text               mf_w.l(dflti.o)
    0x0800050c   0x0800050c   0x0000001a   Code   RO         2261    .text               mf_w.l(dfltui.o)
    0x08000526   0x08000526   0x0000002c   Code   RO         2288    .text               mc_w.l(uidiv.o)
    0x08000552   0x08000552   0x0000001e   Code   RO         2290    .text               mc_w.l(llshl.o)
    0x08000570   0x08000570   0x00000020   Code   RO         2292    .text               mc_w.l(llushr.o)
    0x08000590   0x08000590   0x00000000   Code   RO         2301    .text               mc_w.l(iusefp.o)
    0x08000590   0x08000590   0x000000ba   Code   RO         2302    .text               mf_w.l(depilogue.o)
    0x0800064a   0x0800064a   0x0000014e   Code   RO         2304    .text               mf_w.l(dadd.o)
    0x08000798   0x08000798   0x00000030   Code   RO         2308    .text               mf_w.l(dfixul.o)
    0x080007c8   0x080007c8   0x00000030   Code   RO         2310    .text               mf_w.l(cdrcmple.o)
    0x080007f8   0x080007f8   0x00000024   Code   RO         2312    .text               mc_w.l(init.o)
    0x0800081c   0x0800081c   0x00000024   Code   RO         2314    .text               mc_w.l(llsshr.o)
    0x08000840   0x08000840   0x00000002   Code   RO           90    .text.BusFault_Handler  stm32f4xx_it.o
    0x08000842   0x08000842   0x00000002   Code   RO           96    .text.DebugMon_Handler  stm32f4xx_it.o
    0x08000844   0x08000844   0x00000004   Code   RO         1641    .text.Driver_Delay_ms  lcd_tools.o
    0x08000848   0x08000848   0x0000000c   Code   RO          102    .text.ETH_IRQHandler  stm32f4xx_it.o
    0x08000854   0x08000854   0x000001b0   Code   RO         1934    .text.Enable_GPIO_Clock  usart_stm32f4xx.o
    0x08000a04   0x08000a04   0x00000068   Code   RO         1761    .text.Error_Handler  error.o
    0x08000a6c   0x08000a6c   0x0000011c   Code   RO         1612    .text.GPIO_Init     lcd_gpio.o
    0x08000b88   0x08000b88   0x0000006c   Code   RO         1523    .text.GUI_disChar   lcd_gui.o
    0x08000bf4   0x08000bf4   0x00000050   Code   RO         1527    .text.GUI_disNum    lcd_gui.o
    0x08000c44   0x08000c44   0x000000a8   Code   RO         1525    .text.GUI_disStr    lcd_gui.o
    0x08000cec   0x08000cec   0x000000d8   Code   RO         1521    .text.GUI_drawRectangle  lcd_gui.o
    0x08000dc4   0x08000dc4   0x00000012   Code   RO         1515    .text.GUI_init      lcd_gui.o
    0x08000dd6   0x08000dd6   0x00000002   PAD
    0x08000dd8   0x08000dd8   0x00000020   Code   RO          141    .text.HAL_Delay     stm32f4xx_hal.o
    0x08000df8   0x08000df8   0x00000002   Code   RO          317    .text.HAL_ETH_ErrorCallback  stm32f4xx_hal_eth.o
    0x08000dfa   0x08000dfa   0x0000006a   Code   RO          311    .text.HAL_ETH_IRQHandler  stm32f4xx_hal_eth.o
    0x08000e64   0x08000e64   0x00000002   Code   RO          313    .text.HAL_ETH_RxCpltCallback  stm32f4xx_hal_eth.o
    0x08000e66   0x08000e66   0x00000002   Code   RO          315    .text.HAL_ETH_TxCpltCallback  stm32f4xx_hal_eth.o
    0x08000e68   0x08000e68   0x000000d4   Code   RO          361    .text.HAL_GPIO_DeInit  stm32f4xx_hal_gpio.o
    0x08000f3c   0x08000f3c   0x00000198   Code   RO          359    .text.HAL_GPIO_Init  stm32f4xx_hal_gpio.o
    0x080010d4   0x080010d4   0x0000000e   Code   RO          367    .text.HAL_GPIO_TogglePin  stm32f4xx_hal_gpio.o
    0x080010e2   0x080010e2   0x0000000a   Code   RO          365    .text.HAL_GPIO_WritePin  stm32f4xx_hal_gpio.o
    0x080010ec   0x080010ec   0x00000008   Code   RO          133    .text.HAL_GetTick   stm32f4xx_hal.o
    0x080010f4   0x080010f4   0x00000014   Code   RO          131    .text.HAL_IncTick   stm32f4xx_hal.o
    0x08001108   0x08001108   0x0000002c   Code   RO          121    .text.HAL_Init      stm32f4xx_hal.o
    0x08001134   0x08001134   0x0000003c   Code   RO          123    .text.HAL_InitTick  stm32f4xx_hal.o
    0x08001170   0x08001170   0x00000002   Code   RO          125    .text.HAL_MspInit   stm32f4xx_hal.o
    0x08001172   0x08001172   0x00000002   PAD
    0x08001174   0x08001174   0x00000028   Code   RO          199    .text.HAL_NVIC_DisableIRQ  stm32f4xx_hal_cortex.o
    0x0800119c   0x0800119c   0x0000004c   Code   RO          195    .text.HAL_NVIC_SetPriority  stm32f4xx_hal_cortex.o
    0x080011e8   0x080011e8   0x00000020   Code   RO          193    .text.HAL_NVIC_SetPriorityGrouping  stm32f4xx_hal_cortex.o
    0x08001208   0x08001208   0x00000068   Code   RO          437    .text.HAL_PWREx_EnableOverDrive  stm32f4xx_hal_pwr_ex.o
    0x08001270   0x08001270   0x00000114   Code   RO          457    .text.HAL_RCC_ClockConfig  stm32f4xx_hal_rcc.o
    0x08001384   0x08001384   0x00000020   Code   RO          469    .text.HAL_RCC_GetPCLK1Freq  stm32f4xx_hal_rcc.o
    0x080013a4   0x080013a4   0x0000005c   Code   RO          459    .text.HAL_RCC_GetSysClockFreq  stm32f4xx_hal_rcc.o
    0x08001400   0x08001400   0x00000318   Code   RO          455    .text.HAL_RCC_OscConfig  stm32f4xx_hal_rcc.o
    0x08001718   0x08001718   0x00000028   Code   RO          205    .text.HAL_SYSTICK_Config  stm32f4xx_hal_cortex.o
    0x08001740   0x08001740   0x00000080   Code   RO         1111    .text.HAL_TIMEx_MasterConfigSynchronization  stm32f4xx_hal_tim_ex.o
    0x080017c0   0x080017c0   0x00000094   Code   RO          853    .text.HAL_TIM_PWM_ConfigChannel  stm32f4xx_hal_tim.o
    0x08001854   0x08001854   0x00000020   Code   RO          745    .text.HAL_TIM_PWM_Init  stm32f4xx_hal_tim.o
    0x08001874   0x08001874   0x00000030   Code   RO         1625    .text.HAL_TIM_PWM_MspInit  lcd_tim.o
    0x080018a4   0x080018a4   0x0000002c   Code   RO          753    .text.HAL_TIM_PWM_Start  stm32f4xx_hal_tim.o
    0x080018d0   0x080018d0   0x00000002   Code   RO           86    .text.HardFault_Handler  stm32f4xx_it.o
    0x080018d2   0x080018d2   0x00000002   PAD
    0x080018d4   0x080018d4   0x00000070   Code   RO         1645    .text.LCDErrHandler  lcd_tools.o
    0x08001944   0x08001944   0x00000034   Code   RO         1488    .text.LCD_WriteCMD  lcd_driver.o
    0x08001978   0x08001978   0x00000006   Code   RO         1498    .text.LCD_WriteParam  lcd_driver.o
    0x0800197e   0x0800197e   0x00000002   PAD
    0x08001980   0x08001980   0x0000004c   Code   RO         1494    .text.LCD_WriteParameters  lcd_driver.o
    0x080019cc   0x080019cc   0x00000010   Code   RO         1500    .text.LCD_clear     lcd_driver.o
    0x080019dc   0x080019dc   0x000000bc   Code   RO         1496    .text.LCD_fillRectangleBW  lcd_driver.o
    0x08001a98   0x08001a98   0x00000062   Code   RO         1490    .text.LCD_fillRectangleMC  lcd_driver.o
    0x08001afa   0x08001afa   0x00000002   PAD
    0x08001afc   0x08001afc   0x000000c8   Code   RO         1486    .text.LCD_init      lcd_driver.o
    0x08001bc4   0x08001bc4   0x00000048   Code   RO         1492    .text.LCD_setWindow  lcd_driver.o
    0x08001c0c   0x08001c0c   0x00000002   Code   RO           88    .text.MemManage_Handler  stm32f4xx_it.o
    0x08001c0e   0x08001c0e   0x00000002   Code   RO           84    .text.NMI_Handler   stm32f4xx_it.o
    0x08001c10   0x08001c10   0x00000008   Code   RO          443    .text.OUTLINED_FUNCTION_0  stm32f4xx_hal_pwr_ex.o
    0x08001c18   0x08001c18   0x0000000c   Code   RO          481    .text.OUTLINED_FUNCTION_0  stm32f4xx_hal_rcc.o
    0x08001c24   0x08001c24   0x0000000a   Code   RO         1614    .text.OUTLINED_FUNCTION_0  lcd_gpio.o
    0x08001c2e   0x08001c2e   0x0000000e   Code   RO         1714    .text.OUTLINED_FUNCTION_0  lcd_debug.o
    0x08001c3c   0x08001c3c   0x0000000c   Code   RO         1774    .text.OUTLINED_FUNCTION_0  init.o
    0x08001c48   0x08001c48   0x00000012   Code   RO         1822    .text.OUTLINED_FUNCTION_0  lcd.o
    0x08001c5a   0x08001c5a   0x0000000e   Code   RO         1944    .text.OUTLINED_FUNCTION_0  usart_stm32f4xx.o
    0x08001c68   0x08001c68   0x0000000e   Code   RO          233    .text.OUTLINED_FUNCTION_1  stm32f4xx_hal_cortex.o
    0x08001c76   0x08001c76   0x0000000c   Code   RO         1776    .text.OUTLINED_FUNCTION_1  init.o
    0x08001c82   0x08001c82   0x0000000a   Code   RO         1824    .text.OUTLINED_FUNCTION_1  lcd.o
    0x08001c8c   0x08001c8c   0x00000006   Code   RO          933    .text.OUTLINED_FUNCTION_10  stm32f4xx_hal_tim.o
    0x08001c92   0x08001c92   0x00000008   Code   RO          935    .text.OUTLINED_FUNCTION_11  stm32f4xx_hal_tim.o
    0x08001c9a   0x08001c9a   0x0000000a   Code   RO          941    .text.OUTLINED_FUNCTION_14  stm32f4xx_hal_tim.o
    0x08001ca4   0x08001ca4   0x0000000a   Code   RO          485    .text.OUTLINED_FUNCTION_2  stm32f4xx_hal_rcc.o
    0x08001cae   0x08001cae   0x0000000a   Code   RO          955    .text.OUTLINED_FUNCTION_21  stm32f4xx_hal_tim.o
    0x08001cb8   0x08001cb8   0x0000000e   Code   RO          971    .text.OUTLINED_FUNCTION_29  stm32f4xx_hal_tim.o
    0x08001cc6   0x08001cc6   0x00000014   Code   RO          981    .text.OUTLINED_FUNCTION_34  stm32f4xx_hal_tim.o
    0x08001cda   0x08001cda   0x0000000a   Code   RO          997    .text.OUTLINED_FUNCTION_42  stm32f4xx_hal_tim.o
    0x08001ce4   0x08001ce4   0x00000008   Code   RO          923    .text.OUTLINED_FUNCTION_5  stm32f4xx_hal_tim.o
    0x08001cec   0x08001cec   0x0000000e   Code   RO          927    .text.OUTLINED_FUNCTION_7  stm32f4xx_hal_tim.o
    0x08001cfa   0x08001cfa   0x0000000a   Code   RO          929    .text.OUTLINED_FUNCTION_8  stm32f4xx_hal_tim.o
    0x08001d04   0x08001d04   0x0000000a   Code   RO          931    .text.OUTLINED_FUNCTION_9  stm32f4xx_hal_tim.o
    0x08001d0e   0x08001d0e   0x00000002   PAD
    0x08001d10   0x08001d10   0x00000028   Code   RO         1214    .text.OWFirst       io_wrapper.o
    0x08001d38   0x08001d38   0x00000008   Code   RO         1216    .text.OWNext        io_wrapper.o
    0x08001d40   0x08001d40   0x000001ec   Code   RO         1220    .text.OWSearch      io_wrapper.o
    0x08001f2c   0x08001f2c   0x00000028   Code   RO         1629    .text.PWM_SetValue  lcd_tim.o
    0x08001f54   0x08001f54   0x00000002   Code   RO           98    .text.PendSV_Handler  stm32f4xx_it.o
    0x08001f56   0x08001f56   0x00000002   PAD
    0x08001f58   0x08001f58   0x0000002c   Code   RO         1597    .text.SPI4W_Write_Byte  lcd_spi.o
    0x08001f84   0x08001f84   0x00000030   Code   RO         1591    .text.SPIInitDevWithoutHAL  lcd_spi.o
    0x08001fb4   0x08001fb4   0x000000a0   Code   RO         1589    .text.SPIinit       lcd_spi.o
    0x08002054   0x08002054   0x00000002   Code   RO           94    .text.SVC_Handler   stm32f4xx_it.o
    0x08002056   0x08002056   0x00000004   Code   RO          100    .text.SysTick_Handler  stm32f4xx_it.o
    0x0800205a   0x0800205a   0x00000002   PAD
    0x0800205c   0x0800205c   0x0000004c   Code   RO           69    .text.SystemInit    system_stm32f4xx.o
    0x080020a8   0x080020a8   0x00000094   Code   RO         1623    .text.TIM4_Init     lcd_tim.o
    0x0800213c   0x0800213c   0x000000d4   Code   RO          695    .text.TIM_Base_SetConfig  stm32f4xx_hal_tim.o
    0x08002210   0x08002210   0x0000001e   Code   RO          729    .text.TIM_CCxChannelCmd  stm32f4xx_hal_tim.o
    0x0800222e   0x0800222e   0x00000002   PAD
    0x08002230   0x08002230   0x00000060   Code   RO          839    .text.TIM_OC1_SetConfig  stm32f4xx_hal_tim.o
    0x08002290   0x08002290   0x0000005c   Code   RO          841    .text.TIM_OC2_SetConfig  stm32f4xx_hal_tim.o
    0x080022ec   0x080022ec   0x0000005c   Code   RO          843    .text.TIM_OC3_SetConfig  stm32f4xx_hal_tim.o
    0x08002348   0x08002348   0x0000004c   Code   RO          845    .text.TIM_OC4_SetConfig  stm32f4xx_hal_tim.o
    0x08002394   0x08002394   0x00000004   Code   RO         1926    .text.USART3_Control  usart_stm32f4xx.o
    0x08002398   0x08002398   0x00000006   Code   RO         1908    .text.USART3_GetCapabilities  usart_stm32f4xx.o
    0x0800239e   0x0800239e   0x00000004   Code   RO         1932    .text.USART3_GetModemStatus  usart_stm32f4xx.o
    0x080023a2   0x080023a2   0x00000002   PAD
    0x080023a4   0x080023a4   0x00000008   Code   RO         1924    .text.USART3_GetRxCount  usart_stm32f4xx.o
    0x080023ac   0x080023ac   0x00000060   Code   RO         1928    .text.USART3_GetStatus  usart_stm32f4xx.o
    0x0800240c   0x0800240c   0x00000008   Code   RO         1922    .text.USART3_GetTxCount  usart_stm32f4xx.o
    0x08002414   0x08002414   0x0000000c   Code   RO         1904    .text.USART3_IRQHandler  usart_stm32f4xx.o
    0x08002420   0x08002420   0x00000038   Code   RO         1910    .text.USART3_Initialize  usart_stm32f4xx.o
    0x08002458   0x08002458   0x00000004   Code   RO         1914    .text.USART3_PowerControl  usart_stm32f4xx.o
    0x0800245c   0x0800245c   0x00000004   Code   RO         1918    .text.USART3_Receive  usart_stm32f4xx.o
    0x08002460   0x08002460   0x00000004   Code   RO         1916    .text.USART3_Send   usart_stm32f4xx.o
    0x08002464   0x08002464   0x00000034   Code   RO         1930    .text.USART3_SetModemControl  usart_stm32f4xx.o
    0x08002498   0x08002498   0x00000040   Code   RO         1920    .text.USART3_Transfer  usart_stm32f4xx.o
    0x080024d8   0x080024d8   0x00000038   Code   RO         1912    .text.USART3_Uninitialize  usart_stm32f4xx.o
    0x08002510   0x08002510   0x0000053c   Code   RO         1942    .text.USART_Control  usart_stm32f4xx.o
    0x08002a4c   0x08002a4c   0x00000200   Code   RO         1902    .text.USART_IRQHandler  usart_stm32f4xx.o
    0x08002c4c   0x08002c4c   0x000000b8   Code   RO         1936    .text.USART_PowerControl  usart_stm32f4xx.o
    0x08002d04   0x08002d04   0x00000068   Code   RO         1940    .text.USART_Receive  usart_stm32f4xx.o
    0x08002d6c   0x08002d6c   0x00000058   Code   RO         1938    .text.USART_Send    usart_stm32f4xx.o
    0x08002dc4   0x08002dc4   0x00000008   Code   RO         1906    .text.USARTx_GetVersion  usart_stm32f4xx.o
    0x08002dcc   0x08002dcc   0x00000002   Code   RO           92    .text.UsageFault_Handler  stm32f4xx_it.o
    0x08002dce   0x08002dce   0x00000002   PAD
    0x08002dd0   0x08002dd0   0x0000004c   Code   RO         1210    .text.check_CRC     io_wrapper.o
    0x08002e1c   0x08002e1c   0x00000028   Code   RO         1599    .text.check_SPI_SR  lcd_spi.o
    0x08002e44   0x08002e44   0x00000030   Code   RO         1218    .text.get_pdrom     io_wrapper.o
    0x08002e74   0x08002e74   0x00000140   Code   RO         1770    .text.initITSboard  init.o
    0x08002fb4   0x08002fb4   0x00000030   Code   RO         1894    .text.initTimer     timer.o
    0x08002fe4   0x08002fe4   0x0000001a   Code   RO         1195    .text.initZeitmessung  zeitmessung.o
    0x08002ffe   0x08002ffe   0x00000002   PAD
    0x08003000   0x08003000   0x0000004e   Code   RO         1260    .text.init_display  display_out.o
    0x0800304e   0x0800304e   0x00000002   PAD
    0x08003050   0x08003050   0x00000072   Code   RO         1237    .text.init_mode     io.o
    0x080030c2   0x080030c2   0x0000007a   Code   RO         1647    .text.itoa          lcd_tools.o
    0x0800313c   0x0800313c   0x00000010   Code   RO         1820    .text.lcdGotoXY     lcd.o
    0x0800314c   0x0800314c   0x000000a8   Code   RO         1806    .text.lcdPrintS     lcd.o
    0x080031f4   0x080031f4   0x00000024   Code   RO         1814    .text.lcdPrintlnS   lcd.o
    0x08003218   0x08003218   0x00000150   Code   RO         1183    .text.main          main.o
    0x08003368   0x08003368   0x0000008c   Code   RO         1712    .text.printDebugMsg  lcd_debug.o
    0x080033f4   0x080033f4   0x00000076   Code   RO         1275    .text.printError    errorhandler.o
    0x0800346a   0x0800346a   0x00000002   PAD
    0x0800346c   0x0800346c   0x0000022a   Code   RO         1262    .text.print_sensoren  display_out.o
    0x08003696   0x08003696   0x00000002   PAD
    0x08003698   0x08003698   0x00000068   Code   RO         1243    .text.read_bit      io.o
    0x08003700   0x08003700   0x000000a2   Code   RO         1249    .text.read_bytes    io.o
    0x080037a2   0x080037a2   0x00000006   PAD
    0x080037a8   0x080037a8   0x000000d0   Code   RO         1212    .text.read_temperature  io_wrapper.o
    0x08003878   0x08003878   0x00000098   Code   RO         1199    .text.sleep         zeitmessung.o
    0x08003910   0x08003910   0x00000044   Code   RO         1856    .text.stdinout_init  stdinout_usart.o
    0x08003954   0x08003954   0x00000016   Code   RO         1808    .text.stringCopy    lcd.o
    0x0800396a   0x0800396a   0x00000006   PAD
    0x08003970   0x08003970   0x00000080   Code   RO         1239    .text.write_bit     io.o
    0x080039f0   0x080039f0   0x00000076   Code   RO         1245    .text.write_byte    io.o
    0x08003a66   0x08003a66   0x00000002   PAD
    0x08003a68   0x08003a68   0x00000072   Code   RO         1247    .text.write_bytes   io.o
    0x08003ada   0x08003ada   0x00000006   PAD
    0x08003ae0   0x08003ae0   0x000000a8   Code   RO         1241    .text.write_reset   io.o
    0x08003b88   0x08003b88   0x00000034   Code   RO         2226    i.__0snprintf       mc_w.l(printfa.o)
    0x08003bbc   0x08003bbc   0x00000028   Code   RO         2227    i.__0sprintf        mc_w.l(printfa.o)
    0x08003be4   0x08003be4   0x0000000e   Code   RO         2318    i.__scatterload_copy  mc_w.l(handlers.o)
    0x08003bf2   0x08003bf2   0x00000002   Code   RO         2319    i.__scatterload_null  mc_w.l(handlers.o)
    0x08003bf4   0x08003bf4   0x0000000e   Code   RO         2320    i.__scatterload_zeroinit  mc_w.l(handlers.o)
    0x08003c02   0x08003c02   0x00000002   PAD
    0x08003c04   0x08003c04   0x00000184   Code   RO         2232    i._fp_digits        mc_w.l(printfa.o)
    0x08003d88   0x08003d88   0x000006dc   Code   RO         2233    i._printf_core      mc_w.l(printfa.o)
    0x08004464   0x08004464   0x00000024   Code   RO         2234    i._printf_post_padding  mc_w.l(printfa.o)
    0x08004488   0x08004488   0x0000002e   Code   RO         2235    i._printf_pre_padding  mc_w.l(printfa.o)
    0x080044b6   0x080044b6   0x00000016   Code   RO         2236    i._snputc           mc_w.l(printfa.o)
    0x080044cc   0x080044cc   0x0000000a   Code   RO         2237    i._sputc            mc_w.l(printfa.o)
    0x080044d6   0x080044d6   0x00000010   Data   RO           74    .rodata.AHBPrescTable  system_stm32f4xx.o
    0x080044e6   0x080044e6   0x00000008   Data   RO           75    .rodata.APBPrescTable  system_stm32f4xx.o
    0x080044ee   0x080044ee   0x00000002   PAD
    0x080044f0   0x080044f0   0x00000038   Data   RO         1946    .rodata.Driver_USART3  usart_stm32f4xx.o
    0x08004528   0x08004528   0x00000034   Data   RO         1949    .rodata.USART3_Resources  usart_stm32f4xx.o
    0x0800455c   0x0800455c   0x0000000c   Data   RO         1948    .rodata.USART3_rx   usart_stm32f4xx.o
    0x08004568   0x08004568   0x0000000c   Data   RO         1947    .rodata.USART3_tx   usart_stm32f4xx.o
    0x08004574   0x08004574   0x00000067   Data   RO         1506    .rodata.initCmds    lcd_driver.o
    0x080045db   0x080045db   0x00000024   Data   RO         1187    .rodata.str1.1      main.o
    0x080045ff   0x080045ff   0x0000001c   Data   RO         1224    .rodata.str1.1      io_wrapper.o
    0x0800461b   0x0800461b   0x0000004c   Data   RO         1252    .rodata.str1.1      io.o
    0x08004667   0x08004667   0x00000050   Data   RO         1264    .rodata.str1.1      display_out.o
    0x080046b7   0x080046b7   0x0000001e   Data   RO         1278    .rodata.str1.1      errorhandler.o
    0x080046d5   0x080046d5   0x00000025   Data   RO         1543    .rodata.str1.1      lcd_gui.o
    0x080046fa   0x080046fa   0x00000025   Data   RO         1603    .rodata.str1.1      lcd_spi.o
    0x0800471f   0x0800471f   0x00000025   Data   RO         1632    .rodata.str1.1      lcd_tim.o
    0x08004744   0x08004744   0x00000020   Data   RO         2317    Region$$Table       anon$$obj.o


    Execution Region RW_IRAM1 (Exec base: 0x20000000, Load base: 0x08004768, Size: 0x000007c8, Max: 0x00030000, ABSOLUTE)

    Exec Addr    Load Addr    Size         Type   Attr      Idx    E Section Name        Object

    0x20000000   0x08004768   0x00000008   Data   RW          184    .data..L_MergedGlobals  stm32f4xx_hal.o
    0x20000008   0x08004770   0x00000018   Data   RW         1827    .data..L_MergedGlobals  lcd.o
    0x20000020   0x08004788   0x00000008   Data   RW         1457    .data.Font16FLASH   fontsflash.o
    0x20000028   0x08004790   0x00000004   Data   RW           73    .data.SystemCoreClock  system_stm32f4xx.o
    0x2000002c   0x08004794   0x00000100   Data   RW         1222    .data.dscrc_table   io_wrapper.o
    0x2000012c   0x08004894   0x00000004   PAD
    0x20000130        -       0x00000038   Zero   RW         1950    .bss..L_MergedGlobals  usart_stm32f4xx.o
    0x20000168        -       0x00000048   Zero   RW          104    .bss.EthHandle      stm32f4xx_it.o
    0x200001b0        -       0x00000004   Zero   RW         1226    .bss.LastDeviceFlag  io_wrapper.o
    0x200001b4        -       0x00000004   Zero   RW         1225    .bss.LastDiscrepancy  io_wrapper.o
    0x200001b8        -       0x00000004   Zero   RW         1227    .bss.LastFamilyDiscrepancy  io_wrapper.o
    0x200001bc        -       0x00000008   Zero   RW         1228    .bss.ROM_NO         io_wrapper.o
    0x200001c4        -       0x00000004   Zero   RW         1185    .bss.anzahl_sensoren  main.o
    0x200001c8        -       0x00000100   Zero   RW         1277    .bss.buf            errorhandler.o
    0x200002c8        -       0x0000001e   Zero   RW         1266    .bss.buffer         display_out.o
    0x200002e6        -       0x00000001   Zero   RW         1229    .bss.crc8           io_wrapper.o
    0x200002e7   0x08004894   0x00000001   PAD
    0x200002e8        -       0x00000040   Zero   RW         1631    .bss.htim4          lcd_tim.o
    0x20000328        -       0x00000004   Zero   RW         1267    .bss.last_anzahl    display_out.o
    0x2000032c   0x08004894   0x00000004   PAD
    0x20000330        -       0x00000028   Zero   RW         1265    .bss.lastpdroms     display_out.o
    0x20000358        -       0x00000004   Zero   RW         1251    .bss.mode           io.o
    0x2000035c   0x08004894   0x00000004   PAD
    0x20000360        -       0x00000050   Zero   RW         1186    .bss.sensoren       main.o
    0x200003b0        -       0x00000004   Zero   RW         1201    .bss.t1             zeitmessung.o
    0x200003b4        -       0x00000009   Zero   RW         1223    .bss.temperatur_bytes  io_wrapper.o
    0x200003bd   0x08004894   0x00000003   PAD
    0x200003c0        -       0x00000004   Zero   RW          183    .bss.uwTick         stm32f4xx_hal.o
    0x200003c4   0x08004894   0x00000004   PAD
    0x200003c8        -       0x00000400   Zero   RW          111    STACK               startup_stm32f429xx.o


==============================================================================

Image component sizes


      Code (inc. data)   RO Data    RW Data    ZI Data      Debug   Object Name

       632          0         80          0         74       1716   display_out.o
       104          0          0          0          0       2186   error.o
       118          0         30          0        256        764   errorhandler.o
         0          0          0          8          0       1709   fontsflash.o
       344         12          0          0          0       3705   init.o
       908         80         76          0          4       2575   io.o
       872         16         28        256         30       2496   io_wrapper.o
       270          4          0         24          0       4321   lcd.o
       154         40          0          0          0       1270   lcd_debug.o
       708         28        103          0          0       5532   lcd_driver.o
       294         16          0          0          0       2617   lcd_gpio.o
       590          8         37          0          0      10552   lcd_gui.o
       292         24         37          0          0       3525   lcd_spi.o
       236         16         37          0         64       5915   lcd_tim.o
       238          8          0          0          0       3373   lcd_tools.o
       336          8         36          0         84       1104   main.o
        36          8        428          0       1024        916   startup_stm32f429xx.o
        68          4          0          0          0       1434   stdinout_usart.o
       166         12          0          8          4       7956   stm32f4xx_hal.o
       202         24          0          0          0      10628   stm32f4xx_hal_cortex.o
       112          0          0          0          0      16785   stm32f4xx_hal_eth.o
       644         24          0          0          0       5220   stm32f4xx_hal_gpio.o
       112         12          0          0          0       4611   stm32f4xx_hal_pwr_ex.o
      1214         48          0          0          0       7777   stm32f4xx_hal_rcc.o
       942         52          0          0          0      42402   stm32f4xx_hal_tim.o
       128         20          0          0          0      16654   stm32f4xx_hal_tim_ex.o
        32          4          0          0         72       4799   stm32f4xx_it.o
        76         16         24          4          0       2802   system_stm32f4xx.o
        48          8          0          0          0       1865   timer.o
      3060        172        132          0         56      19451   usart_stm32f4xx.o
       178          8          0          0          4       1660   zeitmessung.o

    ----------------------------------------------------------------------
     13164        672       1082        300       1692     198320   Object Totals
         0          0         32          0          0          0   (incl. Generated)
        50          0          2          0         20          0   (incl. Padding)

    ----------------------------------------------------------------------

      Code (inc. data)   RO Data    RW Data    ZI Data      Debug   Library Member Name

         0          0          0          0          0          0   entry.o
         0          0          0          0          0          0   entry10a.o
         0          0          0          0          0          0   entry11a.o
         8          4          0          0          0          0   entry2.o
         4          0          0          0          0          0   entry5.o
         0          0          0          0          0          0   entry7b.o
         0          0          0          0          0          0   entry8b.o
         8          4          0          0          0          0   entry9a.o
        30          0          0          0          0          0   handlers.o
        36          8          0          0          0         68   init.o
         0          0          0          0          0          0   iusefp.o
        98          0          0          0          0         84   ldiv.o
        30          0          0          0          0         68   llshl.o
        36          0          0          0          0         68   llsshr.o
        32          0          0          0          0         68   llushr.o
        36          0          0          0          0        108   memseta.o
      2350         90          0          0          0        676   printfa.o
        14          0          0          0          0         68   strlen.o
        24          0          0          0          0         76   strncpy.o
        44          0          0          0          0         80   uidiv.o
        98          0          0          0          0         92   uldiv.o
        48          0          0          0          0         68   cdrcmple.o
       334          0          0          0          0        148   dadd.o
        54          0          0          0          0         80   dcmplt.o
       222          0          0          0          0        100   ddiv.o
       186          0          0          0          0        176   depilogue.o
        48          0          0          0          0         68   dfixul.o
        34          0          0          0          0         76   dflti.o
        26          0          0          0          0         76   dfltui.o
       228          0          0          0          0         96   dmul.o

    ----------------------------------------------------------------------
      4030        106          0          0          0       2344   Library Totals
         2          0          0          0          0          0   (incl. Padding)

    ----------------------------------------------------------------------

      Code (inc. data)   RO Data    RW Data    ZI Data      Debug   Library Name

      2848        106          0          0          0       1456   mc_w.l
      1180          0          0          0          0        888   mf_w.l

    ----------------------------------------------------------------------
      4030        106          0          0          0       2344   Library Totals

    ----------------------------------------------------------------------

==============================================================================


      Code (inc. data)   RO Data    RW Data    ZI Data      Debug   

     17194        778       1082        300       1692     199060   Grand Totals
     17194        778       1082        300       1692     199060   ELF Image Totals
     17194        778       1082        300          0          0   ROM Totals

==============================================================================

    Total RO  Size (Code + RO Data)                18276 (  17.85kB)
    Total RW  Size (RW Data + ZI Data)              1992 (   1.95kB)
    Total ROM Size (Code + RO Data + RW Data)      18576 (  18.14kB)

==============================================================================

